Archive member included to satisfy reference by file (symbol)

c:/st/stm32cubeide_1.5.1/stm32cubeide/plugins/com.st.stm32cube.ide.mcu.externaltools.gnu-tools-for-stm32.7-2018-q2-update.win32_1.5.0.202011040924/tools/bin/../lib/gcc/arm-none-eabi/7.3.1/../../../../arm-none-eabi/lib/thumb/v7e-m/fpv4-sp/hard\libc_nano.a(lib_a-errno.o)
                              Core/Src/syscalls.o (__errno)
c:/st/stm32cubeide_1.5.1/stm32cubeide/plugins/com.st.stm32cube.ide.mcu.externaltools.gnu-tools-for-stm32.7-2018-q2-update.win32_1.5.0.202011040924/tools/bin/../lib/gcc/arm-none-eabi/7.3.1/../../../../arm-none-eabi/lib/thumb/v7e-m/fpv4-sp/hard\libc_nano.a(lib_a-exit.o)
                              c:/st/stm32cubeide_1.5.1/stm32cubeide/plugins/com.st.stm32cube.ide.mcu.externaltools.gnu-tools-for-stm32.7-2018-q2-update.win32_1.5.0.202011040924/tools/bin/../lib/gcc/arm-none-eabi/7.3.1/../../../../arm-none-eabi/lib/thumb/v7e-m/fpv4-sp/hard/crt0.o (exit)
c:/st/stm32cubeide_1.5.1/stm32cubeide/plugins/com.st.stm32cube.ide.mcu.externaltools.gnu-tools-for-stm32.7-2018-q2-update.win32_1.5.0.202011040924/tools/bin/../lib/gcc/arm-none-eabi/7.3.1/../../../../arm-none-eabi/lib/thumb/v7e-m/fpv4-sp/hard\libc_nano.a(lib_a-impure.o)
                              c:/st/stm32cubeide_1.5.1/stm32cubeide/plugins/com.st.stm32cube.ide.mcu.externaltools.gnu-tools-for-stm32.7-2018-q2-update.win32_1.5.0.202011040924/tools/bin/../lib/gcc/arm-none-eabi/7.3.1/../../../../arm-none-eabi/lib/thumb/v7e-m/fpv4-sp/hard\libc_nano.a(lib_a-exit.o) (_global_impure_ptr)
c:/st/stm32cubeide_1.5.1/stm32cubeide/plugins/com.st.stm32cube.ide.mcu.externaltools.gnu-tools-for-stm32.7-2018-q2-update.win32_1.5.0.202011040924/tools/bin/../lib/gcc/arm-none-eabi/7.3.1/../../../../arm-none-eabi/lib/thumb/v7e-m/fpv4-sp/hard\libc_nano.a(lib_a-init.o)
                              c:/st/stm32cubeide_1.5.1/stm32cubeide/plugins/com.st.stm32cube.ide.mcu.externaltools.gnu-tools-for-stm32.7-2018-q2-update.win32_1.5.0.202011040924/tools/bin/../lib/gcc/arm-none-eabi/7.3.1/../../../../arm-none-eabi/lib/thumb/v7e-m/fpv4-sp/hard/crt0.o (__libc_init_array)
c:/st/stm32cubeide_1.5.1/stm32cubeide/plugins/com.st.stm32cube.ide.mcu.externaltools.gnu-tools-for-stm32.7-2018-q2-update.win32_1.5.0.202011040924/tools/bin/../lib/gcc/arm-none-eabi/7.3.1/../../../../arm-none-eabi/lib/thumb/v7e-m/fpv4-sp/hard\libc_nano.a(lib_a-memcpy-stub.o)
                              Core/Src/DPC_Loopctrl.o (memcpy)
c:/st/stm32cubeide_1.5.1/stm32cubeide/plugins/com.st.stm32cube.ide.mcu.externaltools.gnu-tools-for-stm32.7-2018-q2-update.win32_1.5.0.202011040924/tools/bin/../lib/gcc/arm-none-eabi/7.3.1/../../../../arm-none-eabi/lib/thumb/v7e-m/fpv4-sp/hard\libc_nano.a(lib_a-memset.o)
                              c:/st/stm32cubeide_1.5.1/stm32cubeide/plugins/com.st.stm32cube.ide.mcu.externaltools.gnu-tools-for-stm32.7-2018-q2-update.win32_1.5.0.202011040924/tools/bin/../lib/gcc/arm-none-eabi/7.3.1/../../../../arm-none-eabi/lib/thumb/v7e-m/fpv4-sp/hard/crt0.o (memset)
c:/st/stm32cubeide_1.5.1/stm32cubeide/plugins/com.st.stm32cube.ide.mcu.externaltools.gnu-tools-for-stm32.7-2018-q2-update.win32_1.5.0.202011040924/tools/bin/../lib/gcc/arm-none-eabi/7.3.1/../../../../arm-none-eabi/lib/thumb/v7e-m/fpv4-sp/hard\libc_nano.a(lib_a-sprintf.o)
                              Core/Src/DPC_Telemetry.o (sprintf)
c:/st/stm32cubeide_1.5.1/stm32cubeide/plugins/com.st.stm32cube.ide.mcu.externaltools.gnu-tools-for-stm32.7-2018-q2-update.win32_1.5.0.202011040924/tools/bin/../lib/gcc/arm-none-eabi/7.3.1/../../../../arm-none-eabi/lib/thumb/v7e-m/fpv4-sp/hard\libc_nano.a(lib_a-nano-svfprintf.o)
                              c:/st/stm32cubeide_1.5.1/stm32cubeide/plugins/com.st.stm32cube.ide.mcu.externaltools.gnu-tools-for-stm32.7-2018-q2-update.win32_1.5.0.202011040924/tools/bin/../lib/gcc/arm-none-eabi/7.3.1/../../../../arm-none-eabi/lib/thumb/v7e-m/fpv4-sp/hard\libc_nano.a(lib_a-sprintf.o) (_svfprintf_r)
c:/st/stm32cubeide_1.5.1/stm32cubeide/plugins/com.st.stm32cube.ide.mcu.externaltools.gnu-tools-for-stm32.7-2018-q2-update.win32_1.5.0.202011040924/tools/bin/../lib/gcc/arm-none-eabi/7.3.1/../../../../arm-none-eabi/lib/thumb/v7e-m/fpv4-sp/hard\libc_nano.a(lib_a-nano-vfprintf_i.o)
                              c:/st/stm32cubeide_1.5.1/stm32cubeide/plugins/com.st.stm32cube.ide.mcu.externaltools.gnu-tools-for-stm32.7-2018-q2-update.win32_1.5.0.202011040924/tools/bin/../lib/gcc/arm-none-eabi/7.3.1/../../../../arm-none-eabi/lib/thumb/v7e-m/fpv4-sp/hard\libc_nano.a(lib_a-nano-svfprintf.o) (_printf_i)
c:/st/stm32cubeide_1.5.1/stm32cubeide/plugins/com.st.stm32cube.ide.mcu.externaltools.gnu-tools-for-stm32.7-2018-q2-update.win32_1.5.0.202011040924/tools/bin/../lib/gcc/arm-none-eabi/7.3.1/../../../../arm-none-eabi/lib/thumb/v7e-m/fpv4-sp/hard\libc_nano.a(lib_a-memchr.o)
[...]
Memory Configuration

Name             Origin             Length             Attributes
RAM              0x0000000020000000 0x0000000000020000 xrw
FLASH            0x0000000008000000 0x0000000000080000 xr
*default*        0x0000000000000000 0xffffffffffffffff

Linker script and memory map

LOAD c:/st/stm32cubeide_1.5.1/stm32cubeide/plugins/com.st.stm32cube.ide.mcu.externaltools.gnu-tools-for-stm32.7-2018-q2-update.win32_1.5.0.202011040924/tools/bin/../lib/gcc/arm-none-eabi/7.3.1/thumb/v7e-m/fpv4-sp/hard/crti.o
LOAD c:/st/stm32cubeide_1.5.1/stm32cubeide/plugins/com.st.stm32cube.ide.mcu.externaltools.gnu-tools-for-stm32.7-2018-q2-update.win32_1.5.0.202011040924/tools/bin/../lib/gcc/arm-none-eabi/7.3.1/thumb/v7e-m/fpv4-sp/hard/crtbegin.o
LOAD c:/st/stm32cubeide_1.5.1/stm32cubeide/plugins/com.st.stm32cube.ide.mcu.externaltools.gnu-tools-for-stm32.7-2018-q2-update.win32_1.5.0.202011040924/tools/bin/../lib/gcc/arm-none-eabi/7.3.1/../../../../arm-none-eabi/lib/thumb/v7e-m/fpv4-sp/hard/crt0.o
LOAD Core/Src/DPC_Datacollector.o
LOAD Core/Src/DPC_FSM.o
LOAD Core/Src/DPC_Faulterror.o
LOAD Core/Src/DPC_LUT.o
LOAD Core/Src/DPC_Loopctrl.o
LOAD Core/Src/DPC_Math.o
LOAD Core/Src/DPC_Miscellaneous.o
LOAD Core/Src/DPC_PLL.o
LOAD Core/Src/DPC_PWMConverter.o
LOAD Core/Src/DPC_Pid.o
LOAD Core/Src/DPC_Telemetry.o
LOAD Core/Src/DPC_Timeout.o
LOAD Core/Src/DPC_Transforms.o
LOAD Core/Src/DPC_adc_converter.o
LOAD Core/Src/adc.o
LOAD Core/Src/cordic.o
LOAD Core/Src/dma.o
LOAD Core/Src/fmac.o
LOAD Core/Src/gpio.o
LOAD Core/Src/hrtim.o
LOAD Core/Src/main.o
LOAD Core/Src/rng.o
LOAD Core/Src/stm32g4xx_hal_msp.o
LOAD Core/Src/stm32g4xx_it.o
LOAD Core/Src/syscalls.o
LOAD Core/Src/sysmem.o
LOAD Core/Src/system_stm32g4xx.o
LOAD Core/Src/tim.o
LOAD Core/Startup/startup_stm32g474retx.o
LOAD Drivers/STM32G4xx_HAL_Driver/Src/stm32g4xx_hal.o
LOAD Drivers/STM32G4xx_HAL_Driver/Src/stm32g4xx_hal_adc.o
LOAD Drivers/STM32G4xx_HAL_Driver/Src/stm32g4xx_hal_adc_ex.o
LOAD Drivers/STM32G4xx_HAL_Driver/Src/stm32g4xx_hal_cordic.o
LOAD Drivers/STM32G4xx_HAL_Driver/Src/stm32g4xx_hal_cortex.o
LOAD Drivers/STM32G4xx_HAL_Driver/Src/stm32g4xx_hal_dma.o
LOAD Drivers/STM32G4xx_HAL_Driver/Src/stm32g4xx_hal_dma_ex.o
LOAD Drivers/STM32G4xx_HAL_Driver/Src/stm32g4xx_hal_exti.o
LOAD Drivers/STM32G4xx_HAL_Driver/Src/stm32g4xx_hal_flash.o
LOAD Drivers/STM32G4xx_HAL_Driver/Src/stm32g4xx_hal_flash_ex.o
LOAD Drivers/STM32G4xx_HAL_Driver/Src/stm32g4xx_hal_flash_ramfunc.o
LOAD Drivers/STM32G4xx_HAL_Driver/Src/stm32g4xx_hal_fmac.o
LOAD Drivers/STM32G4xx_HAL_Driver/Src/stm32g4xx_hal_gpio.o
LOAD Drivers/STM32G4xx_HAL_Driver/Src/stm32g4xx_hal_hrtim.o
LOAD Drivers/STM32G4xx_HAL_Driver/Src/stm32g4xx_hal_pwr.o
LOAD Drivers/STM32G4xx_HAL_Driver/Src/stm32g4xx_hal_pwr_ex.o
LOAD Drivers/STM32G4xx_HAL_Driver/Src/stm32g4xx_hal_rcc.o
LOAD Drivers/STM32G4xx_HAL_Driver/Src/stm32g4xx_hal_rcc_ex.o
LOAD Drivers/STM32G4xx_HAL_Driver/Src/stm32g4xx_hal_rng.o
LOAD Drivers/STM32G4xx_HAL_Driver/Src/stm32g4xx_hal_tim.o
LOAD Drivers/STM32G4xx_HAL_Driver/Src/stm32g4xx_hal_tim_ex.o
LOAD Drivers/STM32G4xx_HAL_Driver/Src/stm32g4xx_ll_adc.o
START GROUP
LOAD c:/st/stm32cubeide_1.5.1/stm32cubeide/plugins/com.st.stm32cube.ide.mcu.externaltools.gnu-tools-for-stm32.7-2018-q2-update.win32_1.5.0.202011040924/tools/bin/../lib/gcc/arm-none-eabi/7.3.1/../../../../arm-none-eabi/lib/thumb/v7e-m/fpv4-sp/hard\libc_nano.a
LOAD c:/st/stm32cubeide_1.5.1/stm32cubeide/plugins/com.st.stm32cube.ide.mcu.externaltools.gnu-tools-for-stm32.7-2018-q2-update.win32_1.5.0.202011040924/tools/bin/../lib/gcc/arm-none-eabi/7.3.1/../../../../arm-none-eabi/lib/thumb/v7e-m/fpv4-sp/hard\libm.a
END GROUP
START GROUP
LOAD c:/st/stm32cubeide_1.5.1/stm32cubeide/plugins/com.st.stm32cube.ide.mcu.externaltools.gnu-tools-for-stm32.7-2018-q2-update.win32_1.5.0.202011040924/tools/bin/../lib/gcc/arm-none-eabi/7.3.1/thumb/v7e-m/fpv4-sp/hard\libgcc.a
LOAD c:/st/stm32cubeide_1.5.1/stm32cubeide/plugins/com.st.stm32cube.ide.mcu.externaltools.gnu-tools-for-stm32.7-2018-q2-update.win32_1.5.0.202011040924/tools/bin/../lib/gcc/arm-none-eabi/7.3.1/../../../../arm-none-eabi/lib/thumb/v7e-m/fpv4-sp/hard\libc_nano.a
END GROUP
START GROUP
LOAD c:/st/stm32cubeide_1.5.1/stm32cubeide/plugins/com.st.stm32cube.ide.mcu.externaltools.gnu-tools-for-stm32.7-2018-q2-update.win32_1.5.0.202011040924/tools/bin/../lib/gcc/arm-none-eabi/7.3.1/thumb/v7e-m/fpv4-sp/hard\libgcc.a
LOAD c:/st/stm32cubeide_1.5.1/stm32cubeide/plugins/com.st.stm32cube.ide.mcu.externaltools.gnu-tools-for-stm32.7-2018-q2-update.win32_1.5.0.202011040924/tools/bin/../lib/gcc/arm-none-eabi/7.3.1/../../../../arm-none-eabi/lib/thumb/v7e-m/fpv4-sp/hard\libc_nano.a
LOAD c:/st/stm32cubeide_1.5.1/stm32cubeide/plugins/com.st.stm32cube.ide.mcu.externaltools.gnu-tools-for-stm32.7-2018-q2-update.win32_1.5.0.202011040924/tools/bin/../lib/gcc/arm-none-eabi/7.3.1/../../../../arm-none-eabi/lib/thumb/v7e-m/fpv4-sp/hard\libnosys.a
END GROUP
START GROUP
LOAD c:/st/stm32cubeide_1.5.1/stm32cubeide/plugins/com.st.stm32cube.ide.mcu.externaltools.gnu-tools-for-stm32.7-2018-q2-update.win32_1.5.0.202011040924/tools/bin/../lib/gcc/arm-none-eabi/7.3.1/thumb/v7e-m/fpv4-sp/hard\libgcc.a
LOAD c:/st/stm32cubeide_1.5.1/stm32cubeide/plugins/com.st.stm32cube.ide.mcu.externaltools.gnu-tools-for-stm32.7-2018-q2-update.win32_1.5.0.202011040924/tools/bin/../lib/gcc/arm-none-eabi/7.3.1/../../../../arm-none-eabi/lib/thumb/v7e-m/fpv4-sp/hard\libc_nano.a
LOAD c:/st/stm32cubeide_1.5.1/stm32cubeide/plugins/com.st.stm32cube.ide.mcu.externaltools.gnu-tools-for-stm32.7-2018-q2-update.win32_1.5.0.202011040924/tools/bin/../lib/gcc/arm-none-eabi/7.3.1/../../../../arm-none-eabi/lib/thumb/v7e-m/fpv4-sp/hard\libnosys.a
END GROUP
LOAD c:/st/stm32cubeide_1.5.1/stm32cubeide/plugins/com.st.stm32cube.ide.mcu.externaltools.gnu-tools-for-stm32.7-2018-q2-update.win32_1.5.0.202011040924/tools/bin/../lib/gcc/arm-none-eabi/7.3.1/thumb/v7e-m/fpv4-sp/hard/crtend.o
LOAD c:/st/stm32cubeide_1.5.1/stm32cubeide/plugins/com.st.stm32cube.ide.mcu.externaltools.gnu-tools-for-stm32.7-2018-q2-update.win32_1.5.0.202011040924/tools/bin/../lib/gcc/arm-none-eabi/7.3.1/thumb/v7e-m/fpv4-sp/hard/crtn.o
                0x0000000020020000                _estack = (ORIGIN (RAM) + LENGTH (RAM))
                0x0000000000000200                _Min_Heap_Size = 0x200
                0x0000000000000400                _Min_Stack_Size = 0x400

.isr_vector     0x0000000008000000      0x1d8
                0x0000000008000000                . = ALIGN (0x4)
 *(.isr_vector)
 .isr_vector    0x0000000008000000      0x1d8 Core/Startup/startup_stm32g474retx.o
                0x0000000008000000                g_pfnVectors
                0x00000000080001d8                . = ALIGN (0x4)

.text           0x00000000080001d8     0xc60c
                0x00000000080001d8                . = ALIGN (0x4)
 *(.text)
 .text          0x00000000080001d8       0x40 c:/st/stm32cubeide_1.5.1/stm32cubeide/plugins/com.st.stm32cube.ide.mcu.externaltools.gnu-tools-for-stm32.7-2018-q2-update.win32_1.5.0.202011040924/tools/bin/../lib/gcc/arm-none-eabi/7.3.1/thumb/v7e-m/fpv4-sp/hard/crtbegin.o
 .text          0x0000000008000218      0x378 c:/st/stm32cubeide_1.5.1/stm32cubeide/plugins/com.st.stm32cube.ide.mcu.externaltools.gnu-tools-for-stm32.7-2018-q2-update.win32_1.5.0.202011040924/tools/bin/../lib/gcc/arm-none-eabi/7.3.1/thumb/v7e-m/fpv4-sp/hard\libgcc.a(_arm_addsubdf3.o)
                0x0000000008000218                __aeabi_drsub
                0x0000000008000220                __aeabi_dsub
                0x0000000008000220                __subdf3
                0x0000000008000224                __aeabi_dadd
                0x0000000008000224                __adddf3
                0x000000000800049c                __floatunsidf
                0x000000000800049c                __aeabi_ui2d
                0x00000000080004bc                __floatsidf
                0x00000000080004bc                __aeabi_i2d
                0x00000000080004e0                __aeabi_f2d
                0x00000000080004e0                __extendsfdf2
                0x0000000008000524                __floatundidf
                0x0000000008000524                __aeabi_ul2d
                0x0000000008000534                __floatdidf
                0x0000000008000534                __aeabi_l2d
 .text          0x0000000008000590      0x424 c:/st/stm32cubeide_1.5.1/stm32cubeide/plugins/com.st.stm32cube.ide.mcu.externaltools.gnu-tools-for-stm32.7-2018-q2-update.win32_1.5.0.202011040924/tools/bin/../lib/gcc/arm-none-eabi/7.3.1/thumb/v7e-m/fpv4-sp/hard\libgcc.a(_arm_muldivdf3.o)
                0x0000000008000590                __aeabi_dmul
                0x0000000008000590                __muldf3
                0x00000000080007e4                __divdf3
                0x00000000080007e4                __aeabi_ddiv
 .text          0x00000000080009b4       0x40 c:/st/stm32cubeide_1.5.1/stm32cubeide/plugins/com.st.stm32cube.ide.mcu.externaltools.gnu-tools-for-stm32.7-2018-q2-update.win32_1.5.0.202011040924/tools/bin/../lib/gcc/arm-none-eabi/7.3.1/thumb/v7e-m/fpv4-sp/hard\libgcc.a(_arm_fixunsdfsi.o)
                0x00000000080009b4                __aeabi_d2uiz
                0x00000000080009b4                __fixunsdfsi
 .text          0x00000000080009f4       0xa0 c:/st/stm32cubeide_1.5.1/stm32cubeide/plugins/com.st.stm32cube.ide.mcu.externaltools.gnu-tools-for-stm32.7-2018-q2-update.win32_1.5.0.202011040924/tools/bin/../lib/gcc/arm-none-eabi/7.3.1/thumb/v7e-m/fpv4-sp/hard\libgcc.a(_arm_truncdfsf2.o)
                0x00000000080009f4                __truncdfsf2
                0x00000000080009f4                __aeabi_d2f
 *(.text*)
 .text.DATA_Write_Theta_PLL
                0x0000000008000a94       0x20 Core/Src/DPC_Datacollector.o
                0x0000000008000a94                DATA_Write_Theta_PLL
 .text.DATA_Read_Theta_PLL
                0x0000000008000ab4       0x1c Core/Src/DPC_Datacollector.o
                0x0000000008000ab4                DATA_Read_Theta_PLL
 .text.DATA_CURR_Write_ClarkePark
                0x0000000008000ad0       0x40 Core/Src/DPC_Datacollector.o
                0x0000000008000ad0                DATA_CURR_Write_ClarkePark
 .text.DATA_VOLT_Write_ClarkePark
                0x0000000008000b10       0x40 Core/Src/DPC_Datacollector.o
                0x0000000008000b10                DATA_VOLT_Write_ClarkePark
 .text.DATA_Acquisition_from_DMA
                0x0000000008000b50      0x1a8 Core/Src/DPC_Datacollector.o
                0x0000000008000b50                DATA_Acquisition_from_DMA
 .text.Read_GRID
                0x0000000008000cf8       0x14 Core/Src/DPC_Datacollector.o
                0x0000000008000cf8                Read_GRID
 .text.Read_Curr_GRID
                0x0000000008000d0c       0x14 Core/Src/DPC_Datacollector.o
                0x0000000008000d0c                Read_Curr_GRID
 .text.Read_Volt_DC
                0x0000000008000d20       0x14 Core/Src/DPC_Datacollector.o
                0x0000000008000d20                Read_Volt_DC
 .text.DPC_FLT_Faulterror_Set
                0x0000000008000d34       0x24 Core/Src/DPC_Faulterror.o
                0x0000000008000d34                DPC_FLT_Faulterror_Set
 .text.Current_Decoupling_Control
                0x0000000008000d58      0x156 Core/Src/DPC_Loopctrl.o
                0x0000000008000d58                Current_Decoupling_Control
 .text.FeedForward_Control
                0x0000000008000eae       0x64 Core/Src/DPC_Loopctrl.o
                0x0000000008000eae                FeedForward_Control
 .text.Voltage_Control
                0x0000000008000f12       0x3e Core/Src/DPC_Loopctrl.o
                0x0000000008000f12                Voltage_Control
 .text.DPC_LPCNTRL_PFC_Mode_Reset
                0x0000000008000f50       0x2e Core/Src/DPC_Loopctrl.o
                0x0000000008000f50                DPC_LPCNTRL_PFC_Mode_Reset
 .text.DPC_LPCNTRL_PFC_Mode
                0x0000000008000f7e      0x224 Core/Src/DPC_Loopctrl.o
                0x0000000008000f7e                DPC_LPCNTRL_PFC_Mode
 .text.DPC_LPCNTRL_BURST_Init
                0x00000000080011a2       0xf0 Core/Src/DPC_Loopctrl.o
                0x00000000080011a2                DPC_LPCNTRL_BURST_Init
 .text.DPC_LPCNTRL_Burst_Mode
                0x0000000008001292      0x20c Core/Src/DPC_Loopctrl.o
                0x0000000008001292                DPC_LPCNTRL_Burst_Mode
 .text.DPC_LPCNTRL_Inrush_Init
                0x000000000800149e       0xbc Core/Src/DPC_Loopctrl.o
                0x000000000800149e                DPC_LPCNTRL_Inrush_Init
 .text.DPC_LPCNTRL_CDC_Init
                0x000000000800155a       0x52 Core/Src/DPC_Loopctrl.o
                0x000000000800155a                DPC_LPCNTRL_CDC_Init
 .text.DPC_LPCNTRL_PFC_Init
                0x00000000080015ac       0x64 Core/Src/DPC_Loopctrl.o
                0x00000000080015ac                DPC_LPCNTRL_PFC_Init
 .text.FastSin  0x0000000008001610       0x98 Core/Src/DPC_Math.o
                0x0000000008001610                FastSin
 .text.FastCos  0x00000000080016a8       0x30 Core/Src/DPC_Math.o
                0x00000000080016a8                FastCos
 .text.Integral
                0x00000000080016d8       0x50 Core/Src/DPC_Math.o
                0x00000000080016d8                Integral
 .text.DPC_MISC_Check_DCLoad
                0x0000000008001728      0x1d4 Core/Src/DPC_Miscellaneous.o
                0x0000000008001728                DPC_MISC_Check_DCLoad
 *fill*         0x00000000080018fc        0x4 
 .text.DPC_MISC_DCLoad_Init
                0x0000000008001900      0x170 Core/Src/DPC_Miscellaneous.o
                0x0000000008001900                DPC_MISC_DCLoad_Init
 .text.DPC_MISC_ACSource_Init
                0x0000000008001a70      0x1fc Core/Src/DPC_Miscellaneous.o
                0x0000000008001a70                DPC_MISC_ACSource_Init
 .text.DPC_MISC_APPL_Timer_Init
                0x0000000008001c6c       0x54 Core/Src/DPC_Miscellaneous.o
                0x0000000008001c6c                DPC_MISC_APPL_Timer_Init
 .text.DPC_MISC_Appl_Timer_Start
                0x0000000008001cc0       0x34 Core/Src/DPC_Miscellaneous.o
                0x0000000008001cc0                DPC_MISC_Appl_Timer_Start
 .text.DPC_MISC_CHECK_AC_SOURCE
                0x0000000008001cf4      0x214 Core/Src/DPC_Miscellaneous.o
                0x0000000008001cf4                DPC_MISC_CHECK_AC_SOURCE
 .text.DPC_PLL_Init
                0x0000000008001f08       0xba Core/Src/DPC_PLL.o
                0x0000000008001f08                DPC_PLL_Init
 *fill*         0x0000000008001fc2        0x2 
 .text.DPC_PLL_pllqd_Run
                0x0000000008001fc4      0x234 Core/Src/DPC_PLL.o
                0x0000000008001fc4                DPC_PLL_pllqd_Run
 .text.DPC_PWM_Send_Burst_PWM
                0x00000000080021f8       0xbc Core/Src/DPC_PWMConverter.o
                0x00000000080021f8                DPC_PWM_Send_Burst_PWM
 .text.DPC_PWM_Send_Duty_SPWM
                0x00000000080022b4      0x424 Core/Src/DPC_PWMConverter.o
                0x00000000080022b4                DPC_PWM_Send_Duty_SPWM
 .text.DPC_PWM_HRTIM_Start
                0x00000000080026d8       0x60 Core/Src/DPC_PWMConverter.o
                0x00000000080026d8                DPC_PWM_HRTIM_Start
 .text.DPC_PWM_HRTIM_OutDisable
                0x0000000008002738       0x24 Core/Src/DPC_PWMConverter.o
                0x0000000008002738                DPC_PWM_HRTIM_OutDisable
 .text.DPC_PWM_HRTIM_OutEnable
                0x000000000800275c       0x24 Core/Src/DPC_PWMConverter.o
                0x000000000800275c                DPC_PWM_HRTIM_OutEnable
 .text.DPC_PWM_OutDisable
                0x0000000008002780        0xc Core/Src/DPC_PWMConverter.o
                0x0000000008002780                DPC_PWM_OutDisable
 .text.DPC_PWM_OutEnable
                0x000000000800278c       0x2c Core/Src/DPC_PWMConverter.o
                0x000000000800278c                DPC_PWM_OutEnable
 .text.DPC_PWM_Start
                0x00000000080027b8       0x10 Core/Src/DPC_PWMConverter.o
                0x00000000080027b8                DPC_PWM_Start
 .text.DPC_PWM_Init
                0x00000000080027c8      0x150 Core/Src/DPC_PWMConverter.o
                0x00000000080027c8                DPC_PWM_Init
 .text.DPC_PI_Init
                0x0000000008002918       0xa8 Core/Src/DPC_Pid.o
                0x0000000008002918                DPC_PI_Init
 .text.PI       0x00000000080029c0      0x142 Core/Src/DPC_Pid.o
                0x00000000080029c0                PI
 *fill*         0x0000000008002b02        0x2 
 .text.DPC_TO_Init
                0x0000000008002b04       0x40 Core/Src/DPC_Timeout.o
                0x0000000008002b04                DPC_TO_Init
 .text.TimeoutMng
                0x0000000008002b44       0x60 Core/Src/DPC_Timeout.o
                0x0000000008002b44                TimeoutMng
 .text.Park     0x0000000008002ba4       0x92 Core/Src/DPC_Transforms.o
                0x0000000008002ba4                Park
 .text.InvPark  0x0000000008002c36       0x8e Core/Src/DPC_Transforms.o
                0x0000000008002c36                InvPark
 *fill*         0x0000000008002cc4        0x4 
 .text.Clarke   0x0000000008002cc8       0xbc Core/Src/DPC_Transforms.o
                0x0000000008002cc8                Clarke
 .text.InvClarke
                0x0000000008002d84       0x74 Core/Src/DPC_Transforms.o
                0x0000000008002d84                InvClarke
 .text.Clarke_Park
                0x0000000008002df8       0x78 Core/Src/DPC_Transforms.o
                0x0000000008002df8                Clarke_Park
 .text.Run_ClarkePark
                0x0000000008002e70       0x64 Core/Src/DPC_Transforms.o
                0x0000000008002e70                Run_ClarkePark
 .text.inv_Clarke_Park
                0x0000000008002ed4       0x7c Core/Src/DPC_Transforms.o
                0x0000000008002ed4                inv_Clarke_Park
 .text.Run_Inv_ClarkePark
                0x0000000008002f50       0x64 Core/Src/DPC_Transforms.o
                0x0000000008002f50                Run_Inv_ClarkePark
 .text.ADC_Voltage_AC_ProcessData
                0x0000000008002fb4       0x84 Core/Src/DPC_adc_converter.o
                0x0000000008002fb4                ADC_Voltage_AC_ProcessData
 .text.ADC2Phy_Voltage_ProcessData
                0x0000000008003038       0x94 Core/Src/DPC_adc_converter.o
                0x0000000008003038                ADC2Phy_Voltage_ProcessData
 .text.ADC_Voltage_DC_ProcessData
                0x00000000080030cc       0x50 Core/Src/DPC_adc_converter.o
                0x00000000080030cc                ADC_Voltage_DC_ProcessData
 .text.ADC2Phy_DC_Voltage_ProcessData
                0x000000000800311c       0x7e Core/Src/DPC_adc_converter.o
                0x000000000800311c                ADC2Phy_DC_Voltage_ProcessData
 *fill*         0x000000000800319a        0x2 
 .text.ADC_Current_AC_ProcessData
                0x000000000800319c       0x84 Core/Src/DPC_adc_converter.o
                0x000000000800319c                ADC_Current_AC_ProcessData
 .text.ADC_Current_AC_RAW_ProcessData
                0x0000000008003220       0x50 Core/Src/DPC_adc_converter.o
                0x0000000008003220                ADC_Current_AC_RAW_ProcessData
 .text.ADC2Phy_Current_ProcessData
                0x0000000008003270       0x94 Core/Src/DPC_adc_converter.o
                0x0000000008003270                ADC2Phy_Current_ProcessData
 .text.ADC2Phy_RMS_Current_ProcessData
                0x0000000008003304      0x200 Core/Src/DPC_adc_converter.o
                0x0000000008003304                ADC2Phy_RMS_Current_ProcessData
 .text.DPC_ADC_Init
                0x0000000008003504       0xb4 Core/Src/DPC_adc_converter.o
                0x0000000008003504                DPC_ADC_Init
 .text.DPC_ADC_Default_Init
                0x00000000080035b8      0x240 Core/Src/DPC_adc_converter.o
                0x00000000080035b8                DPC_ADC_Default_Init
 .text.MX_ADC1_Init
                0x00000000080037f8      0x240 Core/Src/adc.o
                0x00000000080037f8                MX_ADC1_Init
 .text.MX_ADC5_Init
                0x0000000008003a38       0xcc Core/Src/adc.o
                0x0000000008003a38                MX_ADC5_Init
 .text.HAL_ADC_MspInit
                0x0000000008003b04      0x16c Core/Src/adc.o
                0x0000000008003b04                HAL_ADC_MspInit
 .text.MX_CORDIC_Init
                0x0000000008003c70       0x28 Core/Src/cordic.o
                0x0000000008003c70                MX_CORDIC_Init
 .text.HAL_CORDIC_MspInit
                0x0000000008003c98       0x40 Core/Src/cordic.o
                0x0000000008003c98                HAL_CORDIC_MspInit
 .text.MX_DMA_Init
                0x0000000008003cd8       0x94 Core/Src/dma.o
                0x0000000008003cd8                MX_DMA_Init
 .text.MX_FMAC_Init
                0x0000000008003d6c       0x28 Core/Src/fmac.o
                0x0000000008003d6c                MX_FMAC_Init
 .text.HAL_FMAC_MspInit
                0x0000000008003d94       0x40 Core/Src/fmac.o
                0x0000000008003d94                HAL_FMAC_MspInit
 .text.MX_GPIO_Init
                0x0000000008003dd4       0xc0 Core/Src/gpio.o
                0x0000000008003dd4                MX_GPIO_Init
 .text.MX_HRTIM1_Init
                0x0000000008003e94      0x404 Core/Src/hrtim.o
                0x0000000008003e94                MX_HRTIM1_Init
 .text.HAL_HRTIM_MspInit
                0x0000000008004298      0x288 Core/Src/hrtim.o
                0x0000000008004298                HAL_HRTIM_MspInit
 .text.HAL_HRTIM_MspPostInit
                0x0000000008004520       0xac Core/Src/hrtim.o
                0x0000000008004520                HAL_HRTIM_MspPostInit
 .text.main     0x00000000080045cc      0x310 Core/Src/main.o
                0x00000000080045cc                main
 .text.SystemClock_Config
                0x00000000080048dc       0xe2 Core/Src/main.o
                0x00000000080048dc                SystemClock_Config
 *fill*         0x00000000080049be        0x2 
 .text.DPC_MISC_Analog_Start
                0x00000000080049c0       0x1c Core/Src/main.o
                0x00000000080049c0                DPC_MISC_Analog_Start
 .text.HAL_TIM_PeriodElapsedCallback
                0x00000000080049dc      0x520 Core/Src/main.o
                0x00000000080049dc                HAL_TIM_PeriodElapsedCallback
 .text.HAL_HRTIM_Fault1Callback
                0x0000000008004efc       0x16 Core/Src/main.o
                0x0000000008004efc                HAL_HRTIM_Fault1Callback
 .text.HAL_HRTIM_Fault3Callback
                0x0000000008004f12       0x16 Core/Src/main.o
                0x0000000008004f12                HAL_HRTIM_Fault3Callback
 .text.Error_Handler
                0x0000000008004f28        0x8 Core/Src/main.o
                0x0000000008004f28                Error_Handler
 .text.MX_RNG_Init
                0x0000000008004f30       0x2c Core/Src/rng.o
                0x0000000008004f30                MX_RNG_Init
 .text.HAL_RNG_MspInit
                0x0000000008004f5c       0x40 Core/Src/rng.o
                0x0000000008004f5c                HAL_RNG_MspInit
 .text.HAL_MspInit
                0x0000000008004f9c       0x48 Core/Src/stm32g4xx_hal_msp.o
                0x0000000008004f9c                HAL_MspInit
 .text.NMI_Handler
                0x0000000008004fe4        0x6 Core/Src/stm32g4xx_it.o
                0x0000000008004fe4                NMI_Handler
 .text.HardFault_Handler
                0x0000000008004fea        0x6 Core/Src/stm32g4xx_it.o
                0x0000000008004fea                HardFault_Handler
 .text.MemManage_Handler
                0x0000000008004ff0        0x6 Core/Src/stm32g4xx_it.o
                0x0000000008004ff0                MemManage_Handler
 .text.BusFault_Handler
                0x0000000008004ff6        0x6 Core/Src/stm32g4xx_it.o
                0x0000000008004ff6                BusFault_Handler
 .text.UsageFault_Handler
                0x0000000008004ffc        0x6 Core/Src/stm32g4xx_it.o
                0x0000000008004ffc                UsageFault_Handler
 .text.SVC_Handler
                0x0000000008005002        0xe Core/Src/stm32g4xx_it.o
                0x0000000008005002                SVC_Handler
 .text.DebugMon_Handler
                0x0000000008005010        0xe Core/Src/stm32g4xx_it.o
                0x0000000008005010                DebugMon_Handler
 .text.PendSV_Handler
                0x000000000800501e        0xe Core/Src/stm32g4xx_it.o
                0x000000000800501e                PendSV_Handler
 .text.SysTick_Handler
                0x000000000800502c        0xc Core/Src/stm32g4xx_it.o
                0x000000000800502c                SysTick_Handler
 .text.DMA1_Channel1_IRQHandler
                0x0000000008005038       0x14 Core/Src/stm32g4xx_it.o
                0x0000000008005038                DMA1_Channel1_IRQHandler
 .text.DMA1_Channel2_IRQHandler
                0x000000000800504c       0x14 Core/Src/stm32g4xx_it.o
                0x000000000800504c                DMA1_Channel2_IRQHandler
 .text.DMA1_Channel3_IRQHandler
                0x0000000008005060       0x14 Core/Src/stm32g4xx_it.o
                0x0000000008005060                DMA1_Channel3_IRQHandler
 .text.DMA1_Channel4_IRQHandler
                0x0000000008005074       0x14 Core/Src/stm32g4xx_it.o
                0x0000000008005074                DMA1_Channel4_IRQHandler
 .text.TIM2_IRQHandler
                0x0000000008005088       0x14 Core/Src/stm32g4xx_it.o
                0x0000000008005088                TIM2_IRQHandler
 .text.TIM3_IRQHandler
                0x000000000800509c       0x14 Core/Src/stm32g4xx_it.o
                0x000000000800509c                TIM3_IRQHandler
 .text.TIM6_DAC_IRQHandler
                0x00000000080050b0       0x14 Core/Src/stm32g4xx_it.o
                0x00000000080050b0                TIM6_DAC_IRQHandler
 .text.HRTIM1_FLT_IRQHandler
                0x00000000080050c4       0x14 Core/Src/stm32g4xx_it.o
                0x00000000080050c4                HRTIM1_FLT_IRQHandler
 .text.DMAMUX_OVR_IRQHandler
                0x00000000080050d8       0x28 Core/Src/stm32g4xx_it.o
                0x00000000080050d8                DMAMUX_OVR_IRQHandler
 .text.SystemInit
                0x0000000008005100       0x2c Core/Src/system_stm32g4xx.o
                0x0000000008005100                SystemInit
 .text.MX_TIM2_Init
                0x000000000800512c       0x98 Core/Src/tim.o
                0x000000000800512c                MX_TIM2_Init
 .text.MX_TIM3_Init
                0x00000000080051c4       0x9c Core/Src/tim.o
                0x00000000080051c4                MX_TIM3_Init
 .text.MX_TIM6_Init
                0x0000000008005260       0x6c Core/Src/tim.o
                0x0000000008005260                MX_TIM6_Init
 .text.MX_TIM15_Init
                0x00000000080052cc       0xa4 Core/Src/tim.o
                0x00000000080052cc                MX_TIM15_Init
 .text.HAL_TIM_Base_MspInit
                0x0000000008005370       0xe0 Core/Src/tim.o
                0x0000000008005370                HAL_TIM_Base_MspInit
 .text.Reset_Handler
                0x0000000008005450       0x50 Core/Startup/startup_stm32g474retx.o
                0x0000000008005450                Reset_Handler
 .text.Default_Handler
                0x00000000080054a0        0x2 Core/Startup/startup_stm32g474retx.o
                0x00000000080054a0                RTC_Alarm_IRQHandler
                0x00000000080054a0                EXTI2_IRQHandler
                0x00000000080054a0                TIM8_TRG_COM_IRQHandler
                0x00000000080054a0                TIM8_CC_IRQHandler
                0x00000000080054a0                HRTIM1_Master_IRQHandler
                0x00000000080054a0                SPI4_IRQHandler
                0x00000000080054a0                FDCAN3_IT0_IRQHandler
                0x00000000080054a0                TIM1_CC_IRQHandler
                0x00000000080054a0                HRTIM1_TIMF_IRQHandler
                0x00000000080054a0                USB_HP_IRQHandler
                0x00000000080054a0                CORDIC_IRQHandler
                0x00000000080054a0                HRTIM1_TIMD_IRQHandler
                0x00000000080054a0                DMA2_Channel8_IRQHandler
                0x00000000080054a0                EXTI3_IRQHandler
                0x00000000080054a0                I2C3_ER_IRQHandler
                0x00000000080054a0                EXTI0_IRQHandler
                0x00000000080054a0                I2C2_EV_IRQHandler
                0x00000000080054a0                FPU_IRQHandler
                0x00000000080054a0                FDCAN1_IT1_IRQHandler
                0x00000000080054a0                TIM1_UP_TIM16_IRQHandler
                0x00000000080054a0                ADC1_2_IRQHandler
                0x00000000080054a0                HRTIM1_TIME_IRQHandler
                0x00000000080054a0                SPI1_IRQHandler
                0x00000000080054a0                HRTIM1_TIMC_IRQHandler
                0x00000000080054a0                TIM8_UP_IRQHandler
                0x00000000080054a0                DMA2_Channel2_IRQHandler
                0x00000000080054a0                TIM20_TRG_COM_IRQHandler
                0x00000000080054a0                USART3_IRQHandler
                0x00000000080054a0                DMA1_Channel7_IRQHandler
                0x00000000080054a0                UART5_IRQHandler
                0x00000000080054a0                ADC3_IRQHandler
                0x00000000080054a0                TIM4_IRQHandler
                0x00000000080054a0                DMA2_Channel1_IRQHandler
                0x00000000080054a0                QUADSPI_IRQHandler
                0x00000000080054a0                I2C1_EV_IRQHandler
                0x00000000080054a0                DMA1_Channel6_IRQHandler
                0x00000000080054a0                UART4_IRQHandler
                0x00000000080054a0                DMA2_Channel4_IRQHandler
                0x00000000080054a0                RCC_IRQHandler
                0x00000000080054a0                TIM20_UP_IRQHandler
                0x00000000080054a0                Default_Handler
                0x00000000080054a0                DMA2_Channel7_IRQHandler
                0x00000000080054a0                RTC_TAMP_LSECSS_IRQHandler
                0x00000000080054a0                FMAC_IRQHandler
                0x00000000080054a0                EXTI15_10_IRQHandler
                0x00000000080054a0                DMA1_Channel8_IRQHandler
                0x00000000080054a0                HRTIM1_TIMA_IRQHandler
                0x00000000080054a0                TIM7_DAC_IRQHandler
                0x00000000080054a0                FDCAN3_IT1_IRQHandler
                0x00000000080054a0                TIM5_IRQHandler
                0x00000000080054a0                UCPD1_IRQHandler
                0x00000000080054a0                I2C3_EV_IRQHandler
                0x00000000080054a0                EXTI9_5_IRQHandler
                0x00000000080054a0                RTC_WKUP_IRQHandler
                0x00000000080054a0                PVD_PVM_IRQHandler
                0x00000000080054a0                SPI2_IRQHandler
                0x00000000080054a0                ADC5_IRQHandler
                0x00000000080054a0                DMA2_Channel5_IRQHandler
                0x00000000080054a0                CRS_IRQHandler
                0x00000000080054a0                DMA1_Channel5_IRQHandler
                0x00000000080054a0                USB_LP_IRQHandler
                0x00000000080054a0                EXTI4_IRQHandler
                0x00000000080054a0                RNG_IRQHandler
                0x00000000080054a0                HRTIM1_TIMB_IRQHandler
                0x00000000080054a0                TIM1_TRG_COM_TIM17_IRQHandler
                0x00000000080054a0                FDCAN2_IT1_IRQHandler
                0x00000000080054a0                ADC4_IRQHandler
                0x00000000080054a0                WWDG_IRQHandler
                0x00000000080054a0                I2C4_EV_IRQHandler
                0x00000000080054a0                FDCAN2_IT0_IRQHandler
                0x00000000080054a0                LPUART1_IRQHandler
                0x00000000080054a0                DMA2_Channel6_IRQHandler
                0x00000000080054a0                FDCAN1_IT0_IRQHandler
                0x00000000080054a0                COMP7_IRQHandler
                0x00000000080054a0                COMP1_2_3_IRQHandler
                0x00000000080054a0                EXTI1_IRQHandler
                0x00000000080054a0                USART2_IRQHandler
                0x00000000080054a0                COMP4_5_6_IRQHandler
                0x00000000080054a0                TIM20_BRK_IRQHandler
                0x00000000080054a0                I2C2_ER_IRQHandler
                0x00000000080054a0                TIM8_BRK_IRQHandler
                0x00000000080054a0                FLASH_IRQHandler
                0x00000000080054a0                TIM20_CC_IRQHandler
                0x00000000080054a0                USART1_IRQHandler
                0x00000000080054a0                SPI3_IRQHandler
                0x00000000080054a0                I2C1_ER_IRQHandler
                0x00000000080054a0                FMC_IRQHandler
                0x00000000080054a0                LPTIM1_IRQHandler
                0x00000000080054a0                I2C4_ER_IRQHandler
                0x00000000080054a0                USBWakeUp_IRQHandler
                0x00000000080054a0                SAI1_IRQHandler
                0x00000000080054a0                DMA2_Channel3_IRQHandler
                0x00000000080054a0                TIM1_BRK_TIM15_IRQHandler
 .text.HAL_Init
                0x00000000080054a2       0x30 Drivers/STM32G4xx_HAL_Driver/Src/stm32g4xx_hal.o
                0x00000000080054a2                HAL_Init
 *fill*         0x00000000080054d2        0x2 
 .text.HAL_InitTick
                0x00000000080054d4       0x74 Drivers/STM32G4xx_HAL_Driver/Src/stm32g4xx_hal.o
                0x00000000080054d4                HAL_InitTick
 .text.HAL_IncTick
                0x0000000008005548       0x24 Drivers/STM32G4xx_HAL_Driver/Src/stm32g4xx_hal.o
                0x0000000008005548                HAL_IncTick
 .text.HAL_GetTick
                0x000000000800556c       0x18 Drivers/STM32G4xx_HAL_Driver/Src/stm32g4xx_hal.o
                0x000000000800556c                HAL_GetTick
 .text.LL_ADC_SetCommonClock
                0x0000000008005584       0x26 Drivers/STM32G4xx_HAL_Driver/Src/stm32g4xx_hal_adc.o
 .text.LL_ADC_SetCommonPathInternalCh
                0x00000000080055aa       0x26 Drivers/STM32G4xx_HAL_Driver/Src/stm32g4xx_hal_adc.o
 .text.LL_ADC_GetCommonPathInternalCh
                0x00000000080055d0       0x1c Drivers/STM32G4xx_HAL_Driver/Src/stm32g4xx_hal_adc.o
 .text.LL_ADC_SetOffset
                0x00000000080055ec       0x48 Drivers/STM32G4xx_HAL_Driver/Src/stm32g4xx_hal_adc.o
 .text.LL_ADC_GetOffsetChannel
                0x0000000008005634       0x2c Drivers/STM32G4xx_HAL_Driver/Src/stm32g4xx_hal_adc.o
 .text.LL_ADC_SetOffsetState
                0x0000000008005660       0x36 Drivers/STM32G4xx_HAL_Driver/Src/stm32g4xx_hal_adc.o
 .text.LL_ADC_SetOffsetSign
                0x0000000008005696       0x36 Drivers/STM32G4xx_HAL_Driver/Src/stm32g4xx_hal_adc.o
 .text.LL_ADC_SetOffsetSaturation
                0x00000000080056cc       0x36 Drivers/STM32G4xx_HAL_Driver/Src/stm32g4xx_hal_adc.o
 .text.LL_ADC_SetSamplingTimeCommonConfig
                0x0000000008005702       0x26 Drivers/STM32G4xx_HAL_Driver/Src/stm32g4xx_hal_adc.o
 .text.LL_ADC_REG_IsTriggerSourceSWStart
                0x0000000008005728       0x26 Drivers/STM32G4xx_HAL_Driver/Src/stm32g4xx_hal_adc.o
 .text.LL_ADC_REG_SetSequencerRanks
                0x000000000800574e       0x58 Drivers/STM32G4xx_HAL_Driver/Src/stm32g4xx_hal_adc.o
 .text.LL_ADC_SetChannelSamplingTime
                0x00000000080057a6       0x56 Drivers/STM32G4xx_HAL_Driver/Src/stm32g4xx_hal_adc.o
 .text.LL_ADC_SetChannelSingleDiff
                0x00000000080057fc       0x48 Drivers/STM32G4xx_HAL_Driver/Src/stm32g4xx_hal_adc.o
 .text.LL_ADC_SetAnalogWDMonitChannels
                0x0000000008005844       0x5a Drivers/STM32G4xx_HAL_Driver/Src/stm32g4xx_hal_adc.o
 .text.LL_ADC_ConfigAnalogWDThresholds
                0x000000000800589e       0x44 Drivers/STM32G4xx_HAL_Driver/Src/stm32g4xx_hal_adc.o
 .text.LL_ADC_GetMultimode
                0x00000000080058e2       0x1c Drivers/STM32G4xx_HAL_Driver/Src/stm32g4xx_hal_adc.o
 .text.LL_ADC_DisableDeepPowerDown
                0x00000000080058fe       0x24 Drivers/STM32G4xx_HAL_Driver/Src/stm32g4xx_hal_adc.o
 .text.LL_ADC_IsDeepPowerDownEnabled
                0x0000000008005922       0x28 Drivers/STM32G4xx_HAL_Driver/Src/stm32g4xx_hal_adc.o
 .text.LL_ADC_EnableInternalRegulator
                0x000000000800594a       0x28 Drivers/STM32G4xx_HAL_Driver/Src/stm32g4xx_hal_adc.o
 .text.LL_ADC_IsInternalRegulatorEnabled
                0x0000000008005972       0x28 Drivers/STM32G4xx_HAL_Driver/Src/stm32g4xx_hal_adc.o
 .text.LL_ADC_Enable
                0x000000000800599a       0x28 Drivers/STM32G4xx_HAL_Driver/Src/stm32g4xx_hal_adc.o
 .text.LL_ADC_IsEnabled
                0x00000000080059c2       0x26 Drivers/STM32G4xx_HAL_Driver/Src/stm32g4xx_hal_adc.o
 .text.LL_ADC_REG_StartConversion
                0x00000000080059e8       0x28 Drivers/STM32G4xx_HAL_Driver/Src/stm32g4xx_hal_adc.o
 .text.LL_ADC_REG_IsConversionOngoing
                0x0000000008005a10       0x26 Drivers/STM32G4xx_HAL_Driver/Src/stm32g4xx_hal_adc.o
 .text.LL_ADC_INJ_IsConversionOngoing
                0x0000000008005a36       0x26 Drivers/STM32G4xx_HAL_Driver/Src/stm32g4xx_hal_adc.o
 .text.LL_ADC_ClearFlag_AWD1
                0x0000000008005a5c       0x1a Drivers/STM32G4xx_HAL_Driver/Src/stm32g4xx_hal_adc.o
 .text.LL_ADC_ClearFlag_AWD2
                0x0000000008005a76       0x1c Drivers/STM32G4xx_HAL_Driver/Src/stm32g4xx_hal_adc.o
 .text.LL_ADC_ClearFlag_AWD3
                0x0000000008005a92       0x1c Drivers/STM32G4xx_HAL_Driver/Src/stm32g4xx_hal_adc.o
 .text.LL_ADC_EnableIT_AWD1
                0x0000000008005aae       0x20 Drivers/STM32G4xx_HAL_Driver/Src/stm32g4xx_hal_adc.o
 .text.LL_ADC_EnableIT_AWD2
                0x0000000008005ace       0x20 Drivers/STM32G4xx_HAL_Driver/Src/stm32g4xx_hal_adc.o
 .text.LL_ADC_EnableIT_AWD3
                0x0000000008005aee       0x20 Drivers/STM32G4xx_HAL_Driver/Src/stm32g4xx_hal_adc.o
 .text.LL_ADC_DisableIT_AWD1
                0x0000000008005b0e       0x20 Drivers/STM32G4xx_HAL_Driver/Src/stm32g4xx_hal_adc.o
 .text.LL_ADC_DisableIT_AWD2
                0x0000000008005b2e       0x20 Drivers/STM32G4xx_HAL_Driver/Src/stm32g4xx_hal_adc.o
 .text.LL_ADC_DisableIT_AWD3
                0x0000000008005b4e       0x20 Drivers/STM32G4xx_HAL_Driver/Src/stm32g4xx_hal_adc.o
 *fill*         0x0000000008005b6e        0x2 
 .text.HAL_ADC_Init
                0x0000000008005b70      0x380 Drivers/STM32G4xx_HAL_Driver/Src/stm32g4xx_hal_adc.o
                0x0000000008005b70                HAL_ADC_Init
 .text.HAL_ADC_Start_DMA
                0x0000000008005ef0      0x19c Drivers/STM32G4xx_HAL_Driver/Src/stm32g4xx_hal_adc.o
                0x0000000008005ef0                HAL_ADC_Start_DMA
 .text.HAL_ADC_ConvCpltCallback
                0x000000000800608c       0x14 Drivers/STM32G4xx_HAL_Driver/Src/stm32g4xx_hal_adc.o
                0x000000000800608c                HAL_ADC_ConvCpltCallback
 .text.HAL_ADC_ConvHalfCpltCallback
                0x00000000080060a0       0x14 Drivers/STM32G4xx_HAL_Driver/Src/stm32g4xx_hal_adc.o
                0x00000000080060a0                HAL_ADC_ConvHalfCpltCallback
 .text.HAL_ADC_ErrorCallback
                0x00000000080060b4       0x14 Drivers/STM32G4xx_HAL_Driver/Src/stm32g4xx_hal_adc.o
                0x00000000080060b4                HAL_ADC_ErrorCallback
 .text.HAL_ADC_ConfigChannel
                0x00000000080060c8      0x87c Drivers/STM32G4xx_HAL_Driver/Src/stm32g4xx_hal_adc.o
                0x00000000080060c8                HAL_ADC_ConfigChannel
 .text.HAL_ADC_AnalogWDGConfig
                0x0000000008006944      0x3f8 Drivers/STM32G4xx_HAL_Driver/Src/stm32g4xx_hal_adc.o
                0x0000000008006944                HAL_ADC_AnalogWDGConfig
 .text.ADC_Enable
                0x0000000008006d3c       0xb4 Drivers/STM32G4xx_HAL_Driver/Src/stm32g4xx_hal_adc.o
                0x0000000008006d3c                ADC_Enable
 .text.ADC_DMAConvCplt
                0x0000000008006df0       0xd8 Drivers/STM32G4xx_HAL_Driver/Src/stm32g4xx_hal_adc.o
                0x0000000008006df0                ADC_DMAConvCplt
 .text.ADC_DMAHalfConvCplt
                0x0000000008006ec8       0x1c Drivers/STM32G4xx_HAL_Driver/Src/stm32g4xx_hal_adc.o
                0x0000000008006ec8                ADC_DMAHalfConvCplt
 .text.ADC_DMAError
                0x0000000008006ee4       0x34 Drivers/STM32G4xx_HAL_Driver/Src/stm32g4xx_hal_adc.o
                0x0000000008006ee4                ADC_DMAError
 .text.LL_ADC_IsEnabled
                0x0000000008006f18       0x26 Drivers/STM32G4xx_HAL_Driver/Src/stm32g4xx_hal_adc_ex.o
 .text.LL_ADC_REG_IsConversionOngoing
                0x0000000008006f3e       0x26 Drivers/STM32G4xx_HAL_Driver/Src/stm32g4xx_hal_adc_ex.o
 .text.HAL_ADCEx_MultiModeConfigChannel
                0x0000000008006f64      0x208 Drivers/STM32G4xx_HAL_Driver/Src/stm32g4xx_hal_adc_ex.o
                0x0000000008006f64                HAL_ADCEx_MultiModeConfigChannel
 .text.HAL_CORDIC_Init
                0x000000000800716c       0x62 Drivers/STM32G4xx_HAL_Driver/Src/stm32g4xx_hal_cordic.o
                0x000000000800716c                HAL_CORDIC_Init
 *fill*         0x00000000080071ce        0x2 
 .text.__NVIC_SetPriorityGrouping
                0x00000000080071d0       0x48 Drivers/STM32G4xx_HAL_Driver/Src/stm32g4xx_hal_cortex.o
 .text.__NVIC_GetPriorityGrouping
                0x0000000008007218       0x1c Drivers/STM32G4xx_HAL_Driver/Src/stm32g4xx_hal_cortex.o
 .text.__NVIC_EnableIRQ
                0x0000000008007234       0x3c Drivers/STM32G4xx_HAL_Driver/Src/stm32g4xx_hal_cortex.o
 .text.__NVIC_SetPriority
                0x0000000008007270       0x54 Drivers/STM32G4xx_HAL_Driver/Src/stm32g4xx_hal_cortex.o
 .text.NVIC_EncodePriority
                0x00000000080072c4       0x66 Drivers/STM32G4xx_HAL_Driver/Src/stm32g4xx_hal_cortex.o
 *fill*         0x000000000800732a        0x2 
 .text.SysTick_Config
                0x000000000800732c       0x44 Drivers/STM32G4xx_HAL_Driver/Src/stm32g4xx_hal_cortex.o
 .text.HAL_NVIC_SetPriorityGrouping
                0x0000000008007370       0x16 Drivers/STM32G4xx_HAL_Driver/Src/stm32g4xx_hal_cortex.o
                0x0000000008007370                HAL_NVIC_SetPriorityGrouping
 .text.HAL_NVIC_SetPriority
                0x0000000008007386       0x34 Drivers/STM32G4xx_HAL_Driver/Src/stm32g4xx_hal_cortex.o
                0x0000000008007386                HAL_NVIC_SetPriority
 .text.HAL_NVIC_EnableIRQ
                0x00000000080073ba       0x1c Drivers/STM32G4xx_HAL_Driver/Src/stm32g4xx_hal_cortex.o
                0x00000000080073ba                HAL_NVIC_EnableIRQ
 .text.HAL_SYSTICK_Config
                0x00000000080073d6       0x18 Drivers/STM32G4xx_HAL_Driver/Src/stm32g4xx_hal_cortex.o
                0x00000000080073d6                HAL_SYSTICK_Config
 *fill*         0x00000000080073ee        0x2 
 .text.HAL_DMA_Init
                0x00000000080073f0      0x150 Drivers/STM32G4xx_HAL_Driver/Src/stm32g4xx_hal_dma.o
                0x00000000080073f0                HAL_DMA_Init
 .text.HAL_DMA_Start_IT
                0x0000000008007540       0xf6 Drivers/STM32G4xx_HAL_Driver/Src/stm32g4xx_hal_dma.o
                0x0000000008007540                HAL_DMA_Start_IT
 .text.HAL_DMA_IRQHandler
                0x0000000008007636      0x15e Drivers/STM32G4xx_HAL_Driver/Src/stm32g4xx_hal_dma.o
                0x0000000008007636                HAL_DMA_IRQHandler
 .text.DMA_SetConfig
                0x0000000008007794       0x7c Drivers/STM32G4xx_HAL_Driver/Src/stm32g4xx_hal_dma.o
 .text.DMA_CalcDMAMUXChannelBaseAndMask
                0x0000000008007810       0x7c Drivers/STM32G4xx_HAL_Driver/Src/stm32g4xx_hal_dma.o
 .text.DMA_CalcDMAMUXRequestGenBaseAndMask
                0x000000000800788c       0x48 Drivers/STM32G4xx_HAL_Driver/Src/stm32g4xx_hal_dma.o
 .text.HAL_DMAEx_ConfigMuxSync
                0x00000000080078d4       0x7c Drivers/STM32G4xx_HAL_Driver/Src/stm32g4xx_hal_dma_ex.o
                0x00000000080078d4                HAL_DMAEx_ConfigMuxSync
 .text.HAL_DMAEx_MUX_IRQHandler
                0x0000000008007950       0xa4 Drivers/STM32G4xx_HAL_Driver/Src/stm32g4xx_hal_dma_ex.o
                0x0000000008007950                HAL_DMAEx_MUX_IRQHandler
 .text.HAL_FMAC_Init
                0x00000000080079f4       0x82 Drivers/STM32G4xx_HAL_Driver/Src/stm32g4xx_hal_fmac.o
                0x00000000080079f4                HAL_FMAC_Init
 .text.FMAC_Reset
                0x0000000008007a76       0x5e Drivers/STM32G4xx_HAL_Driver/Src/stm32g4xx_hal_fmac.o
 .text.FMAC_ResetDataPointers
                0x0000000008007ad4       0x1c Drivers/STM32G4xx_HAL_Driver/Src/stm32g4xx_hal_fmac.o
 .text.FMAC_ResetInputStateAndDataPointers
                0x0000000008007af0       0x2e Drivers/STM32G4xx_HAL_Driver/Src/stm32g4xx_hal_fmac.o
 .text.FMAC_ResetOutputStateAndDataPointers
                0x0000000008007b1e       0x2e Drivers/STM32G4xx_HAL_Driver/Src/stm32g4xx_hal_fmac.o
 .text.HAL_GPIO_Init
                0x0000000008007b4c      0x304 Drivers/STM32G4xx_HAL_Driver/Src/stm32g4xx_hal_gpio.o
                0x0000000008007b4c                HAL_GPIO_Init
 .text.HAL_GPIO_WritePin
                0x0000000008007e50       0x30 Drivers/STM32G4xx_HAL_Driver/Src/stm32g4xx_hal_gpio.o
                0x0000000008007e50                HAL_GPIO_WritePin
 .text.HAL_HRTIM_Init
                0x0000000008007e80      0x1a0 Drivers/STM32G4xx_HAL_Driver/Src/stm32g4xx_hal_hrtim.o
                0x0000000008007e80                HAL_HRTIM_Init
 .text.HAL_HRTIM_DLLCalibrationStart
                0x0000000008008020       0xb0 Drivers/STM32G4xx_HAL_Driver/Src/stm32g4xx_hal_hrtim.o
                0x0000000008008020                HAL_HRTIM_DLLCalibrationStart
 .text.HAL_HRTIM_PollForDLLCalibration
                0x00000000080080d0       0x68 Drivers/STM32G4xx_HAL_Driver/Src/stm32g4xx_hal_hrtim.o
                0x00000000080080d0                HAL_HRTIM_PollForDLLCalibration
 .text.HAL_HRTIM_TimeBaseConfig
                0x0000000008008138       0x50 Drivers/STM32G4xx_HAL_Driver/Src/stm32g4xx_hal_hrtim.o
                0x0000000008008138                HAL_HRTIM_TimeBaseConfig
 .text.HAL_HRTIM_FaultConfig
                0x0000000008008188      0x380 Drivers/STM32G4xx_HAL_Driver/Src/stm32g4xx_hal_hrtim.o
                0x0000000008008188                HAL_HRTIM_FaultConfig
 .text.HAL_HRTIM_FaultPrescalerConfig
                0x0000000008008508       0x72 Drivers/STM32G4xx_HAL_Driver/Src/stm32g4xx_hal_hrtim.o
                0x0000000008008508                HAL_HRTIM_FaultPrescalerConfig
 *fill*         0x000000000800857a        0x2 
 .text.HAL_HRTIM_FaultBlankingConfigAndEnable
                0x000000000800857c      0x1d8 Drivers/STM32G4xx_HAL_Driver/Src/stm32g4xx_hal_hrtim.o
                0x000000000800857c                HAL_HRTIM_FaultBlankingConfigAndEnable
 .text.HAL_HRTIM_FaultCounterConfig
                0x0000000008008754      0x1f0 Drivers/STM32G4xx_HAL_Driver/Src/stm32g4xx_hal_hrtim.o
                0x0000000008008754                HAL_HRTIM_FaultCounterConfig
 .text.HAL_HRTIM_FaultModeCtl
                0x0000000008008944      0x104 Drivers/STM32G4xx_HAL_Driver/Src/stm32g4xx_hal_hrtim.o
                0x0000000008008944                HAL_HRTIM_FaultModeCtl
 .text.HAL_HRTIM_WaveformTimerConfig
                0x0000000008008a48       0xe4 Drivers/STM32G4xx_HAL_Driver/Src/stm32g4xx_hal_hrtim.o
                0x0000000008008a48                HAL_HRTIM_WaveformTimerConfig
 .text.HAL_HRTIM_WaveformTimerControl
                0x0000000008008b2c       0x66 Drivers/STM32G4xx_HAL_Driver/Src/stm32g4xx_hal_hrtim.o
                0x0000000008008b2c                HAL_HRTIM_WaveformTimerControl
 *fill*         0x0000000008008b92        0x2 
 .text.HAL_HRTIM_WaveformCompareConfig
                0x0000000008008b94      0x2dc Drivers/STM32G4xx_HAL_Driver/Src/stm32g4xx_hal_hrtim.o
                0x0000000008008b94                HAL_HRTIM_WaveformCompareConfig
 .text.HAL_HRTIM_WaveformOutputConfig
                0x0000000008008e70       0x62 Drivers/STM32G4xx_HAL_Driver/Src/stm32g4xx_hal_hrtim.o
                0x0000000008008e70                HAL_HRTIM_WaveformOutputConfig
 .text.HAL_HRTIM_WaveformOutputStart
                0x0000000008008ed2       0x5a Drivers/STM32G4xx_HAL_Driver/Src/stm32g4xx_hal_hrtim.o
                0x0000000008008ed2                HAL_HRTIM_WaveformOutputStart
 .text.HAL_HRTIM_WaveformOutputStop
                0x0000000008008f2c       0x5a Drivers/STM32G4xx_HAL_Driver/Src/stm32g4xx_hal_hrtim.o
                0x0000000008008f2c                HAL_HRTIM_WaveformOutputStop
 *fill*         0x0000000008008f86        0x2 
 .text.HAL_HRTIM_WaveformCountStart_IT
                0x0000000008008f88       0xe0 Drivers/STM32G4xx_HAL_Driver/Src/stm32g4xx_hal_hrtim.o
                0x0000000008008f88                HAL_HRTIM_WaveformCountStart_IT
 .text.HAL_HRTIM_WaveformCountStart_DMA
                0x0000000008009068      0x1d8 Drivers/STM32G4xx_HAL_Driver/Src/stm32g4xx_hal_hrtim.o
                0x0000000008009068                HAL_HRTIM_WaveformCountStart_DMA
 .text.HAL_HRTIM_IRQHandler
                0x0000000008009240       0x36 Drivers/STM32G4xx_HAL_Driver/Src/stm32g4xx_hal_hrtim.o
                0x0000000008009240                HAL_HRTIM_IRQHandler
 .text.HAL_HRTIM_Fault2Callback
                0x0000000008009276       0x14 Drivers/STM32G4xx_HAL_Driver/Src/stm32g4xx_hal_hrtim.o
                0x0000000008009276                HAL_HRTIM_Fault2Callback
 .text.HAL_HRTIM_Fault4Callback
                0x000000000800928a       0x14 Drivers/STM32G4xx_HAL_Driver/Src/stm32g4xx_hal_hrtim.o
                0x000000000800928a                HAL_HRTIM_Fault4Callback
 .text.HAL_HRTIM_Fault5Callback
                0x000000000800929e       0x14 Drivers/STM32G4xx_HAL_Driver/Src/stm32g4xx_hal_hrtim.o
                0x000000000800929e                HAL_HRTIM_Fault5Callback
 .text.HAL_HRTIM_Fault6Callback
                0x00000000080092b2       0x14 Drivers/STM32G4xx_HAL_Driver/Src/stm32g4xx_hal_hrtim.o
                0x00000000080092b2                HAL_HRTIM_Fault6Callback
 .text.HAL_HRTIM_SystemFaultCallback
                0x00000000080092c6       0x14 Drivers/STM32G4xx_HAL_Driver/Src/stm32g4xx_hal_hrtim.o
                0x00000000080092c6                HAL_HRTIM_SystemFaultCallback
 .text.HAL_HRTIM_DLLCalibrationReadyCallback
                0x00000000080092da       0x14 Drivers/STM32G4xx_HAL_Driver/Src/stm32g4xx_hal_hrtim.o
                0x00000000080092da                HAL_HRTIM_DLLCalibrationReadyCallback
 .text.HAL_HRTIM_BurstModePeriodCallback
                0x00000000080092ee       0x14 Drivers/STM32G4xx_HAL_Driver/Src/stm32g4xx_hal_hrtim.o
                0x00000000080092ee                HAL_HRTIM_BurstModePeriodCallback
 .text.HAL_HRTIM_SynchronizationEventCallback
                0x0000000008009302       0x14 Drivers/STM32G4xx_HAL_Driver/Src/stm32g4xx_hal_hrtim.o
                0x0000000008009302                HAL_HRTIM_SynchronizationEventCallback
 .text.HAL_HRTIM_RegistersUpdateCallback
                0x0000000008009316       0x16 Drivers/STM32G4xx_HAL_Driver/Src/stm32g4xx_hal_hrtim.o
                0x0000000008009316                HAL_HRTIM_RegistersUpdateCallback
 .text.HAL_HRTIM_RepetitionEventCallback
                0x000000000800932c       0x16 Drivers/STM32G4xx_HAL_Driver/Src/stm32g4xx_hal_hrtim.o
                0x000000000800932c                HAL_HRTIM_RepetitionEventCallback
 .text.HAL_HRTIM_Compare1EventCallback
                0x0000000008009342       0x16 Drivers/STM32G4xx_HAL_Driver/Src/stm32g4xx_hal_hrtim.o
                0x0000000008009342                HAL_HRTIM_Compare1EventCallback
 .text.HAL_HRTIM_Compare2EventCallback
                0x0000000008009358       0x16 Drivers/STM32G4xx_HAL_Driver/Src/stm32g4xx_hal_hrtim.o
                0x0000000008009358                HAL_HRTIM_Compare2EventCallback
 .text.HAL_HRTIM_Compare3EventCallback
                0x000000000800936e       0x16 Drivers/STM32G4xx_HAL_Driver/Src/stm32g4xx_hal_hrtim.o
                0x000000000800936e                HAL_HRTIM_Compare3EventCallback
 .text.HAL_HRTIM_Compare4EventCallback
                0x0000000008009384       0x16 Drivers/STM32G4xx_HAL_Driver/Src/stm32g4xx_hal_hrtim.o
                0x0000000008009384                HAL_HRTIM_Compare4EventCallback
 .text.HAL_HRTIM_Capture1EventCallback
                0x000000000800939a       0x16 Drivers/STM32G4xx_HAL_Driver/Src/stm32g4xx_hal_hrtim.o
                0x000000000800939a                HAL_HRTIM_Capture1EventCallback
 .text.HAL_HRTIM_Capture2EventCallback
                0x00000000080093b0       0x16 Drivers/STM32G4xx_HAL_Driver/Src/stm32g4xx_hal_hrtim.o
                0x00000000080093b0                HAL_HRTIM_Capture2EventCallback
 .text.HAL_HRTIM_DelayedProtectionCallback
                0x00000000080093c6       0x16 Drivers/STM32G4xx_HAL_Driver/Src/stm32g4xx_hal_hrtim.o
                0x00000000080093c6                HAL_HRTIM_DelayedProtectionCallback
 .text.HAL_HRTIM_CounterResetCallback
                0x00000000080093dc       0x16 Drivers/STM32G4xx_HAL_Driver/Src/stm32g4xx_hal_hrtim.o
                0x00000000080093dc                HAL_HRTIM_CounterResetCallback
 .text.HAL_HRTIM_Output1SetCallback
                0x00000000080093f2       0x16 Drivers/STM32G4xx_HAL_Driver/Src/stm32g4xx_hal_hrtim.o
                0x00000000080093f2                HAL_HRTIM_Output1SetCallback
 .text.HAL_HRTIM_Output1ResetCallback
                0x0000000008009408       0x16 Drivers/STM32G4xx_HAL_Driver/Src/stm32g4xx_hal_hrtim.o
                0x0000000008009408                HAL_HRTIM_Output1ResetCallback
 .text.HAL_HRTIM_Output2SetCallback
                0x000000000800941e       0x16 Drivers/STM32G4xx_HAL_Driver/Src/stm32g4xx_hal_hrtim.o
                0x000000000800941e                HAL_HRTIM_Output2SetCallback
 .text.HAL_HRTIM_Output2ResetCallback
                0x0000000008009434       0x16 Drivers/STM32G4xx_HAL_Driver/Src/stm32g4xx_hal_hrtim.o
                0x0000000008009434                HAL_HRTIM_Output2ResetCallback
 .text.HAL_HRTIM_ErrorCallback
                0x000000000800944a       0x14 Drivers/STM32G4xx_HAL_Driver/Src/stm32g4xx_hal_hrtim.o
                0x000000000800944a                HAL_HRTIM_ErrorCallback
 .text.HRTIM_MasterBase_Config
                0x000000000800945e       0x5e Drivers/STM32G4xx_HAL_Driver/Src/stm32g4xx_hal_hrtim.o
 .text.HRTIM_TimingUnitBase_Config
                0x00000000080094bc       0x80 Drivers/STM32G4xx_HAL_Driver/Src/stm32g4xx_hal_hrtim.o
 .text.HRTIM_MasterWaveform_Config
                0x000000000800953c      0x13a Drivers/STM32G4xx_HAL_Driver/Src/stm32g4xx_hal_hrtim.o
 *fill*         0x0000000008009676        0x2 
 .text.HRTIM_TimingUnitWaveform_Config
                0x0000000008009678      0x328 Drivers/STM32G4xx_HAL_Driver/Src/stm32g4xx_hal_hrtim.o
 .text.HRTIM_TimingUnitWaveform_Control
                0x00000000080099a0       0xc0 Drivers/STM32G4xx_HAL_Driver/Src/stm32g4xx_hal_hrtim.o
 .text.HRTIM_OutputConfig
                0x0000000008009a60      0x17a Drivers/STM32G4xx_HAL_Driver/Src/stm32g4xx_hal_hrtim.o
 *fill*         0x0000000008009bda        0x2 
 .text.HRTIM_GetDMAHandleFromTimerIdx
                0x0000000008009bdc       0x90 Drivers/STM32G4xx_HAL_Driver/Src/stm32g4xx_hal_hrtim.o
 .text.GetTimerIdxFromDMAHandle
                0x0000000008009c6c       0x9a Drivers/STM32G4xx_HAL_Driver/Src/stm32g4xx_hal_hrtim.o
 *fill*         0x0000000008009d06        0x2 
 .text.HRTIM_ForceRegistersUpdate
                0x0000000008009d08       0xdc Drivers/STM32G4xx_HAL_Driver/Src/stm32g4xx_hal_hrtim.o
 .text.HRTIM_HRTIM_ISR
                0x0000000008009de4      0x1a6 Drivers/STM32G4xx_HAL_Driver/Src/stm32g4xx_hal_hrtim.o
 .text.HRTIM_Master_ISR
                0x0000000008009f8a      0x218 Drivers/STM32G4xx_HAL_Driver/Src/stm32g4xx_hal_hrtim.o
 .text.HRTIM_Timer_ISR
                0x000000000800a1a2      0x49c Drivers/STM32G4xx_HAL_Driver/Src/stm32g4xx_hal_hrtim.o
 .text.HRTIM_DMAMasterCplt
                0x000000000800a63e       0xba Drivers/STM32G4xx_HAL_Driver/Src/stm32g4xx_hal_hrtim.o
 .text.HRTIM_DMATimerxCplt
                0x000000000800a6f8      0x224 Drivers/STM32G4xx_HAL_Driver/Src/stm32g4xx_hal_hrtim.o
 .text.HRTIM_DMAError
                0x000000000800a91c       0x1c Drivers/STM32G4xx_HAL_Driver/Src/stm32g4xx_hal_hrtim.o
 .text.HAL_PWREx_ControlVoltageScaling
                0x000000000800a938      0x148 Drivers/STM32G4xx_HAL_Driver/Src/stm32g4xx_hal_pwr_ex.o
                0x000000000800a938                HAL_PWREx_ControlVoltageScaling
 .text.HAL_PWREx_DisableUCPDDeadBattery
                0x000000000800aa80       0x20 Drivers/STM32G4xx_HAL_Driver/Src/stm32g4xx_hal_pwr_ex.o
                0x000000000800aa80                HAL_PWREx_DisableUCPDDeadBattery
 .text.HAL_RCC_OscConfig
                0x000000000800aaa0      0x630 Drivers/STM32G4xx_HAL_Driver/Src/stm32g4xx_hal_rcc.o
                0x000000000800aaa0                HAL_RCC_OscConfig
 .text.HAL_RCC_ClockConfig
                0x000000000800b0d0      0x278 Drivers/STM32G4xx_HAL_Driver/Src/stm32g4xx_hal_rcc.o
                0x000000000800b0d0                HAL_RCC_ClockConfig
 .text.HAL_RCC_GetSysClockFreq
                0x000000000800b348       0xc4 Drivers/STM32G4xx_HAL_Driver/Src/stm32g4xx_hal_rcc.o
                0x000000000800b348                HAL_RCC_GetSysClockFreq
 .text.HAL_RCC_GetHCLKFreq
                0x000000000800b40c       0x18 Drivers/STM32G4xx_HAL_Driver/Src/stm32g4xx_hal_rcc.o
                0x000000000800b40c                HAL_RCC_GetHCLKFreq
 .text.HAL_RCC_GetPCLK2Freq
                0x000000000800b424       0x2c Drivers/STM32G4xx_HAL_Driver/Src/stm32g4xx_hal_rcc.o
                0x000000000800b424                HAL_RCC_GetPCLK2Freq
 .text.RCC_GetSysClockFreqFromPLLSource
                0x000000000800b450       0x8c Drivers/STM32G4xx_HAL_Driver/Src/stm32g4xx_hal_rcc.o
 .text.HAL_RCCEx_PeriphCLKConfig
                0x000000000800b4dc      0x498 Drivers/STM32G4xx_HAL_Driver/Src/stm32g4xx_hal_rcc_ex.o
                0x000000000800b4dc                HAL_RCCEx_PeriphCLKConfig
 .text.HAL_RNG_Init
                0x000000000800b974       0x6a Drivers/STM32G4xx_HAL_Driver/Src/stm32g4xx_hal_rng.o
                0x000000000800b974                HAL_RNG_Init
 .text.HAL_TIM_Base_Init
                0x000000000800b9de       0xae Drivers/STM32G4xx_HAL_Driver/Src/stm32g4xx_hal_tim.o
                0x000000000800b9de                HAL_TIM_Base_Init
 .text.HAL_TIM_Base_Start_IT
                0x000000000800ba8c       0xf0 Drivers/STM32G4xx_HAL_Driver/Src/stm32g4xx_hal_tim.o
                0x000000000800ba8c                HAL_TIM_Base_Start_IT
 .text.HAL_TIM_PWM_Start
                0x000000000800bb7c      0x224 Drivers/STM32G4xx_HAL_Driver/Src/stm32g4xx_hal_tim.o
                0x000000000800bb7c                HAL_TIM_PWM_Start
 .text.HAL_TIM_IRQHandler
                0x000000000800bda0      0x2fe Drivers/STM32G4xx_HAL_Driver/Src/stm32g4xx_hal_tim.o
                0x000000000800bda0                HAL_TIM_IRQHandler
 *fill*         0x000000000800c09e        0x2 
 .text.HAL_TIM_ConfigClockSource
                0x000000000800c0a0      0x1e0 Drivers/STM32G4xx_HAL_Driver/Src/stm32g4xx_hal_tim.o
                0x000000000800c0a0                HAL_TIM_ConfigClockSource
 .text.HAL_TIM_OC_DelayElapsedCallback
                0x000000000800c280       0x14 Drivers/STM32G4xx_HAL_Driver/Src/stm32g4xx_hal_tim.o
                0x000000000800c280                HAL_TIM_OC_DelayElapsedCallback
 .text.HAL_TIM_IC_CaptureCallback
                0x000000000800c294       0x14 Drivers/STM32G4xx_HAL_Driver/Src/stm32g4xx_hal_tim.o
                0x000000000800c294                HAL_TIM_IC_CaptureCallback
 .text.HAL_TIM_PWM_PulseFinishedCallback
                0x000000000800c2a8       0x14 Drivers/STM32G4xx_HAL_Driver/Src/stm32g4xx_hal_tim.o
                0x000000000800c2a8                HAL_TIM_PWM_PulseFinishedCallback
 .text.HAL_TIM_TriggerCallback
                0x000000000800c2bc       0x14 Drivers/STM32G4xx_HAL_Driver/Src/stm32g4xx_hal_tim.o
                0x000000000800c2bc                HAL_TIM_TriggerCallback
 .text.TIM_Base_SetConfig
                0x000000000800c2d0      0x150 Drivers/STM32G4xx_HAL_Driver/Src/stm32g4xx_hal_tim.o
                0x000000000800c2d0                TIM_Base_SetConfig
 .text.TIM_TI1_ConfigInputStage
                0x000000000800c420       0x5e Drivers/STM32G4xx_HAL_Driver/Src/stm32g4xx_hal_tim.o
 .text.TIM_TI2_ConfigInputStage
                0x000000000800c47e       0x60 Drivers/STM32G4xx_HAL_Driver/Src/stm32g4xx_hal_tim.o
 .text.TIM_ITRx_SetConfig
                0x000000000800c4de       0x3a Drivers/STM32G4xx_HAL_Driver/Src/stm32g4xx_hal_tim.o
 .text.TIM_ETR_SetConfig
                0x000000000800c518       0x40 Drivers/STM32G4xx_HAL_Driver/Src/stm32g4xx_hal_tim.o
                0x000000000800c518                TIM_ETR_SetConfig
 .text.TIM_CCxChannelCmd
                0x000000000800c558       0x4a Drivers/STM32G4xx_HAL_Driver/Src/stm32g4xx_hal_tim.o
                0x000000000800c558                TIM_CCxChannelCmd
 *fill*         0x000000000800c5a2        0x2 
 .text.HAL_TIMEx_MasterConfigSynchronization
                0x000000000800c5a4      0x12c Drivers/STM32G4xx_HAL_Driver/Src/stm32g4xx_hal_tim_ex.o
                0x000000000800c5a4                HAL_TIMEx_MasterConfigSynchronization
 .text.HAL_TIMEx_CommutCallback
                0x000000000800c6d0       0x14 Drivers/STM32G4xx_HAL_Driver/Src/stm32g4xx_hal_tim_ex.o
                0x000000000800c6d0                HAL_TIMEx_CommutCallback
 .text.HAL_TIMEx_BreakCallback
                0x000000000800c6e4       0x14 Drivers/STM32G4xx_HAL_Driver/Src/stm32g4xx_hal_tim_ex.o
                0x000000000800c6e4                HAL_TIMEx_BreakCallback
 .text.HAL_TIMEx_Break2Callback
                0x000000000800c6f8       0x14 Drivers/STM32G4xx_HAL_Driver/Src/stm32g4xx_hal_tim_ex.o
                0x000000000800c6f8                HAL_TIMEx_Break2Callback
 .text.HAL_TIMEx_EncoderIndexCallback
                0x000000000800c70c       0x14 Drivers/STM32G4xx_HAL_Driver/Src/stm32g4xx_hal_tim_ex.o
                0x000000000800c70c                HAL_TIMEx_EncoderIndexCallback
 .text.HAL_TIMEx_DirectionChangeCallback
                0x000000000800c720       0x14 Drivers/STM32G4xx_HAL_Driver/Src/stm32g4xx_hal_tim_ex.o
                0x000000000800c720                HAL_TIMEx_DirectionChangeCallback
 .text.HAL_TIMEx_IndexErrorCallback
                0x000000000800c734       0x14 Drivers/STM32G4xx_HAL_Driver/Src/stm32g4xx_hal_tim_ex.o
                0x000000000800c734                HAL_TIMEx_IndexErrorCallback
 .text.HAL_TIMEx_TransitionErrorCallback
                0x000000000800c748       0x14 Drivers/STM32G4xx_HAL_Driver/Src/stm32g4xx_hal_tim_ex.o
                0x000000000800c748                HAL_TIMEx_TransitionErrorCallback
 .text.__libc_init_array
                0x000000000800c75c       0x48 c:/st/stm32cubeide_1.5.1/stm32cubeide/plugins/com.st.stm32cube.ide.mcu.externaltools.gnu-tools-for-stm32.7-2018-q2-update.win32_1.5.0.202011040924/tools/bin/../lib/gcc/arm-none-eabi/7.3.1/../../../../arm-none-eabi/lib/thumb/v7e-m/fpv4-sp/hard\libc_nano.a(lib_a-init.o)
                0x000000000800c75c                __libc_init_array
 .text.memcpy   0x000000000800c7a4       0x16 c:/st/stm32cubeide_1.5.1/stm32cubeide/plugins/com.st.stm32cube.ide.mcu.externaltools.gnu-tools-for-stm32.7-2018-q2-update.win32_1.5.0.202011040924/tools/bin/../lib/gcc/arm-none-eabi/7.3.1/../../../../arm-none-eabi/lib/thumb/v7e-m/fpv4-sp/hard\libc_nano.a(lib_a-memcpy-stub.o)
                0x000000000800c7a4                memcpy
 .text.memset   0x000000000800c7ba       0x10 c:/st/stm32cubeide_1.5.1/stm32cubeide/plugins/com.st.stm32cube.ide.mcu.externaltools.gnu-tools-for-stm32.7-2018-q2-update.win32_1.5.0.202011040924/tools/bin/../lib/gcc/arm-none-eabi/7.3.1/../../../../arm-none-eabi/lib/thumb/v7e-m/fpv4-sp/hard\libc_nano.a(lib_a-memset.o)
                0x000000000800c7ba                memset
 *(.glue_7)
 .glue_7        0x000000000800c7ca        0x0 linker stubs
 *(.glue_7t)
 .glue_7t       0x000000000800c7ca        0x0 linker stubs
 *(.eh_frame)
 *fill*         0x000000000800c7ca        0x2 
 .eh_frame      0x000000000800c7cc        0x0 c:/st/stm32cubeide_1.5.1/stm32cubeide/plugins/com.st.stm32cube.ide.mcu.externaltools.gnu-tools-for-stm32.7-2018-q2-update.win32_1.5.0.202011040924/tools/bin/../lib/gcc/arm-none-eabi/7.3.1/thumb/v7e-m/fpv4-sp/hard/crtbegin.o
 *(.init)
 .init          0x000000000800c7cc        0x4 c:/st/stm32cubeide_1.5.1/stm32cubeide/plugins/com.st.stm32cube.ide.mcu.externaltools.gnu-tools-for-stm32.7-2018-q2-update.win32_1.5.0.202011040924/tools/bin/../lib/gcc/arm-none-eabi/7.3.1/thumb/v7e-m/fpv4-sp/hard/crti.o
                0x000000000800c7cc                _init
 .init          0x000000000800c7d0        0x8 c:/st/stm32cubeide_1.5.1/stm32cubeide/plugins/com.st.stm32cube.ide.mcu.externaltools.gnu-tools-for-stm32.7-2018-q2-update.win32_1.5.0.202011040924/tools/bin/../lib/gcc/arm-none-eabi/7.3.1/thumb/v7e-m/fpv4-sp/hard/crtn.o
 *(.fini)
 .fini          0x000000000800c7d8        0x4 c:/st/stm32cubeide_1.5.1/stm32cubeide/plugins/com.st.stm32cube.ide.mcu.externaltools.gnu-tools-for-stm32.7-2018-q2-update.win32_1.5.0.202011040924/tools/bin/../lib/gcc/arm-none-eabi/7.3.1/thumb/v7e-m/fpv4-sp/hard/crti.o
                0x000000000800c7d8                _fini
 .fini          0x000000000800c7dc        0x8 c:/st/stm32cubeide_1.5.1/stm32cubeide/plugins/com.st.stm32cube.ide.mcu.externaltools.gnu-tools-for-stm32.7-2018-q2-update.win32_1.5.0.202011040924/tools/bin/../lib/gcc/arm-none-eabi/7.3.1/thumb/v7e-m/fpv4-sp/hard/crtn.o
                0x000000000800c7e4                . = ALIGN (0x4)
                0x000000000800c7e4                _etext = .

.vfp11_veneer   0x000000000800c7e4        0x0
 .vfp11_veneer  0x000000000800c7e4        0x0 linker stubs

.v4_bx          0x000000000800c7e4        0x0
 .v4_bx         0x000000000800c7e4        0x0 linker stubs

.iplt           0x000000000800c7e4        0x0
 .iplt          0x000000000800c7e4        0x0 c:/st/stm32cubeide_1.5.1/stm32cubeide/plugins/com.st.stm32cube.ide.mcu.externaltools.gnu-tools-for-stm32.7-2018-q2-update.win32_1.5.0.202011040924/tools/bin/../lib/gcc/arm-none-eabi/7.3.1/thumb/v7e-m/fpv4-sp/hard/crtbegin.o

.rodata         0x000000000800c7e4      0x818
                0x000000000800c7e4                . = ALIGN (0x4)
 *(.rodata)
 *(.rodata*)
 .rodata.SinTable
                0x000000000800c7e4      0x800 Core/Src/DPC_Math.o
                0x000000000800c7e4                SinTable
 .rodata.AHBPrescTable
                0x000000000800cfe4       0x10 Core/Src/system_stm32g4xx.o
                0x000000000800cfe4                AHBPrescTable
 .rodata.APBPrescTable
                0x000000000800cff4        0x8 Core/Src/system_stm32g4xx.o
                0x000000000800cff4                APBPrescTable
                0x000000000800cffc                . = ALIGN (0x4)

.rel.dyn        0x000000000800cffc        0x0
 .rel.iplt      0x000000000800cffc        0x0 c:/st/stm32cubeide_1.5.1/stm32cubeide/plugins/com.st.stm32cube.ide.mcu.externaltools.gnu-tools-for-stm32.7-2018-q2-update.win32_1.5.0.202011040924/tools/bin/../lib/gcc/arm-none-eabi/7.3.1/thumb/v7e-m/fpv4-sp/hard/crtbegin.o

.ARM.extab      0x000000000800cffc        0x0
                0x000000000800cffc                . = ALIGN (0x4)
 *(.ARM.extab* .gnu.linkonce.armextab.*)
                0x000000000800cffc                . = ALIGN (0x4)

.ARM            0x000000000800cffc        0x0
                0x000000000800cffc                . = ALIGN (0x4)
                0x000000000800cffc                __exidx_start = .
 *(.ARM.exidx*)
                0x000000000800cffc                __exidx_end = .
                0x000000000800cffc                . = ALIGN (0x4)

.preinit_array  0x000000000800cffc        0x0
                0x000000000800cffc                . = ALIGN (0x4)
                0x000000000800cffc                PROVIDE (__preinit_array_start = .)
 *(.preinit_array*)
                0x000000000800cffc                PROVIDE (__preinit_array_end = .)
                0x000000000800cffc                . = ALIGN (0x4)

.init_array     0x000000000800cffc        0x4
                0x000000000800cffc                . = ALIGN (0x4)
                0x000000000800cffc                PROVIDE (__init_array_start = .)
 *(SORT_BY_NAME(.init_array.*))
 *(.init_array*)
 .init_array    0x000000000800cffc        0x4 c:/st/stm32cubeide_1.5.1/stm32cubeide/plugins/com.st.stm32cube.ide.mcu.externaltools.gnu-tools-for-stm32.7-2018-q2-update.win32_1.5.0.202011040924/tools/bin/../lib/gcc/arm-none-eabi/7.3.1/thumb/v7e-m/fpv4-sp/hard/crtbegin.o
                0x000000000800d000                PROVIDE (__init_array_end = .)
                0x000000000800d000                . = ALIGN (0x4)

.fini_array     0x000000000800d000        0x4
                0x000000000800d000                . = ALIGN (0x4)
                [!provide]                        PROVIDE (__fini_array_start = .)
 *(SORT_BY_NAME(.fini_array.*))
 *(.fini_array*)
 .fini_array    0x000000000800d000        0x4 c:/st/stm32cubeide_1.5.1/stm32cubeide/plugins/com.st.stm32cube.ide.mcu.externaltools.gnu-tools-for-stm32.7-2018-q2-update.win32_1.5.0.202011040924/tools/bin/../lib/gcc/arm-none-eabi/7.3.1/thumb/v7e-m/fpv4-sp/hard/crtbegin.o
                [!provide]                        PROVIDE (__fini_array_end = .)
                0x000000000800d004                . = ALIGN (0x4)
                0x000000000800d004                _sidata = LOADADDR (.data)

.data           0x0000000020000000       0x2c load address 0x000000000800d004
                0x0000000020000000                . = ALIGN (0x4)
                0x0000000020000000                _sdata = .
 *(.data)
 *(.data*)
 .data.Trigger_Timestamp
                0x0000000020000000        0x1 Core/Src/main.o
                0x0000000020000000                Trigger_Timestamp
 *fill*         0x0000000020000001        0x3 
 .data.SystemCoreClock
                0x0000000020000004        0x4 Core/Src/system_stm32g4xx.o
                0x0000000020000004                SystemCoreClock
 .data.uwTickPrio
                0x0000000020000008        0x4 Drivers/STM32G4xx_HAL_Driver/Src/stm32g4xx_hal.o
                0x0000000020000008                uwTickPrio
 .data.uwTickFreq
                0x000000002000000c        0x4 Drivers/STM32G4xx_HAL_Driver/Src/stm32g4xx_hal.o
                0x000000002000000c                uwTickFreq
 .data.TimerIdxToTimerId
                0x0000000020000010       0x1c Drivers/STM32G4xx_HAL_Driver/Src/stm32g4xx_hal_hrtim.o
 *(.RamFunc)
 *(.RamFunc*)
                0x000000002000002c                . = ALIGN (0x4)
                0x000000002000002c                _edata = .

.igot.plt       0x000000002000002c        0x0 load address 0x000000000800d030
 .igot.plt      0x000000002000002c        0x0 c:/st/stm32cubeide_1.5.1/stm32cubeide/plugins/com.st.stm32cube.ide.mcu.externaltools.gnu-tools-for-stm32.7-2018-q2-update.win32_1.5.0.202011040924/tools/bin/../lib/gcc/arm-none-eabi/7.3.1/thumb/v7e-m/fpv4-sp/hard/crtbegin.o
                0x000000002000002c                . = ALIGN (0x4)

.bss            0x000000002000002c    0x15fac load address 0x000000000800d030
                0x000000002000002c                _sbss = .
                0x000000002000002c                __bss_start__ = _sbss
 *(.bss)
 .bss           0x000000002000002c       0x1c c:/st/stm32cubeide_1.5.1/stm32cubeide/plugins/com.st.stm32cube.ide.mcu.externaltools.gnu-tools-for-stm32.7-2018-q2-update.win32_1.5.0.202011040924/tools/bin/../lib/gcc/arm-none-eabi/7.3.1/thumb/v7e-m/fpv4-sp/hard/crtbegin.o
 *(.bss*)
 .bss.DMA_HRTIM_SRC
                0x0000000020000048       0x24 Core/Src/main.o
 *(COMMON)
 COMMON         0x000000002000006c       0x52 Core/Src/DPC_Datacollector.o
                0x000000002000006c                IAC_ADC
                0x0000000020000078                IDC_ADC
                0x000000002000007c                DATA_CURR_ClarkePark
                0x0000000020000088                VDC_ADC
                0x0000000020000090                DATA_VOLT_ClarkePark
                0x000000002000009c                RAW_ADC
                0x00000000200000a8                DATA_theta_PLL
                0x00000000200000ac                T_ext
                0x00000000200000b0                VAC_ADC
                0x00000000200000bc                T_int
 *fill*         0x00000000200000be        0x2 
 COMMON         0x00000000200000c0        0x4 Core/Src/DPC_Faulterror.o
                0x00000000200000c0                uwFaultErrorVector
 COMMON         0x00000000200000c4       0x6c Core/Src/DPC_PLL.o
                0x00000000200000c4                ClarkeParkPLL
                0x00000000200000d0                INTEGRATOR_PLL
                0x00000000200000e4                theta_ref_int_pll
                0x00000000200000e8                PI_PLL
 COMMON         0x0000000020000130       0x30 Core/Src/DPC_Timeout.o
                0x0000000020000130                Timeout_List
 COMMON         0x0000000020000160      0x138 Core/Src/adc.o
                0x0000000020000160                hadc5
                0x00000000200001cc                hadc1
                0x0000000020000238                hdma_adc1
 COMMON         0x0000000020000298       0x28 Core/Src/cordic.o
                0x0000000020000298                hcordic
 COMMON         0x00000000200002c0       0x38 Core/Src/fmac.o
                0x00000000200002c0                hfmac
 COMMON         0x00000000200002f8      0x21c Core/Src/hrtim.o
                0x00000000200002f8                hdma_hrtim1_a
                0x0000000020000358                hhrtim1
                0x0000000020000454                hdma_hrtim1_b
                0x00000000200004b4                hdma_hrtim1_c
 COMMON         0x0000000020000514    0x1597c Core/Src/main.o
                0x0000000020000514                CURRENT_ADC_AC_IN_PHY
                0x0000000020000520                V_DQO_CTRL
                0x000000002000052c                VOLTAGE_ADC_DC_IN_PHY
                0x0000000020000538                DTG_bin
                0x000000002000053c                Current_qdo_Phy
                0x0000000020000548                STARTBURST_CTRL
                0x0000000020000570                Iabc_temp
                0x000000002000057c                PC_State
                0x0000000020000580                V_ABC_CTRL
                0x000000002000058c                CURRENT_ADC_AC_IN_PHY_MAX
                0x0000000020000598                omega_out_pll
                0x000000002000059c                PeriodTIM8
                0x00000000200005a0                CDC
                0x0000000020000678                TO_State2
                0x000000002000067a                Service_step
                0x000000002000067c                Status_Source
                0x000000002000067e                Service_counter
                0x0000000020000680                CURRENT_ADC_DC_IN_NORM
                0x0000000020000684                Current_qdo
                0x0000000020000690                pDataTx
                0x000000002000069c                APPL_PERIOD_COUNTER
                0x00000000200006a0                Period_Counter
                0x00000000200006a4                PeriodTIM1
                0x00000000200006a8                AC_SOURCE
                0x00000000200006b4                t_tim_ket_ck
                0x00000000200006b8                PLL_Status
                0x00000000200006bc                AC_Source_Limit
                0x00000000200006d0                LUT_CONVERTER
                0x0000000020001800                CURRENT_ADC_AC_IN_PHY_MIN
                0x000000002000180c                BURST_State
                0x0000000020001810                p_ADC1_Data
                0x0000000020001830                tDPC_PWM
                0x000000002000185c                APPL2_PERIOD_COUNTER
                0x0000000020001860                VOLTAGE_AC_qd_IN_NORM
                0x000000002000186c                CURRENT_ADC_DC_IN_PHY
                0x0000000020001870                PeriodTIM6
                0x0000000020001874                Voltage_qdo_Phy
                0x0000000020001880                DPC_ADC_Conf
                0x00000000200018b4                Service_data
                0x0000000020015134                Voltage_qdo
                0x0000000020015140                BURST_CTRL
                0x0000000020015168                CURRENT_ADC_AC_IN_NORM
                0x0000000020015174                DC_Load_Limit
                0x0000000020015186                INRUSH_State
                0x0000000020015188                theta_out_pll
                0x000000002001518c                p_ADC2_Data
                0x0000000020015198                VOLTAGE_ADC_AC_IN_NORM
                0x00000000200151a4                INRUSH_CTRL
                0x00000000200151b8                Vabc_Phy
                0x00000000200151c4                Prev_Saturation
                0x00000000200151c8                TO_State
                0x00000000200151cc                CURRENT_ADC_AC_IN_PHY_RMS
                0x00000000200151d8                PeriodTIM2
                0x00000000200151dc                pPI_VDC_CTRL
                0x0000000020015224                CURRENT_ADC_AC_IN_BITS
                0x0000000020015230                VOLTAGE_ADC_AC_IN_PHY
                0x000000002001523c                CURRENT_ADC_DC_IN_BITS
                0x0000000020015240                pDataRx
                0x000000002001524c                FSM_Run_State
                0x0000000020015250                VOLTAGE_ADC_AC_IN_BITS
                0x000000002001525c                Error
                0x0000000020015260                Relay_State
                0x0000000020015264                PWM_FREQ_DESIDERED
                0x0000000020015268                Timeout
                0x000000002001527c                Iabc_Phy
                0x0000000020015288                DPC_Load
                0x000000002001528c                VOLTAGE_ADC_DC_IN_BITS
                0x0000000020015298                ADC_AC_Current
                0x0000000020015bf8                VOLTAGECTRL
                0x0000000020015c04                Vabc_temp
                0x0000000020015c10                LUT_3PH
                0x0000000020015c2c                Flag2
                0x0000000020015c30                STARTBURST_State
                0x0000000020015c34                PLL_CONVERTER
                0x0000000020015cd0                DAC_CH
                0x0000000020015ce0                PWM_PERIOD_COUNTER
                0x0000000020015ce4                Timestamp_PLL_CONVERTER
                0x0000000020015d80                Status_Load
                0x0000000020015d84                VOLTAGE_ADC_DC_IN_NORM
                0x0000000020015d90                f_tim_ket_ck
                0x0000000020015d94                Flag
                0x0000000020015d98                pPFC_CTRL
 COMMON         0x0000000020015e90       0x14 Core/Src/rng.o
                0x0000000020015e90                hrng
 COMMON         0x0000000020015ea4      0x130 Core/Src/tim.o
                0x0000000020015ea4                htim15
                0x0000000020015ef0                htim3
                0x0000000020015f3c                htim6
                0x0000000020015f88                htim2
 COMMON         0x0000000020015fd4        0x4 Drivers/STM32G4xx_HAL_Driver/Src/stm32g4xx_hal.o
                0x0000000020015fd4                uwTick
                0x0000000020015fd8                . = ALIGN (0x4)
                0x0000000020015fd8                _ebss = .
                0x0000000020015fd8                __bss_end__ = _ebss

._user_heap_stack
                0x0000000020015fd8      0x600 load address 0x000000000800d030
                0x0000000020015fd8                . = ALIGN (0x8)
                [!provide]                        PROVIDE (end = .)
                0x0000000020015fd8                PROVIDE (_end = .)
                0x00000000200161d8                . = (. + _Min_Heap_Size)
 *fill*         0x0000000020015fd8      0x200 
                0x00000000200165d8                . = (. + _Min_Stack_Size)
 *fill*         0x00000000200161d8      0x400 
                0x00000000200165d8                . = ALIGN (0x8)

/DISCARD/
 libc.a(*)
 libm.a(*)
 libgcc.a(*)

.ARM.attributes
                0x0000000000000000       0x30
 *(.ARM.attributes)
 .ARM.attributes
                0x0000000000000000       0x22 c:/st/stm32cubeide_1.5.1/stm32cubeide/plugins/com.st.stm32cube.ide.mcu.externaltools.gnu-tools-for-stm32.7-2018-q2-update.win32_1.5.0.202011040924/tools/bin/../lib/gcc/arm-none-eabi/7.3.1/thumb/v7e-m/fpv4-sp/hard/crti.o
 .ARM.attributes
                0x0000000000000022       0x34 c:/st/stm32cubeide_1.5.1/stm32cubeide/plugins/com.st.stm32cube.ide.mcu.externaltools.gnu-tools-for-stm32.7-2018-q2-update.win32_1.5.0.202011040924/tools/bin/../lib/gcc/arm-none-eabi/7.3.1/thumb/v7e-m/fpv4-sp/hard/crtbegin.o
 .ARM.attributes
                0x0000000000000056       0x39 Core/Src/DPC_Datacollector.o
 .ARM.attributes
                0x000000000000008f       0x39 Core/Src/DPC_Faulterror.o
 .ARM.attributes
                0x00000000000000c8       0x39 Core/Src/DPC_Loopctrl.o
 .ARM.attributes
                0x0000000000000101       0x39 Core/Src/DPC_Math.o
 .ARM.attributes
                0x000000000000013a       0x39 Core/Src/DPC_Miscellaneous.o
 .ARM.attributes
                0x0000000000000173       0x39 Core/Src/DPC_PLL.o
 .ARM.attributes
                0x00000000000001ac       0x39 Core/Src/DPC_PWMConverter.o
 .ARM.attributes
                0x00000000000001e5       0x39 Core/Src/DPC_Pid.o
 .ARM.attributes
                0x000000000000021e       0x39 Core/Src/DPC_Timeout.o
 .ARM.attributes
                0x0000000000000257       0x39 Core/Src/DPC_Transforms.o
 .ARM.attributes
                0x0000000000000290       0x39 Core/Src/DPC_adc_converter.o
 .ARM.attributes
                0x00000000000002c9       0x39 Core/Src/adc.o
 .ARM.attributes
                0x0000000000000302       0x39 Core/Src/cordic.o
 .ARM.attributes
                0x000000000000033b       0x39 Core/Src/dma.o
 .ARM.attributes
                0x0000000000000374       0x39 Core/Src/fmac.o
 .ARM.attributes
                0x00000000000003ad       0x39 Core/Src/gpio.o
 .ARM.attributes
                0x00000000000003e6       0x39 Core/Src/hrtim.o
 .ARM.attributes
                0x000000000000041f       0x39 Core/Src/main.o
 .ARM.attributes
                0x0000000000000458       0x39 Core/Src/rng.o
 .ARM.attributes
                0x0000000000000491       0x39 Core/Src/stm32g4xx_hal_msp.o
 .ARM.attributes
                0x00000000000004ca       0x39 Core/Src/stm32g4xx_it.o
 .ARM.attributes
                0x0000000000000503       0x39 Core/Src/system_stm32g4xx.o
 .ARM.attributes
                0x000000000000053c       0x39 Core/Src/tim.o
 .ARM.attributes
                0x0000000000000575       0x21 Core/Startup/startup_stm32g474retx.o
 .ARM.attributes
                0x0000000000000596       0x39 Drivers/STM32G4xx_HAL_Driver/Src/stm32g4xx_hal.o
 .ARM.attributes
                0x00000000000005cf       0x39 Drivers/STM32G4xx_HAL_Driver/Src/stm32g4xx_hal_adc.o
 .ARM.attributes
                0x0000000000000608       0x39 Drivers/STM32G4xx_HAL_Driver/Src/stm32g4xx_hal_adc_ex.o
 .ARM.attributes
                0x0000000000000641       0x39 Drivers/STM32G4xx_HAL_Driver/Src/stm32g4xx_hal_cordic.o
 .ARM.attributes
                0x000000000000067a       0x39 Drivers/STM32G4xx_HAL_Driver/Src/stm32g4xx_hal_cortex.o
 .ARM.attributes
                0x00000000000006b3       0x39 Drivers/STM32G4xx_HAL_Driver/Src/stm32g4xx_hal_dma.o
 .ARM.attributes
                0x00000000000006ec       0x39 Drivers/STM32G4xx_HAL_Driver/Src/stm32g4xx_hal_dma_ex.o
 .ARM.attributes
                0x0000000000000725       0x39 Drivers/STM32G4xx_HAL_Driver/Src/stm32g4xx_hal_fmac.o
 .ARM.attributes
                0x000000000000075e       0x39 Drivers/STM32G4xx_HAL_Driver/Src/stm32g4xx_hal_gpio.o
 .ARM.attributes
                0x0000000000000797       0x39 Drivers/STM32G4xx_HAL_Driver/Src/stm32g4xx_hal_hrtim.o
 .ARM.attributes
                0x00000000000007d0       0x39 Drivers/STM32G4xx_HAL_Driver/Src/stm32g4xx_hal_pwr_ex.o
 .ARM.attributes
                0x0000000000000809       0x39 Drivers/STM32G4xx_HAL_Driver/Src/stm32g4xx_hal_rcc.o
 .ARM.attributes
                0x0000000000000842       0x39 Drivers/STM32G4xx_HAL_Driver/Src/stm32g4xx_hal_rcc_ex.o
 .ARM.attributes
                0x000000000000087b       0x39 Drivers/STM32G4xx_HAL_Driver/Src/stm32g4xx_hal_rng.o
 .ARM.attributes
                0x00000000000008b4       0x39 Drivers/STM32G4xx_HAL_Driver/Src/stm32g4xx_hal_tim.o
 .ARM.attributes
                0x00000000000008ed       0x39 Drivers/STM32G4xx_HAL_Driver/Src/stm32g4xx_hal_tim_ex.o
 .ARM.attributes
                0x0000000000000926       0x34 c:/st/stm32cubeide_1.5.1/stm32cubeide/plugins/com.st.stm32cube.ide.mcu.externaltools.gnu-tools-for-stm32.7-2018-q2-update.win32_1.5.0.202011040924/tools/bin/../lib/gcc/arm-none-eabi/7.3.1/../../../../arm-none-eabi/lib/thumb/v7e-m/fpv4-sp/hard\libc_nano.a(lib_a-init.o)
 .ARM.attributes
                0x000000000000095a       0x34 c:/st/stm32cubeide_1.5.1/stm32cubeide/plugins/com.st.stm32cube.ide.mcu.externaltools.gnu-tools-for-stm32.7-2018-q2-update.win32_1.5.0.202011040924/tools/bin/../lib/gcc/arm-none-eabi/7.3.1/../../../../arm-none-eabi/lib/thumb/v7e-m/fpv4-sp/hard\libc_nano.a(lib_a-memcpy-stub.o)
 .ARM.attributes
                0x000000000000098e       0x34 c:/st/stm32cubeide_1.5.1/stm32cubeide/plugins/com.st.stm32cube.ide.mcu.externaltools.gnu-tools-for-stm32.7-2018-q2-update.win32_1.5.0.202011040924/tools/bin/../lib/gcc/arm-none-eabi/7.3.1/../../../../arm-none-eabi/lib/thumb/v7e-m/fpv4-sp/hard\libc_nano.a(lib_a-memset.o)
 .ARM.attributes
                0x00000000000009c2       0x22 c:/st/stm32cubeide_1.5.1/stm32cubeide/plugins/com.st.stm32cube.ide.mcu.externaltools.gnu-tools-for-stm32.7-2018-q2-update.win32_1.5.0.202011040924/tools/bin/../lib/gcc/arm-none-eabi/7.3.1/thumb/v7e-m/fpv4-sp/hard\libgcc.a(_arm_addsubdf3.o)
 .ARM.attributes
                0x00000000000009e4       0x22 c:/st/stm32cubeide_1.5.1/stm32cubeide/plugins/com.st.stm32cube.ide.mcu.externaltools.gnu-tools-for-stm32.7-2018-q2-update.win32_1.5.0.202011040924/tools/bin/../lib/gcc/arm-none-eabi/7.3.1/thumb/v7e-m/fpv4-sp/hard\libgcc.a(_arm_muldivdf3.o)
 .ARM.attributes
                0x0000000000000a06       0x22 c:/st/stm32cubeide_1.5.1/stm32cubeide/plugins/com.st.stm32cube.ide.mcu.externaltools.gnu-tools-for-stm32.7-2018-q2-update.win32_1.5.0.202011040924/tools/bin/../lib/gcc/arm-none-eabi/7.3.1/thumb/v7e-m/fpv4-sp/hard\libgcc.a(_arm_fixunsdfsi.o)
 .ARM.attributes
                0x0000000000000a28       0x22 c:/st/stm32cubeide_1.5.1/stm32cubeide/plugins/com.st.stm32cube.ide.mcu.externaltools.gnu-tools-for-stm32.7-2018-q2-update.win32_1.5.0.202011040924/tools/bin/../lib/gcc/arm-none-eabi/7.3.1/thumb/v7e-m/fpv4-sp/hard\libgcc.a(_arm_truncdfsf2.o)
 .ARM.attributes
                0x0000000000000a4a       0x22 c:/st/stm32cubeide_1.5.1/stm32cubeide/plugins/com.st.stm32cube.ide.mcu.externaltools.gnu-tools-for-stm32.7-2018-q2-update.win32_1.5.0.202011040924/tools/bin/../lib/gcc/arm-none-eabi/7.3.1/thumb/v7e-m/fpv4-sp/hard/crtn.o
OUTPUT(Eltek_Control_v.1.2.elf elf32-littlearm)

.debug_info     0x0000000000000000    0x287f4
 .debug_info    0x0000000000000000      0xe8a Core/Src/DPC_Datacollector.o
 .debug_info    0x0000000000000e8a      0x444 Core/Src/DPC_Faulterror.o
 .debug_info    0x00000000000012ce     0x1967 Core/Src/DPC_Loopctrl.o
 .debug_info    0x0000000000002c35      0x411 Core/Src/DPC_Math.o
 .debug_info    0x0000000000003046     0x15fa Core/Src/DPC_Miscellaneous.o
 .debug_info    0x0000000000004640      0xaf3 Core/Src/DPC_PLL.o
 .debug_info    0x0000000000005133     0x2397 Core/Src/DPC_PWMConverter.o
 .debug_info    0x00000000000074ca      0x476 Core/Src/DPC_Pid.o
 .debug_info    0x0000000000007940      0x218 Core/Src/DPC_Timeout.o
 .debug_info    0x0000000000007b58      0x7de Core/Src/DPC_Transforms.o
 .debug_info    0x0000000000008336     0x109e Core/Src/DPC_adc_converter.o
 .debug_info    0x00000000000093d4      0xf57 Core/Src/adc.o
 .debug_info    0x000000000000a32b      0x940 Core/Src/cordic.o
 .debug_info    0x000000000000ac6b      0x75f Core/Src/dma.o
 .debug_info    0x000000000000b3ca      0xa17 Core/Src/fmac.o
 .debug_info    0x000000000000bde1      0x614 Core/Src/gpio.o
 .debug_info    0x000000000000c3f5     0x1755 Core/Src/hrtim.o
 .debug_info    0x000000000000db4a     0x3334 Core/Src/main.o
 .debug_info    0x0000000000010e7e      0x624 Core/Src/rng.o
 .debug_info    0x00000000000114a2      0x4bd Core/Src/stm32g4xx_hal_msp.o
 .debug_info    0x000000000001195f     0x1103 Core/Src/stm32g4xx_it.o
 .debug_info    0x0000000000012a62      0x6af Core/Src/system_stm32g4xx.o
 .debug_info    0x0000000000013111     0x1043 Core/Src/tim.o
 .debug_info    0x0000000000014154       0x22 Core/Startup/startup_stm32g474retx.o
 .debug_info    0x0000000000014176      0xc64 Drivers/STM32G4xx_HAL_Driver/Src/stm32g4xx_hal.o
 .debug_info    0x0000000000014dda     0x20e7 Drivers/STM32G4xx_HAL_Driver/Src/stm32g4xx_hal_adc.o
 .debug_info    0x0000000000016ec1     0x1df8 Drivers/STM32G4xx_HAL_Driver/Src/stm32g4xx_hal_adc_ex.o
 .debug_info    0x0000000000018cb9      0xc16 Drivers/STM32G4xx_HAL_Driver/Src/stm32g4xx_hal_cordic.o
 .debug_info    0x00000000000198cf      0xf75 Drivers/STM32G4xx_HAL_Driver/Src/stm32g4xx_hal_cortex.o
 .debug_info    0x000000000001a844      0xa07 Drivers/STM32G4xx_HAL_Driver/Src/stm32g4xx_hal_dma.o
 .debug_info    0x000000000001b24b      0x7ab Drivers/STM32G4xx_HAL_Driver/Src/stm32g4xx_hal_dma_ex.o
 .debug_info    0x000000000001b9f6     0x12eb Drivers/STM32G4xx_HAL_Driver/Src/stm32g4xx_hal_fmac.o
 .debug_info    0x000000000001cce1      0x978 Drivers/STM32G4xx_HAL_Driver/Src/stm32g4xx_hal_gpio.o
 .debug_info    0x000000000001d659     0x3e75 Drivers/STM32G4xx_HAL_Driver/Src/stm32g4xx_hal_hrtim.o
 .debug_info    0x00000000000214ce      0xa9c Drivers/STM32G4xx_HAL_Driver/Src/stm32g4xx_hal_pwr_ex.o
 .debug_info    0x0000000000021f6a      0xd03 Drivers/STM32G4xx_HAL_Driver/Src/stm32g4xx_hal_rcc.o
 .debug_info    0x0000000000022c6d      0xdc2 Drivers/STM32G4xx_HAL_Driver/Src/stm32g4xx_hal_rcc_ex.o
 .debug_info    0x0000000000023a2f      0x5df Drivers/STM32G4xx_HAL_Driver/Src/stm32g4xx_hal_rng.o
 .debug_info    0x000000000002400e     0x2b3d Drivers/STM32G4xx_HAL_Driver/Src/stm32g4xx_hal_tim.o
 .debug_info    0x0000000000026b4b     0x1ca9 Drivers/STM32G4xx_HAL_Driver/Src/stm32g4xx_hal_tim_ex.o

.debug_abbrev   0x0000000000000000     0x49b8
 .debug_abbrev  0x0000000000000000      0x243 Core/Src/DPC_Datacollector.o
 .debug_abbrev  0x0000000000000243      0x143 Core/Src/DPC_Faulterror.o
 .debug_abbrev  0x0000000000000386      0x261 Core/Src/DPC_Loopctrl.o
 .debug_abbrev  0x00000000000005e7      0x177 Core/Src/DPC_Math.o
 .debug_abbrev  0x000000000000075e      0x28f Core/Src/DPC_Miscellaneous.o
 .debug_abbrev  0x00000000000009ed      0x189 Core/Src/DPC_PLL.o
 .debug_abbrev  0x0000000000000b76      0x2ec Core/Src/DPC_PWMConverter.o
 .debug_abbrev  0x0000000000000e62      0x13f Core/Src/DPC_Pid.o
 .debug_abbrev  0x0000000000000fa1      0x117 Core/Src/DPC_Timeout.o
 .debug_abbrev  0x00000000000010b8      0x1ac Core/Src/DPC_Transforms.o
 .debug_abbrev  0x0000000000001264      0x1eb Core/Src/DPC_adc_converter.o
 .debug_abbrev  0x000000000000144f      0x1e2 Core/Src/adc.o
 .debug_abbrev  0x0000000000001631      0x17f Core/Src/cordic.o
 .debug_abbrev  0x00000000000017b0      0x12e Core/Src/dma.o