Archive member included to satisfy reference by file (symbol)

c:/st/stm32cubeide_1.5.1/stm32cubeide/plugins/com.st.stm32cube.ide.mcu.externaltools.gnu-tools-for-stm32.7-2018-q2-update.win32_1.5.0.202011040924/tools/bin/../lib/gcc/arm-none-eabi/7.3.1/../../../../arm-none-eabi/lib/thumb/v7e-m/fpv4-sp/hard\libc_nano.a(lib_a-errno.o)
                              Core/Src/syscalls.o (__errno)
c:/st/stm32cubeide_1.5.1/stm32cubeide/plugins/com.st.stm32cube.ide.mcu.externaltools.gnu-tools-for-stm32.7-2018-q2-update.win32_1.5.0.202011040924/tools/bin/../lib/gcc/arm-none-eabi/7.3.1/../../../../arm-none-eabi/lib/thumb/v7e-m/fpv4-sp/hard\libc_nano.a(lib_a-exit.o)
                              c:/st/stm32cubeide_1.5.1/stm32cubeide/plugins/com.st.stm32cube.ide.mcu.externaltools.gnu-tools-for-stm32.7-2018-q2-update.win32_1.5.0.202011040924/tools/bin/../lib/gcc/arm-none-eabi/7.3.1/../../../../arm-none-eabi/lib/thumb/v7e-m/fpv4-sp/hard/crt0.o (exit)
c:/st/stm32cubeide_1.5.1/stm32cubeide/plugins/com.st.stm32cube.ide.mcu.externaltools.gnu-tools-for-stm32.7-2018-q2-update.win32_1.5.0.202011040924/tools/bin/../lib/gcc/arm-none-eabi/7.3.1/../../../../arm-none-eabi/lib/thumb/v7e-m/fpv4-sp/hard\libc_nano.a(lib_a-impure.o)
                              c:/st/stm32cubeide_1.5.1/stm32cubeide/plugins/com.st.stm32cube.ide.mcu.externaltools.gnu-tools-for-stm32.7-2018-q2-update.win32_1.5.0.202011040924/tools/bin/../lib/gcc/arm-none-eabi/7.3.1/../../../../arm-none-eabi/lib/thumb/v7e-m/fpv4-sp/hard\libc_nano.a(lib_a-exit.o) (_global_impure_ptr)
c:/st/stm32cubeide_1.5.1/stm32cubeide/plugins/com.st.stm32cube.ide.mcu.externaltools.gnu-tools-for-stm32.7-2018-q2-update.win32_1.5.0.202011040924/tools/bin/../lib/gcc/arm-none-eabi/7.3.1/../../../../arm-none-eabi/lib/thumb/v7e-m/fpv4-sp/hard\libc_nano.a(lib_a-init.o)
                              c:/st/stm32cubeide_1.5.1/stm32cubeide/plugins/com.st.stm32cube.ide.mcu.externaltools.gnu-tools-for-stm32.7-2018-q2-update.win32_1.5.0.202011040924/tools/bin/../lib/gcc/arm-none-eabi/7.3.1/../../../../arm-none-eabi/lib/thumb/v7e-m/fpv4-sp/hard/crt0.o (__libc_init_array)
c:/st/stm32cubeide_1.5.1/stm32cubeide/plugins/com.st.stm32cube.ide.mcu.externaltools.gnu-tools-for-stm32.7-2018-q2-update.win32_1.5.0.202011040924/tools/bin/../lib/gcc/arm-none-eabi/7.3.1/../../../../arm-none-eabi/lib/thumb/v7e-m/fpv4-sp/hard\libc_nano.a(lib_a-memcpy-stub.o)
                              Core/Src/DPC_Loopctrl.o (memcpy)
c:/st/stm32cubeide_1.5.1/stm32cubeide/plugins/com.st.stm32cube.ide.mcu.externaltools.gnu-tools-for-stm32.7-2018-q2-update.win32_1.5.0.202011040924/tools/bin/../lib/gcc/arm-none-eabi/7.3.1/../../../../arm-none-eabi/lib/thumb/v7e-m/fpv4-sp/hard\libc_nano.a(lib_a-memset.o)
                              c:/st/stm32cubeide_1.5.1/stm32cubeide/plugins/com.st.stm32cube.ide.mcu.externaltools.gnu-tools-for-stm32.7-2018-q2-update.win32_1.5.0.202011040924/tools/bin/../lib/gcc/arm-none-eabi/7.3.1/../../../../arm-none-eabi/lib/thumb/v7e-m/fpv4-sp/hard/crt0.o (memset)
c:/st/stm32cubeide_1.5.1/stm32cubeide/plugins/com.st.stm32cube.ide.mcu.externaltools.gnu-tools-for-stm32.7-2018-q2-update.win32_1.5.0.202011040924/tools/bin/../lib/gcc/arm-none-eabi/7.3.1/../../../../arm-none-eabi/lib/thumb/v7e-m/fpv4-sp/hard\libc_nano.a(lib_a-sprintf.o)
                              Core/Src/DPC_Telemetry.o (sprintf)
c:/st/stm32cubeide_1.5.1/stm32cubeide/plugins/com.st.stm32cube.ide.mcu.externaltools.gnu-tools-for-stm32.7-2018-q2-update.win32_1.5.0.202011040924/tools/bin/../lib/gcc/arm-none-eabi/7.3.1/../../../../arm-none-eabi/lib/thumb/v7e-m/fpv4-sp/hard\libc_nano.a(lib_a-nano-svfprintf.o)
                              c:/st/stm32cubeide_1.5.1/stm32cubeide/plugins/com.st.stm32cube.ide.mcu.externaltools.gnu-tools-for-stm32.7-2018-q2-update.win32_1.5.0.202011040924/tools/bin/../lib/gcc/arm-none-eabi/7.3.1/../../../../arm-none-eabi/lib/thumb/v7e-m/fpv4-sp/hard\libc_nano.a(lib_a-sprintf.o) (_svfprintf_r)
c:/st/stm32cubeide_1.5.1/stm32cubeide/plugins/com.st.stm32cube.ide.mcu.externaltools.gnu-tools-for-stm32.7-2018-q2-update.win32_1.5.0.202011040924/tools/bin/../lib/gcc/arm-none-eabi/7.3.1/../../../../arm-none-eabi/lib/thumb/v7e-m/fpv4-sp/hard\libc_nano.a(lib_a-nano-vfprintf_i.o)
                              c:/st/stm32cubeide_1.5.1/stm32cubeide/plugins/com.st.stm32cube.ide.mcu.externaltools.gnu-tools-for-stm32.7-2018-q2-update.win32_1.5.0.202011040924/tools/bin/../lib/gcc/arm-none-eabi/7.3.1/../../../../arm-none-eabi/lib/thumb/v7e-m/fpv4-sp/hard\libc_nano.a(lib_a-nano-svfprintf.o) (_printf_i)
c:/st/stm32cubeide_1.5.1/stm32cubeide/plugins/com.st.stm32cube.ide.mcu.externaltools.gnu-tools-for-stm32.7-2018-q2-update.win32_1.5.0.202011040924/tools/bin/../lib/gcc/arm-none-eabi/7.3.1/../../../../arm-none-eabi/lib/thumb/v7e-m/fpv4-sp/hard\libc_nano.a(lib_a-memchr.o)
[...]
Memory Configuration

Name             Origin             Length             Attributes
RAM              0x0000000020000000 0x0000000000020000 xrw
FLASH            0x0000000008000000 0x0000000000080000 xr
*default*        0x0000000000000000 0xffffffffffffffff

Linker script and memory map

LOAD c:/st/stm32cubeide_1.5.1/stm32cubeide/plugins/com.st.stm32cube.ide.mcu.externaltools.gnu-tools-for-stm32.7-2018-q2-update.win32_1.5.0.202011040924/tools/bin/../lib/gcc/arm-none-eabi/7.3.1/thumb/v7e-m/fpv4-sp/hard/crti.o
LOAD c:/st/stm32cubeide_1.5.1/stm32cubeide/plugins/com.st.stm32cube.ide.mcu.externaltools.gnu-tools-for-stm32.7-2018-q2-update.win32_1.5.0.202011040924/tools/bin/../lib/gcc/arm-none-eabi/7.3.1/thumb/v7e-m/fpv4-sp/hard/crtbegin.o
LOAD c:/st/stm32cubeide_1.5.1/stm32cubeide/plugins/com.st.stm32cube.ide.mcu.externaltools.gnu-tools-for-stm32.7-2018-q2-update.win32_1.5.0.202011040924/tools/bin/../lib/gcc/arm-none-eabi/7.3.1/../../../../arm-none-eabi/lib/thumb/v7e-m/fpv4-sp/hard/crt0.o
LOAD Core/Src/DPC_Datacollector.o
LOAD Core/Src/DPC_FSM.o
LOAD Core/Src/DPC_Faulterror.o
LOAD Core/Src/DPC_LUT.o
LOAD Core/Src/DPC_Loopctrl.o
LOAD Core/Src/DPC_Math.o
LOAD Core/Src/DPC_Miscellaneous.o
LOAD Core/Src/DPC_PLL.o
LOAD Core/Src/DPC_PWMConverter.o
LOAD Core/Src/DPC_Pid.o
LOAD Core/Src/DPC_Telemetry.o
LOAD Core/Src/DPC_Timeout.o
LOAD Core/Src/DPC_Transforms.o
LOAD Core/Src/DPC_adc_converter.o
LOAD Core/Src/adc.o
LOAD Core/Src/cordic.o
LOAD Core/Src/dma.o
LOAD Core/Src/fmac.o
LOAD Core/Src/gpio.o
LOAD Core/Src/hrtim.o
LOAD Core/Src/main.o
LOAD Core/Src/rng.o
LOAD Core/Src/stm32g4xx_hal_msp.o
LOAD Core/Src/stm32g4xx_it.o
LOAD Core/Src/syscalls.o
LOAD Core/Src/sysmem.o
LOAD Core/Src/system_stm32g4xx.o
LOAD Core/Src/tim.o
LOAD Core/Startup/startup_stm32g474retx.o
LOAD Drivers/STM32G4xx_HAL_Driver/Src/stm32g4xx_hal.o
LOAD Drivers/STM32G4xx_HAL_Driver/Src/stm32g4xx_hal_adc.o
LOAD Drivers/STM32G4xx_HAL_Driver/Src/stm32g4xx_hal_adc_ex.o
LOAD Drivers/STM32G4xx_HAL_Driver/Src/stm32g4xx_hal_cordic.o
LOAD Drivers/STM32G4xx_HAL_Driver/Src/stm32g4xx_hal_cortex.o
LOAD Drivers/STM32G4xx_HAL_Driver/Src/stm32g4xx_hal_dma.o
LOAD Drivers/STM32G4xx_HAL_Driver/Src/stm32g4xx_hal_dma_ex.o
LOAD Drivers/STM32G4xx_HAL_Driver/Src/stm32g4xx_hal_exti.o
LOAD Drivers/STM32G4xx_HAL_Driver/Src/stm32g4xx_hal_flash.o
LOAD Drivers/STM32G4xx_HAL_Driver/Src/stm32g4xx_hal_flash_ex.o
LOAD Drivers/STM32G4xx_HAL_Driver/Src/stm32g4xx_hal_flash_ramfunc.o
LOAD Drivers/STM32G4xx_HAL_Driver/Src/stm32g4xx_hal_fmac.o
LOAD Drivers/STM32G4xx_HAL_Driver/Src/stm32g4xx_hal_gpio.o
LOAD Drivers/STM32G4xx_HAL_Driver/Src/stm32g4xx_hal_hrtim.o
LOAD Drivers/STM32G4xx_HAL_Driver/Src/stm32g4xx_hal_pwr.o
LOAD Drivers/STM32G4xx_HAL_Driver/Src/stm32g4xx_hal_pwr_ex.o
LOAD Drivers/STM32G4xx_HAL_Driver/Src/stm32g4xx_hal_rcc.o
LOAD Drivers/STM32G4xx_HAL_Driver/Src/stm32g4xx_hal_rcc_ex.o
LOAD Drivers/STM32G4xx_HAL_Driver/Src/stm32g4xx_hal_rng.o
LOAD Drivers/STM32G4xx_HAL_Driver/Src/stm32g4xx_hal_tim.o
LOAD Drivers/STM32G4xx_HAL_Driver/Src/stm32g4xx_hal_tim_ex.o
LOAD Drivers/STM32G4xx_HAL_Driver/Src/stm32g4xx_ll_adc.o
START GROUP
LOAD c:/st/stm32cubeide_1.5.1/stm32cubeide/plugins/com.st.stm32cube.ide.mcu.externaltools.gnu-tools-for-stm32.7-2018-q2-update.win32_1.5.0.202011040924/tools/bin/../lib/gcc/arm-none-eabi/7.3.1/../../../../arm-none-eabi/lib/thumb/v7e-m/fpv4-sp/hard\libc_nano.a
LOAD c:/st/stm32cubeide_1.5.1/stm32cubeide/plugins/com.st.stm32cube.ide.mcu.externaltools.gnu-tools-for-stm32.7-2018-q2-update.win32_1.5.0.202011040924/tools/bin/../lib/gcc/arm-none-eabi/7.3.1/../../../../arm-none-eabi/lib/thumb/v7e-m/fpv4-sp/hard\libm.a
END GROUP
START GROUP
LOAD c:/st/stm32cubeide_1.5.1/stm32cubeide/plugins/com.st.stm32cube.ide.mcu.externaltools.gnu-tools-for-stm32.7-2018-q2-update.win32_1.5.0.202011040924/tools/bin/../lib/gcc/arm-none-eabi/7.3.1/thumb/v7e-m/fpv4-sp/hard\libgcc.a
LOAD c:/st/stm32cubeide_1.5.1/stm32cubeide/plugins/com.st.stm32cube.ide.mcu.externaltools.gnu-tools-for-stm32.7-2018-q2-update.win32_1.5.0.202011040924/tools/bin/../lib/gcc/arm-none-eabi/7.3.1/../../../../arm-none-eabi/lib/thumb/v7e-m/fpv4-sp/hard\libc_nano.a
END GROUP
START GROUP
LOAD c:/st/stm32cubeide_1.5.1/stm32cubeide/plugins/com.st.stm32cube.ide.mcu.externaltools.gnu-tools-for-stm32.7-2018-q2-update.win32_1.5.0.202011040924/tools/bin/../lib/gcc/arm-none-eabi/7.3.1/thumb/v7e-m/fpv4-sp/hard\libgcc.a
LOAD c:/st/stm32cubeide_1.5.1/stm32cubeide/plugins/com.st.stm32cube.ide.mcu.externaltools.gnu-tools-for-stm32.7-2018-q2-update.win32_1.5.0.202011040924/tools/bin/../lib/gcc/arm-none-eabi/7.3.1/../../../../arm-none-eabi/lib/thumb/v7e-m/fpv4-sp/hard\libc_nano.a
LOAD c:/st/stm32cubeide_1.5.1/stm32cubeide/plugins/com.st.stm32cube.ide.mcu.externaltools.gnu-tools-for-stm32.7-2018-q2-update.win32_1.5.0.202011040924/tools/bin/../lib/gcc/arm-none-eabi/7.3.1/../../../../arm-none-eabi/lib/thumb/v7e-m/fpv4-sp/hard\libnosys.a
END GROUP
START GROUP
LOAD c:/st/stm32cubeide_1.5.1/stm32cubeide/plugins/com.st.stm32cube.ide.mcu.externaltools.gnu-tools-for-stm32.7-2018-q2-update.win32_1.5.0.202011040924/tools/bin/../lib/gcc/arm-none-eabi/7.3.1/thumb/v7e-m/fpv4-sp/hard\libgcc.a
LOAD c:/st/stm32cubeide_1.5.1/stm32cubeide/plugins/com.st.stm32cube.ide.mcu.externaltools.gnu-tools-for-stm32.7-2018-q2-update.win32_1.5.0.202011040924/tools/bin/../lib/gcc/arm-none-eabi/7.3.1/../../../../arm-none-eabi/lib/thumb/v7e-m/fpv4-sp/hard\libc_nano.a
LOAD c:/st/stm32cubeide_1.5.1/stm32cubeide/plugins/com.st.stm32cube.ide.mcu.externaltools.gnu-tools-for-stm32.7-2018-q2-update.win32_1.5.0.202011040924/tools/bin/../lib/gcc/arm-none-eabi/7.3.1/../../../../arm-none-eabi/lib/thumb/v7e-m/fpv4-sp/hard\libnosys.a
END GROUP
LOAD c:/st/stm32cubeide_1.5.1/stm32cubeide/plugins/com.st.stm32cube.ide.mcu.externaltools.gnu-tools-for-stm32.7-2018-q2-update.win32_1.5.0.202011040924/tools/bin/../lib/gcc/arm-none-eabi/7.3.1/thumb/v7e-m/fpv4-sp/hard/crtend.o
LOAD c:/st/stm32cubeide_1.5.1/stm32cubeide/plugins/com.st.stm32cube.ide.mcu.externaltools.gnu-tools-for-stm32.7-2018-q2-update.win32_1.5.0.202011040924/tools/bin/../lib/gcc/arm-none-eabi/7.3.1/thumb/v7e-m/fpv4-sp/hard/crtn.o
                0x0000000020020000                _estack = (ORIGIN (RAM) + LENGTH (RAM))
                0x0000000000000200                _Min_Heap_Size = 0x200
                0x0000000000000400                _Min_Stack_Size = 0x400

.isr_vector     0x0000000008000000      0x1d8
                0x0000000008000000                . = ALIGN (0x4)
 *(.isr_vector)
 .isr_vector    0x0000000008000000      0x1d8 Core/Startup/startup_stm32g474retx.o
                0x0000000008000000                g_pfnVectors
                0x00000000080001d8                . = ALIGN (0x4)

.text           0x00000000080001d8     0xd2dc
                0x00000000080001d8                . = ALIGN (0x4)
 *(.text)
 .text          0x00000000080001d8       0x40 c:/st/stm32cubeide_1.5.1/stm32cubeide/plugins/com.st.stm32cube.ide.mcu.externaltools.gnu-tools-for-stm32.7-2018-q2-update.win32_1.5.0.202011040924/tools/bin/../lib/gcc/arm-none-eabi/7.3.1/thumb/v7e-m/fpv4-sp/hard/crtbegin.o
 .text          0x0000000008000218      0x378 c:/st/stm32cubeide_1.5.1/stm32cubeide/plugins/com.st.stm32cube.ide.mcu.externaltools.gnu-tools-for-stm32.7-2018-q2-update.win32_1.5.0.202011040924/tools/bin/../lib/gcc/arm-none-eabi/7.3.1/thumb/v7e-m/fpv4-sp/hard\libgcc.a(_arm_addsubdf3.o)
                0x0000000008000218                __aeabi_drsub
                0x0000000008000220                __aeabi_dsub
                0x0000000008000220                __subdf3
                0x0000000008000224                __aeabi_dadd
                0x0000000008000224                __adddf3
                0x000000000800049c                __floatunsidf
                0x000000000800049c                __aeabi_ui2d
                0x00000000080004bc                __floatsidf
                0x00000000080004bc                __aeabi_i2d
                0x00000000080004e0                __aeabi_f2d
                0x00000000080004e0                __extendsfdf2
                0x0000000008000524                __floatundidf
                0x0000000008000524                __aeabi_ul2d
                0x0000000008000534                __floatdidf
                0x0000000008000534                __aeabi_l2d
 .text          0x0000000008000590      0x424 c:/st/stm32cubeide_1.5.1/stm32cubeide/plugins/com.st.stm32cube.ide.mcu.externaltools.gnu-tools-for-stm32.7-2018-q2-update.win32_1.5.0.202011040924/tools/bin/../lib/gcc/arm-none-eabi/7.3.1/thumb/v7e-m/fpv4-sp/hard\libgcc.a(_arm_muldivdf3.o)
                0x0000000008000590                __aeabi_dmul
                0x0000000008000590                __muldf3
                0x00000000080007e4                __divdf3
                0x00000000080007e4                __aeabi_ddiv
 .text          0x00000000080009b4       0x40 c:/st/stm32cubeide_1.5.1/stm32cubeide/plugins/com.st.stm32cube.ide.mcu.externaltools.gnu-tools-for-stm32.7-2018-q2-update.win32_1.5.0.202011040924/tools/bin/../lib/gcc/arm-none-eabi/7.3.1/thumb/v7e-m/fpv4-sp/hard\libgcc.a(_arm_fixunsdfsi.o)
                0x00000000080009b4                __aeabi_d2uiz
                0x00000000080009b4                __fixunsdfsi
 .text          0x00000000080009f4       0xa0 c:/st/stm32cubeide_1.5.1/stm32cubeide/plugins/com.st.stm32cube.ide.mcu.externaltools.gnu-tools-for-stm32.7-2018-q2-update.win32_1.5.0.202011040924/tools/bin/../lib/gcc/arm-none-eabi/7.3.1/thumb/v7e-m/fpv4-sp/hard\libgcc.a(_arm_truncdfsf2.o)
                0x00000000080009f4                __truncdfsf2
                0x00000000080009f4                __aeabi_d2f
 *(.text*)
 .text.DATA_Write_Theta_PLL
                0x0000000008000a94       0x20 Core/Src/DPC_Datacollector.o
                0x0000000008000a94                DATA_Write_Theta_PLL
 .text.DATA_Read_Theta_PLL
                0x0000000008000ab4       0x1c Core/Src/DPC_Datacollector.o
                0x0000000008000ab4                DATA_Read_Theta_PLL
 .text.DATA_CURR_Write_ClarkePark
                0x0000000008000ad0       0x40 Core/Src/DPC_Datacollector.o
                0x0000000008000ad0                DATA_CURR_Write_ClarkePark
 .text.DATA_VOLT_Write_ClarkePark
                0x0000000008000b10       0x40 Core/Src/DPC_Datacollector.o
                0x0000000008000b10                DATA_VOLT_Write_ClarkePark
 .text.DATA_Acquisition_from_DMA
                0x0000000008000b50       0x84 Core/Src/DPC_Datacollector.o
                0x0000000008000b50                DATA_Acquisition_from_DMA
 .text.Read_GRID
                0x0000000008000bd4       0x14 Core/Src/DPC_Datacollector.o
                0x0000000008000bd4                Read_GRID
 .text.Read_Curr_GRID
                0x0000000008000be8       0x14 Core/Src/DPC_Datacollector.o
                0x0000000008000be8                Read_Curr_GRID
 .text.Read_Volt_DC
                0x0000000008000bfc       0x14 Core/Src/DPC_Datacollector.o
                0x0000000008000bfc                Read_Volt_DC
 .text.DPC_FSM_Application
                0x0000000008000c10      0x124 Core/Src/DPC_FSM.o
                0x0000000008000c10                DPC_FSM_Application
 .text.DPC_FSM_State_Get
                0x0000000008000d34       0x18 Core/Src/DPC_FSM.o
                0x0000000008000d34                DPC_FSM_State_Get
 .text.DPC_FSM_State_Set
                0x0000000008000d4c       0x20 Core/Src/DPC_FSM.o
                0x0000000008000d4c                DPC_FSM_State_Set
 .text.DPC_FLT_Faulterror_Check
                0x0000000008000d6c      0x290 Core/Src/DPC_Faulterror.o
                0x0000000008000d6c                DPC_FLT_Faulterror_Check
 .text.DPC_FLT_Faulterror_Set
                0x0000000008000ffc       0x24 Core/Src/DPC_Faulterror.o
                0x0000000008000ffc                DPC_FLT_Faulterror_Set
 .text.DPC_FLT_Error_Reset
                0x0000000008001020      0x1b4 Core/Src/DPC_Faulterror.o
                0x0000000008001020                DPC_FLT_Error_Reset
 .text.Current_Decoupling_Control
                0x00000000080011d4      0x156 Core/Src/DPC_Loopctrl.o
                0x00000000080011d4                Current_Decoupling_Control
 .text.FeedForward_Control
                0x000000000800132a       0x64 Core/Src/DPC_Loopctrl.o
                0x000000000800132a                FeedForward_Control
 .text.Voltage_Control
                0x000000000800138e       0x3e Core/Src/DPC_Loopctrl.o
                0x000000000800138e                Voltage_Control
 .text.DPC_LPCNTRL_PFC_Mode_Reset
                0x00000000080013cc       0x2e Core/Src/DPC_Loopctrl.o
                0x00000000080013cc                DPC_LPCNTRL_PFC_Mode_Reset
 .text.DPC_LPCNTRL_PFC_Mode
                0x00000000080013fa      0x224 Core/Src/DPC_Loopctrl.o
                0x00000000080013fa                DPC_LPCNTRL_PFC_Mode
 .text.DPC_LPCNTRL_BURST_Init
                0x000000000800161e       0xf0 Core/Src/DPC_Loopctrl.o
                0x000000000800161e                DPC_LPCNTRL_BURST_Init
 .text.DPC_LPCNTRL_Burst_Check
                0x000000000800170e      0x168 Core/Src/DPC_Loopctrl.o
                0x000000000800170e                DPC_LPCNTRL_Burst_Check
 .text.DPC_LPCNTRL_Burst_Mode
                0x0000000008001876      0x20c Core/Src/DPC_Loopctrl.o
                0x0000000008001876                DPC_LPCNTRL_Burst_Mode
 .text.DPC_LPCNTRL_Inrush_Check
                0x0000000008001a82      0x17c Core/Src/DPC_Loopctrl.o
                0x0000000008001a82                DPC_LPCNTRL_Inrush_Check
 .text.DPC_LPCNTRL_Inrush_Init
                0x0000000008001bfe       0xbc Core/Src/DPC_Loopctrl.o
                0x0000000008001bfe                DPC_LPCNTRL_Inrush_Init
 .text.DPC_LPCNTRL_CDC_Init
                0x0000000008001cba       0x52 Core/Src/DPC_Loopctrl.o
                0x0000000008001cba                DPC_LPCNTRL_CDC_Init
 .text.DPC_LPCNTRL_PFC_Init
                0x0000000008001d0c       0x64 Core/Src/DPC_Loopctrl.o
                0x0000000008001d0c                DPC_LPCNTRL_PFC_Init
 .text.FastSin  0x0000000008001d70       0x98 Core/Src/DPC_Math.o
                0x0000000008001d70                FastSin
 .text.FastCos  0x0000000008001e08       0x30 Core/Src/DPC_Math.o
                0x0000000008001e08                FastCos
 .text.Integral
                0x0000000008001e38       0x50 Core/Src/DPC_Math.o
                0x0000000008001e38                Integral
 .text.DPC_MISC_Check_DCLoad
                0x0000000008001e88      0x1d4 Core/Src/DPC_Miscellaneous.o
                0x0000000008001e88                DPC_MISC_Check_DCLoad
 *fill*         0x000000000800205c        0x4 
 .text.DPC_MISC_DCLoad_Init
                0x0000000008002060      0x170 Core/Src/DPC_Miscellaneous.o
                0x0000000008002060                DPC_MISC_DCLoad_Init
 .text.DPC_MISC_ACSource_Init
                0x00000000080021d0      0x1fc Core/Src/DPC_Miscellaneous.o
                0x00000000080021d0                DPC_MISC_ACSource_Init
 .text.DPC_MISC_APPL_Timer_Init
                0x00000000080023cc       0x54 Core/Src/DPC_Miscellaneous.o
                0x00000000080023cc                DPC_MISC_APPL_Timer_Init
 .text.DPC_MISC_Appl_Timer_Start
                0x0000000008002420       0x34 Core/Src/DPC_Miscellaneous.o
                0x0000000008002420                DPC_MISC_Appl_Timer_Start
 .text.DPC_MISC_BLED_Set
                0x0000000008002454       0xa8 Core/Src/DPC_Miscellaneous.o
                0x0000000008002454                DPC_MISC_BLED_Set
 .text.DPC_MISC_CHECK_AC_SOURCE
                0x00000000080024fc      0x214 Core/Src/DPC_Miscellaneous.o
                0x00000000080024fc                DPC_MISC_CHECK_AC_SOURCE
 .text.DPC_PLL_Init
                0x0000000008002710       0xba Core/Src/DPC_PLL.o
                0x0000000008002710                DPC_PLL_Init
 *fill*         0x00000000080027ca        0x2 
 .text.DPC_PLL_pllqd_Run
                0x00000000080027cc      0x234 Core/Src/DPC_PLL.o
                0x00000000080027cc                DPC_PLL_pllqd_Run
 .text.DPC_PWM_Send_Burst_PWM
                0x0000000008002a00       0xbc Core/Src/DPC_PWMConverter.o
                0x0000000008002a00                DPC_PWM_Send_Burst_PWM
 .text.DPC_PWM_Send_Duty_SPWM
                0x0000000008002abc      0x350 Core/Src/DPC_PWMConverter.o
                0x0000000008002abc                DPC_PWM_Send_Duty_SPWM
 .text.DPC_PWM_HRTIM_Start
                0x0000000008002e0c       0x60 Core/Src/DPC_PWMConverter.o
                0x0000000008002e0c                DPC_PWM_HRTIM_Start
 .text.DPC_PWM_HRTIM_OutDisable
                0x0000000008002e6c       0x24 Core/Src/DPC_PWMConverter.o
                0x0000000008002e6c                DPC_PWM_HRTIM_OutDisable
 .text.DPC_PWM_HRTIM_OutEnable
                0x0000000008002e90       0x24 Core/Src/DPC_PWMConverter.o
                0x0000000008002e90                DPC_PWM_HRTIM_OutEnable
 .text.DPC_PWM_OutDisable
                0x0000000008002eb4        0xc Core/Src/DPC_PWMConverter.o
                0x0000000008002eb4                DPC_PWM_OutDisable
 .text.DPC_PWM_OutEnable
                0x0000000008002ec0       0x2c Core/Src/DPC_PWMConverter.o
                0x0000000008002ec0                DPC_PWM_OutEnable
 .text.DPC_PWM_Start
                0x0000000008002eec       0x10 Core/Src/DPC_PWMConverter.o
                0x0000000008002eec                DPC_PWM_Start
 .text.DPC_PWM_Init
                0x0000000008002efc      0x150 Core/Src/DPC_PWMConverter.o
                0x0000000008002efc                DPC_PWM_Init
 .text.DPC_PI_Init
                0x000000000800304c       0xa8 Core/Src/DPC_Pid.o
                0x000000000800304c                DPC_PI_Init
 .text.PI       0x00000000080030f4      0x142 Core/Src/DPC_Pid.o
                0x00000000080030f4                PI
 *fill*         0x0000000008003236        0x2 
 .text.DPC_TO_Init
                0x0000000008003238       0x40 Core/Src/DPC_Timeout.o
                0x0000000008003238                DPC_TO_Init
 .text.DPC_TO_Set
                0x0000000008003278       0x4c Core/Src/DPC_Timeout.o
                0x0000000008003278                DPC_TO_Set
 .text.DPC_TO_Check
                0x00000000080032c4       0x54 Core/Src/DPC_Timeout.o
                0x00000000080032c4                DPC_TO_Check
 .text.TimeoutMng
                0x0000000008003318       0x60 Core/Src/DPC_Timeout.o
                0x0000000008003318                TimeoutMng
 .text.Park     0x0000000008003378       0x92 Core/Src/DPC_Transforms.o
                0x0000000008003378                Park
 .text.InvPark  0x000000000800340a       0x8e Core/Src/DPC_Transforms.o
                0x000000000800340a                InvPark
 .text.Clarke   0x0000000008003498       0xbc Core/Src/DPC_Transforms.o
                0x0000000008003498                Clarke
 .text.InvClarke
                0x0000000008003554       0x74 Core/Src/DPC_Transforms.o
                0x0000000008003554                InvClarke
 .text.Clarke_Park
                0x00000000080035c8       0x78 Core/Src/DPC_Transforms.o
                0x00000000080035c8                Clarke_Park
 .text.Run_ClarkePark
                0x0000000008003640       0x64 Core/Src/DPC_Transforms.o
                0x0000000008003640                Run_ClarkePark
 .text.inv_Clarke_Park
                0x00000000080036a4       0x7c Core/Src/DPC_Transforms.o
                0x00000000080036a4                inv_Clarke_Park
 .text.Run_Inv_ClarkePark
                0x0000000008003720       0x64 Core/Src/DPC_Transforms.o
                0x0000000008003720                Run_Inv_ClarkePark
 .text.ADC_Voltage_AC_ProcessData
                0x0000000008003784       0x84 Core/Src/DPC_adc_converter.o
                0x0000000008003784                ADC_Voltage_AC_ProcessData
 .text.ADC2Phy_Voltage_ProcessData
                0x0000000008003808       0x94 Core/Src/DPC_adc_converter.o
                0x0000000008003808                ADC2Phy_Voltage_ProcessData
 .text.ADC_Voltage_DC_ProcessData
                0x000000000800389c       0x50 Core/Src/DPC_adc_converter.o
                0x000000000800389c                ADC_Voltage_DC_ProcessData
 .text.ADC2Phy_DC_Voltage_ProcessData
                0x00000000080038ec       0x7e Core/Src/DPC_adc_converter.o
                0x00000000080038ec                ADC2Phy_DC_Voltage_ProcessData
 *fill*         0x000000000800396a        0x2 
 .text.ADC_Current_AC_ProcessData
                0x000000000800396c       0x84 Core/Src/DPC_adc_converter.o
                0x000000000800396c                ADC_Current_AC_ProcessData
 .text.ADC_Current_AC_RAW_ProcessData
                0x00000000080039f0       0x50 Core/Src/DPC_adc_converter.o
                0x00000000080039f0                ADC_Current_AC_RAW_ProcessData
 .text.ADC2Phy_Current_ProcessData
                0x0000000008003a40       0x94 Core/Src/DPC_adc_converter.o
                0x0000000008003a40                ADC2Phy_Current_ProcessData
 .text.ADC2Phy_RMS_Current_ProcessData
                0x0000000008003ad4      0x200 Core/Src/DPC_adc_converter.o
                0x0000000008003ad4                ADC2Phy_RMS_Current_ProcessData
 .text.DPC_ADC_Init
                0x0000000008003cd4       0xb4 Core/Src/DPC_adc_converter.o
                0x0000000008003cd4                DPC_ADC_Init
 .text.DPC_ADC_Default_Init
                0x0000000008003d88      0x240 Core/Src/DPC_adc_converter.o
                0x0000000008003d88                DPC_ADC_Default_Init
 .text.MX_ADC1_Init
                0x0000000008003fc8      0x240 Core/Src/adc.o
                0x0000000008003fc8                MX_ADC1_Init
 .text.MX_ADC5_Init
                0x0000000008004208       0xcc Core/Src/adc.o
                0x0000000008004208                MX_ADC5_Init
 .text.HAL_ADC_MspInit
                0x00000000080042d4      0x16c Core/Src/adc.o
                0x00000000080042d4                HAL_ADC_MspInit
 .text.MX_CORDIC_Init
                0x0000000008004440       0x28 Core/Src/cordic.o
                0x0000000008004440                MX_CORDIC_Init
 .text.HAL_CORDIC_MspInit
                0x0000000008004468       0x40 Core/Src/cordic.o
                0x0000000008004468                HAL_CORDIC_MspInit
 .text.MX_DMA_Init
                0x00000000080044a8       0x94 Core/Src/dma.o
                0x00000000080044a8                MX_DMA_Init
 .text.MX_FMAC_Init
                0x000000000800453c       0x28 Core/Src/fmac.o
                0x000000000800453c                MX_FMAC_Init
 .text.HAL_FMAC_MspInit
                0x0000000008004564       0x40 Core/Src/fmac.o
                0x0000000008004564                HAL_FMAC_MspInit
 .text.MX_GPIO_Init
                0x00000000080045a4       0xc0 Core/Src/gpio.o
                0x00000000080045a4                MX_GPIO_Init
 .text.MX_HRTIM1_Init
                0x0000000008004664      0x404 Core/Src/hrtim.o
                0x0000000008004664                MX_HRTIM1_Init
 .text.HAL_HRTIM_MspInit
                0x0000000008004a68      0x288 Core/Src/hrtim.o
                0x0000000008004a68                HAL_HRTIM_MspInit
 .text.HAL_HRTIM_MspPostInit
                0x0000000008004cf0       0xac Core/Src/hrtim.o
                0x0000000008004cf0                HAL_HRTIM_MspPostInit
 .text.main     0x0000000008004d9c      0x314 Core/Src/main.o
                0x0000000008004d9c                main
 .text.SystemClock_Config
                0x00000000080050b0       0xe2 Core/Src/main.o
                0x00000000080050b0                SystemClock_Config
 *fill*         0x0000000008005192        0x2 
 .text.DPC_FSM_WAIT_Func
                0x0000000008005194       0x60 Core/Src/main.o
                0x0000000008005194                DPC_FSM_WAIT_Func
 .text.DPC_FSM_IDLE_Func
                0x00000000080051f4       0x8c Core/Src/main.o
                0x00000000080051f4                DPC_FSM_IDLE_Func
 .text.DPC_FSM_INIT_Func
                0x0000000008005280      0x13c Core/Src/main.o
                0x0000000008005280                DPC_FSM_INIT_Func
 .text.DPC_FSM_START_Func
                0x00000000080053bc      0x108 Core/Src/main.o
                0x00000000080053bc                DPC_FSM_START_Func
 .text.DPC_FSM_RUN_Func
                0x00000000080054c4       0xa8 Core/Src/main.o
                0x00000000080054c4                DPC_FSM_RUN_Func
 .text.DPC_FSM_STOP_Func
                0x000000000800556c       0x1a Core/Src/main.o
                0x000000000800556c                DPC_FSM_STOP_Func
 *fill*         0x0000000008005586        0x2 
 .text.DPC_FSM_ERROR_Func
                0x0000000008005588      0x110 Core/Src/main.o
                0x0000000008005588                DPC_FSM_ERROR_Func
 .text.DPC_FSM_FAULT_Func
                0x0000000008005698       0x2c Core/Src/main.o
                0x0000000008005698                DPC_FSM_FAULT_Func
 .text.DPC_MISC_Analog_Start
                0x00000000080056c4       0x1c Core/Src/main.o
                0x00000000080056c4                DPC_MISC_Analog_Start
 .text.HAL_TIM_PeriodElapsedCallback
                0x00000000080056e0      0x4ec Core/Src/main.o
                0x00000000080056e0                HAL_TIM_PeriodElapsedCallback
 .text.HAL_HRTIM_Fault1Callback
                0x0000000008005bcc       0x16 Core/Src/main.o
                0x0000000008005bcc                HAL_HRTIM_Fault1Callback
 .text.HAL_HRTIM_Fault3Callback
                0x0000000008005be2       0x16 Core/Src/main.o
                0x0000000008005be2                HAL_HRTIM_Fault3Callback
 .text.Error_Handler
                0x0000000008005bf8        0x8 Core/Src/main.o
                0x0000000008005bf8                Error_Handler
 .text.MX_RNG_Init
                0x0000000008005c00       0x2c Core/Src/rng.o
                0x0000000008005c00                MX_RNG_Init
 .text.HAL_RNG_MspInit
                0x0000000008005c2c       0x40 Core/Src/rng.o
                0x0000000008005c2c                HAL_RNG_MspInit
 .text.HAL_MspInit
                0x0000000008005c6c       0x48 Core/Src/stm32g4xx_hal_msp.o
                0x0000000008005c6c                HAL_MspInit
 .text.NMI_Handler
                0x0000000008005cb4        0x6 Core/Src/stm32g4xx_it.o
                0x0000000008005cb4                NMI_Handler
 .text.HardFault_Handler
                0x0000000008005cba        0x6 Core/Src/stm32g4xx_it.o
                0x0000000008005cba                HardFault_Handler
 .text.MemManage_Handler
                0x0000000008005cc0        0x6 Core/Src/stm32g4xx_it.o
                0x0000000008005cc0                MemManage_Handler
 .text.BusFault_Handler
                0x0000000008005cc6        0x6 Core/Src/stm32g4xx_it.o
                0x0000000008005cc6                BusFault_Handler
 .text.UsageFault_Handler
                0x0000000008005ccc        0x6 Core/Src/stm32g4xx_it.o
                0x0000000008005ccc                UsageFault_Handler
 .text.SVC_Handler
                0x0000000008005cd2        0xe Core/Src/stm32g4xx_it.o
                0x0000000008005cd2                SVC_Handler
 .text.DebugMon_Handler
                0x0000000008005ce0        0xe Core/Src/stm32g4xx_it.o
                0x0000000008005ce0                DebugMon_Handler
 .text.PendSV_Handler
                0x0000000008005cee        0xe Core/Src/stm32g4xx_it.o
                0x0000000008005cee                PendSV_Handler
 .text.SysTick_Handler
                0x0000000008005cfc        0xc Core/Src/stm32g4xx_it.o
                0x0000000008005cfc                SysTick_Handler
 .text.DMA1_Channel1_IRQHandler
                0x0000000008005d08       0x14 Core/Src/stm32g4xx_it.o
                0x0000000008005d08                DMA1_Channel1_IRQHandler
 .text.DMA1_Channel2_IRQHandler
                0x0000000008005d1c       0x14 Core/Src/stm32g4xx_it.o
                0x0000000008005d1c                DMA1_Channel2_IRQHandler
 .text.DMA1_Channel3_IRQHandler
                0x0000000008005d30       0x14 Core/Src/stm32g4xx_it.o
                0x0000000008005d30                DMA1_Channel3_IRQHandler
 .text.DMA1_Channel4_IRQHandler
                0x0000000008005d44       0x14 Core/Src/stm32g4xx_it.o
                0x0000000008005d44                DMA1_Channel4_IRQHandler
 .text.TIM2_IRQHandler
                0x0000000008005d58       0x14 Core/Src/stm32g4xx_it.o
                0x0000000008005d58                TIM2_IRQHandler
 .text.TIM3_IRQHandler
                0x0000000008005d6c       0x14 Core/Src/stm32g4xx_it.o
                0x0000000008005d6c                TIM3_IRQHandler
 .text.TIM6_DAC_IRQHandler
                0x0000000008005d80       0x14 Core/Src/stm32g4xx_it.o
                0x0000000008005d80                TIM6_DAC_IRQHandler
 .text.HRTIM1_FLT_IRQHandler
                0x0000000008005d94       0x14 Core/Src/stm32g4xx_it.o
                0x0000000008005d94                HRTIM1_FLT_IRQHandler
 .text.DMAMUX_OVR_IRQHandler
                0x0000000008005da8       0x28 Core/Src/stm32g4xx_it.o
                0x0000000008005da8                DMAMUX_OVR_IRQHandler
 .text.SystemInit
                0x0000000008005dd0       0x2c Core/Src/system_stm32g4xx.o
                0x0000000008005dd0                SystemInit
 .text.MX_TIM2_Init
                0x0000000008005dfc       0x98 Core/Src/tim.o
                0x0000000008005dfc                MX_TIM2_Init
 .text.MX_TIM3_Init
                0x0000000008005e94       0x9c Core/Src/tim.o
                0x0000000008005e94                MX_TIM3_Init
 .text.MX_TIM6_Init
                0x0000000008005f30       0x6c Core/Src/tim.o
                0x0000000008005f30                MX_TIM6_Init
 .text.MX_TIM15_Init
                0x0000000008005f9c       0xa4 Core/Src/tim.o
                0x0000000008005f9c                MX_TIM15_Init
 .text.HAL_TIM_Base_MspInit
                0x0000000008006040       0xe0 Core/Src/tim.o
                0x0000000008006040                HAL_TIM_Base_MspInit
 .text.Reset_Handler
                0x0000000008006120       0x50 Core/Startup/startup_stm32g474retx.o
                0x0000000008006120                Reset_Handler
 .text.Default_Handler
                0x0000000008006170        0x2 Core/Startup/startup_stm32g474retx.o
                0x0000000008006170                RTC_Alarm_IRQHandler
                0x0000000008006170                EXTI2_IRQHandler
                0x0000000008006170                TIM8_TRG_COM_IRQHandler
                0x0000000008006170                TIM8_CC_IRQHandler
                0x0000000008006170                HRTIM1_Master_IRQHandler
                0x0000000008006170                SPI4_IRQHandler
                0x0000000008006170                FDCAN3_IT0_IRQHandler
                0x0000000008006170                TIM1_CC_IRQHandler
                0x0000000008006170                HRTIM1_TIMF_IRQHandler
                0x0000000008006170                USB_HP_IRQHandler
                0x0000000008006170                CORDIC_IRQHandler
                0x0000000008006170                HRTIM1_TIMD_IRQHandler
                0x0000000008006170                DMA2_Channel8_IRQHandler
                0x0000000008006170                EXTI3_IRQHandler
                0x0000000008006170                I2C3_ER_IRQHandler
                0x0000000008006170                EXTI0_IRQHandler
                0x0000000008006170                I2C2_EV_IRQHandler
                0x0000000008006170                FPU_IRQHandler
                0x0000000008006170                FDCAN1_IT1_IRQHandler
                0x0000000008006170                TIM1_UP_TIM16_IRQHandler
                0x0000000008006170                ADC1_2_IRQHandler
                0x0000000008006170                HRTIM1_TIME_IRQHandler
                0x0000000008006170                SPI1_IRQHandler
                0x0000000008006170                HRTIM1_TIMC_IRQHandler
                0x0000000008006170                TIM8_UP_IRQHandler
                0x0000000008006170                DMA2_Channel2_IRQHandler
                0x0000000008006170                TIM20_TRG_COM_IRQHandler
                0x0000000008006170                USART3_IRQHandler
                0x0000000008006170                DMA1_Channel7_IRQHandler
                0x0000000008006170                UART5_IRQHandler
                0x0000000008006170                ADC3_IRQHandler
                0x0000000008006170                TIM4_IRQHandler
                0x0000000008006170                DMA2_Channel1_IRQHandler
                0x0000000008006170                QUADSPI_IRQHandler
                0x0000000008006170                I2C1_EV_IRQHandler
                0x0000000008006170                DMA1_Channel6_IRQHandler
                0x0000000008006170                UART4_IRQHandler
                0x0000000008006170                DMA2_Channel4_IRQHandler
                0x0000000008006170                RCC_IRQHandler
                0x0000000008006170                TIM20_UP_IRQHandler
                0x0000000008006170                Default_Handler
                0x0000000008006170                DMA2_Channel7_IRQHandler
                0x0000000008006170                RTC_TAMP_LSECSS_IRQHandler
                0x0000000008006170                FMAC_IRQHandler
                0x0000000008006170                EXTI15_10_IRQHandler
                0x0000000008006170                DMA1_Channel8_IRQHandler
                0x0000000008006170                HRTIM1_TIMA_IRQHandler
                0x0000000008006170                TIM7_DAC_IRQHandler
                0x0000000008006170                FDCAN3_IT1_IRQHandler
                0x0000000008006170                TIM5_IRQHandler
                0x0000000008006170                UCPD1_IRQHandler
                0x0000000008006170                I2C3_EV_IRQHandler
                0x0000000008006170                EXTI9_5_IRQHandler
                0x0000000008006170                RTC_WKUP_IRQHandler
                0x0000000008006170                PVD_PVM_IRQHandler
                0x0000000008006170                SPI2_IRQHandler
                0x0000000008006170                ADC5_IRQHandler
                0x0000000008006170                DMA2_Channel5_IRQHandler
                0x0000000008006170                CRS_IRQHandler
                0x0000000008006170                DMA1_Channel5_IRQHandler
                0x0000000008006170                USB_LP_IRQHandler
                0x0000000008006170                EXTI4_IRQHandler
                0x0000000008006170                RNG_IRQHandler
                0x0000000008006170                HRTIM1_TIMB_IRQHandler
                0x0000000008006170                TIM1_TRG_COM_TIM17_IRQHandler
                0x0000000008006170                FDCAN2_IT1_IRQHandler
                0x0000000008006170                ADC4_IRQHandler
                0x0000000008006170                WWDG_IRQHandler
                0x0000000008006170                I2C4_EV_IRQHandler
                0x0000000008006170                FDCAN2_IT0_IRQHandler
                0x0000000008006170                LPUART1_IRQHandler
                0x0000000008006170                DMA2_Channel6_IRQHandler
                0x0000000008006170                FDCAN1_IT0_IRQHandler
                0x0000000008006170                COMP7_IRQHandler
                0x0000000008006170                COMP1_2_3_IRQHandler
                0x0000000008006170                EXTI1_IRQHandler
                0x0000000008006170                USART2_IRQHandler
                0x0000000008006170                COMP4_5_6_IRQHandler
                0x0000000008006170                TIM20_BRK_IRQHandler
                0x0000000008006170                I2C2_ER_IRQHandler
                0x0000000008006170                TIM8_BRK_IRQHandler
                0x0000000008006170                FLASH_IRQHandler
                0x0000000008006170                TIM20_CC_IRQHandler
                0x0000000008006170                USART1_IRQHandler
                0x0000000008006170                SPI3_IRQHandler
                0x0000000008006170                I2C1_ER_IRQHandler
                0x0000000008006170                FMC_IRQHandler
                0x0000000008006170                LPTIM1_IRQHandler
                0x0000000008006170                I2C4_ER_IRQHandler
                0x0000000008006170                USBWakeUp_IRQHandler
                0x0000000008006170                SAI1_IRQHandler
                0x0000000008006170                DMA2_Channel3_IRQHandler
                0x0000000008006170                TIM1_BRK_TIM15_IRQHandler
 .text.HAL_Init
                0x0000000008006172       0x30 Drivers/STM32G4xx_HAL_Driver/Src/stm32g4xx_hal.o
                0x0000000008006172                HAL_Init
 *fill*         0x00000000080061a2        0x2 
 .text.HAL_InitTick
                0x00000000080061a4       0x74 Drivers/STM32G4xx_HAL_Driver/Src/stm32g4xx_hal.o
                0x00000000080061a4                HAL_InitTick
 .text.HAL_IncTick
                0x0000000008006218       0x24 Drivers/STM32G4xx_HAL_Driver/Src/stm32g4xx_hal.o
                0x0000000008006218                HAL_IncTick
 .text.HAL_GetTick
                0x000000000800623c       0x18 Drivers/STM32G4xx_HAL_Driver/Src/stm32g4xx_hal.o
                0x000000000800623c                HAL_GetTick
 .text.LL_ADC_SetCommonClock
                0x0000000008006254       0x26 Drivers/STM32G4xx_HAL_Driver/Src/stm32g4xx_hal_adc.o
 .text.LL_ADC_SetCommonPathInternalCh
                0x000000000800627a       0x26 Drivers/STM32G4xx_HAL_Driver/Src/stm32g4xx_hal_adc.o
 .text.LL_ADC_GetCommonPathInternalCh
                0x00000000080062a0       0x1c Drivers/STM32G4xx_HAL_Driver/Src/stm32g4xx_hal_adc.o
 .text.LL_ADC_SetOffset
                0x00000000080062bc       0x48 Drivers/STM32G4xx_HAL_Driver/Src/stm32g4xx_hal_adc.o
 .text.LL_ADC_GetOffsetChannel
                0x0000000008006304       0x2c Drivers/STM32G4xx_HAL_Driver/Src/stm32g4xx_hal_adc.o
 .text.LL_ADC_SetOffsetState
                0x0000000008006330       0x36 Drivers/STM32G4xx_HAL_Driver/Src/stm32g4xx_hal_adc.o
 .text.LL_ADC_SetOffsetSign
                0x0000000008006366       0x36 Drivers/STM32G4xx_HAL_Driver/Src/stm32g4xx_hal_adc.o
 .text.LL_ADC_SetOffsetSaturation
                0x000000000800639c       0x36 Drivers/STM32G4xx_HAL_Driver/Src/stm32g4xx_hal_adc.o
 .text.LL_ADC_SetSamplingTimeCommonConfig
                0x00000000080063d2       0x26 Drivers/STM32G4xx_HAL_Driver/Src/stm32g4xx_hal_adc.o
 .text.LL_ADC_REG_IsTriggerSourceSWStart
                0x00000000080063f8       0x26 Drivers/STM32G4xx_HAL_Driver/Src/stm32g4xx_hal_adc.o
 .text.LL_ADC_REG_SetSequencerRanks
                0x000000000800641e       0x58 Drivers/STM32G4xx_HAL_Driver/Src/stm32g4xx_hal_adc.o
 .text.LL_ADC_SetChannelSamplingTime
                0x0000000008006476       0x56 Drivers/STM32G4xx_HAL_Driver/Src/stm32g4xx_hal_adc.o
 .text.LL_ADC_SetChannelSingleDiff
                0x00000000080064cc       0x48 Drivers/STM32G4xx_HAL_Driver/Src/stm32g4xx_hal_adc.o
 .text.LL_ADC_SetAnalogWDMonitChannels
                0x0000000008006514       0x5a Drivers/STM32G4xx_HAL_Driver/Src/stm32g4xx_hal_adc.o
 .text.LL_ADC_ConfigAnalogWDThresholds
                0x000000000800656e       0x44 Drivers/STM32G4xx_HAL_Driver/Src/stm32g4xx_hal_adc.o
 .text.LL_ADC_GetMultimode
                0x00000000080065b2       0x1c Drivers/STM32G4xx_HAL_Driver/Src/stm32g4xx_hal_adc.o
 .text.LL_ADC_DisableDeepPowerDown
                0x00000000080065ce       0x24 Drivers/STM32G4xx_HAL_Driver/Src/stm32g4xx_hal_adc.o
 .text.LL_ADC_IsDeepPowerDownEnabled
                0x00000000080065f2       0x28 Drivers/STM32G4xx_HAL_Driver/Src/stm32g4xx_hal_adc.o
 .text.LL_ADC_EnableInternalRegulator
                0x000000000800661a       0x28 Drivers/STM32G4xx_HAL_Driver/Src/stm32g4xx_hal_adc.o
 .text.LL_ADC_IsInternalRegulatorEnabled
                0x0000000008006642       0x28 Drivers/STM32G4xx_HAL_Driver/Src/stm32g4xx_hal_adc.o
 .text.LL_ADC_Enable
                0x000000000800666a       0x28 Drivers/STM32G4xx_HAL_Driver/Src/stm32g4xx_hal_adc.o
 .text.LL_ADC_IsEnabled
                0x0000000008006692       0x26 Drivers/STM32G4xx_HAL_Driver/Src/stm32g4xx_hal_adc.o
 .text.LL_ADC_REG_StartConversion
                0x00000000080066b8       0x28 Drivers/STM32G4xx_HAL_Driver/Src/stm32g4xx_hal_adc.o
 .text.LL_ADC_REG_IsConversionOngoing
                0x00000000080066e0       0x26 Drivers/STM32G4xx_HAL_Driver/Src/stm32g4xx_hal_adc.o
 .text.LL_ADC_INJ_IsConversionOngoing
                0x0000000008006706       0x26 Drivers/STM32G4xx_HAL_Driver/Src/stm32g4xx_hal_adc.o
 .text.LL_ADC_ClearFlag_AWD1
                0x000000000800672c       0x1a Drivers/STM32G4xx_HAL_Driver/Src/stm32g4xx_hal_adc.o
 .text.LL_ADC_ClearFlag_AWD2
                0x0000000008006746       0x1c Drivers/STM32G4xx_HAL_Driver/Src/stm32g4xx_hal_adc.o
 .text.LL_ADC_ClearFlag_AWD3
                0x0000000008006762       0x1c Drivers/STM32G4xx_HAL_Driver/Src/stm32g4xx_hal_adc.o
 .text.LL_ADC_EnableIT_AWD1
                0x000000000800677e       0x20 Drivers/STM32G4xx_HAL_Driver/Src/stm32g4xx_hal_adc.o
 .text.LL_ADC_EnableIT_AWD2
                0x000000000800679e       0x20 Drivers/STM32G4xx_HAL_Driver/Src/stm32g4xx_hal_adc.o
 .text.LL_ADC_EnableIT_AWD3
                0x00000000080067be       0x20 Drivers/STM32G4xx_HAL_Driver/Src/stm32g4xx_hal_adc.o
 .text.LL_ADC_DisableIT_AWD1
                0x00000000080067de       0x20 Drivers/STM32G4xx_HAL_Driver/Src/stm32g4xx_hal_adc.o
 .text.LL_ADC_DisableIT_AWD2
                0x00000000080067fe       0x20 Drivers/STM32G4xx_HAL_Driver/Src/stm32g4xx_hal_adc.o
 .text.LL_ADC_DisableIT_AWD3
                0x000000000800681e       0x20 Drivers/STM32G4xx_HAL_Driver/Src/stm32g4xx_hal_adc.o
 *fill*         0x000000000800683e        0x2 
 .text.HAL_ADC_Init
                0x0000000008006840      0x380 Drivers/STM32G4xx_HAL_Driver/Src/stm32g4xx_hal_adc.o
                0x0000000008006840                HAL_ADC_Init
 .text.HAL_ADC_Start_DMA
                0x0000000008006bc0      0x19c Drivers/STM32G4xx_HAL_Driver/Src/stm32g4xx_hal_adc.o
                0x0000000008006bc0                HAL_ADC_Start_DMA
 .text.HAL_ADC_ConvCpltCallback
                0x0000000008006d5c       0x14 Drivers/STM32G4xx_HAL_Driver/Src/stm32g4xx_hal_adc.o
                0x0000000008006d5c                HAL_ADC_ConvCpltCallback
 .text.HAL_ADC_ConvHalfCpltCallback
                0x0000000008006d70       0x14 Drivers/STM32G4xx_HAL_Driver/Src/stm32g4xx_hal_adc.o
                0x0000000008006d70                HAL_ADC_ConvHalfCpltCallback
 .text.HAL_ADC_ErrorCallback
                0x0000000008006d84       0x14 Drivers/STM32G4xx_HAL_Driver/Src/stm32g4xx_hal_adc.o
                0x0000000008006d84                HAL_ADC_ErrorCallback
 .text.HAL_ADC_ConfigChannel
                0x0000000008006d98      0x87c Drivers/STM32G4xx_HAL_Driver/Src/stm32g4xx_hal_adc.o
                0x0000000008006d98                HAL_ADC_ConfigChannel
 .text.HAL_ADC_AnalogWDGConfig
                0x0000000008007614      0x3f8 Drivers/STM32G4xx_HAL_Driver/Src/stm32g4xx_hal_adc.o
                0x0000000008007614                HAL_ADC_AnalogWDGConfig
 .text.ADC_Enable
                0x0000000008007a0c       0xb4 Drivers/STM32G4xx_HAL_Driver/Src/stm32g4xx_hal_adc.o
                0x0000000008007a0c                ADC_Enable
 .text.ADC_DMAConvCplt
                0x0000000008007ac0       0xd8 Drivers/STM32G4xx_HAL_Driver/Src/stm32g4xx_hal_adc.o
                0x0000000008007ac0                ADC_DMAConvCplt
 .text.ADC_DMAHalfConvCplt
                0x0000000008007b98       0x1c Drivers/STM32G4xx_HAL_Driver/Src/stm32g4xx_hal_adc.o
                0x0000000008007b98                ADC_DMAHalfConvCplt
 .text.ADC_DMAError
                0x0000000008007bb4       0x34 Drivers/STM32G4xx_HAL_Driver/Src/stm32g4xx_hal_adc.o
                0x0000000008007bb4                ADC_DMAError
 .text.LL_ADC_IsEnabled
                0x0000000008007be8       0x26 Drivers/STM32G4xx_HAL_Driver/Src/stm32g4xx_hal_adc_ex.o
 .text.LL_ADC_REG_IsConversionOngoing
                0x0000000008007c0e       0x26 Drivers/STM32G4xx_HAL_Driver/Src/stm32g4xx_hal_adc_ex.o
 .text.HAL_ADCEx_MultiModeConfigChannel
                0x0000000008007c34      0x208 Drivers/STM32G4xx_HAL_Driver/Src/stm32g4xx_hal_adc_ex.o
                0x0000000008007c34                HAL_ADCEx_MultiModeConfigChannel
 .text.HAL_CORDIC_Init
                0x0000000008007e3c       0x62 Drivers/STM32G4xx_HAL_Driver/Src/stm32g4xx_hal_cordic.o
                0x0000000008007e3c                HAL_CORDIC_Init
 *fill*         0x0000000008007e9e        0x2 
 .text.__NVIC_SetPriorityGrouping
                0x0000000008007ea0       0x48 Drivers/STM32G4xx_HAL_Driver/Src/stm32g4xx_hal_cortex.o
 .text.__NVIC_GetPriorityGrouping
                0x0000000008007ee8       0x1c Drivers/STM32G4xx_HAL_Driver/Src/stm32g4xx_hal_cortex.o
 .text.__NVIC_EnableIRQ
                0x0000000008007f04       0x3c Drivers/STM32G4xx_HAL_Driver/Src/stm32g4xx_hal_cortex.o
 .text.__NVIC_SetPriority
                0x0000000008007f40       0x54 Drivers/STM32G4xx_HAL_Driver/Src/stm32g4xx_hal_cortex.o
 .text.NVIC_EncodePriority
                0x0000000008007f94       0x66 Drivers/STM32G4xx_HAL_Driver/Src/stm32g4xx_hal_cortex.o
 *fill*         0x0000000008007ffa        0x2 
 .text.SysTick_Config
                0x0000000008007ffc       0x44 Drivers/STM32G4xx_HAL_Driver/Src/stm32g4xx_hal_cortex.o
 .text.HAL_NVIC_SetPriorityGrouping
                0x0000000008008040       0x16 Drivers/STM32G4xx_HAL_Driver/Src/stm32g4xx_hal_cortex.o
                0x0000000008008040                HAL_NVIC_SetPriorityGrouping
 .text.HAL_NVIC_SetPriority
                0x0000000008008056       0x34 Drivers/STM32G4xx_HAL_Driver/Src/stm32g4xx_hal_cortex.o
                0x0000000008008056                HAL_NVIC_SetPriority
 .text.HAL_NVIC_EnableIRQ
                0x000000000800808a       0x1c Drivers/STM32G4xx_HAL_Driver/Src/stm32g4xx_hal_cortex.o
                0x000000000800808a                HAL_NVIC_EnableIRQ
 .text.HAL_SYSTICK_Config
                0x00000000080080a6       0x18 Drivers/STM32G4xx_HAL_Driver/Src/stm32g4xx_hal_cortex.o
                0x00000000080080a6                HAL_SYSTICK_Config
 *fill*         0x00000000080080be        0x2 
 .text.HAL_DMA_Init
                0x00000000080080c0      0x150 Drivers/STM32G4xx_HAL_Driver/Src/stm32g4xx_hal_dma.o
                0x00000000080080c0                HAL_DMA_Init
 .text.HAL_DMA_Start_IT
                0x0000000008008210       0xf6 Drivers/STM32G4xx_HAL_Driver/Src/stm32g4xx_hal_dma.o
                0x0000000008008210                HAL_DMA_Start_IT
 .text.HAL_DMA_IRQHandler
                0x0000000008008306      0x15e Drivers/STM32G4xx_HAL_Driver/Src/stm32g4xx_hal_dma.o
                0x0000000008008306                HAL_DMA_IRQHandler
 .text.DMA_SetConfig
                0x0000000008008464       0x7c Drivers/STM32G4xx_HAL_Driver/Src/stm32g4xx_hal_dma.o
 .text.DMA_CalcDMAMUXChannelBaseAndMask
                0x00000000080084e0       0x7c Drivers/STM32G4xx_HAL_Driver/Src/stm32g4xx_hal_dma.o
 .text.DMA_CalcDMAMUXRequestGenBaseAndMask
                0x000000000800855c       0x48 Drivers/STM32G4xx_HAL_Driver/Src/stm32g4xx_hal_dma.o
 .text.HAL_DMAEx_ConfigMuxSync
                0x00000000080085a4       0x7c Drivers/STM32G4xx_HAL_Driver/Src/stm32g4xx_hal_dma_ex.o
                0x00000000080085a4                HAL_DMAEx_ConfigMuxSync
 .text.HAL_DMAEx_MUX_IRQHandler
                0x0000000008008620       0xa4 Drivers/STM32G4xx_HAL_Driver/Src/stm32g4xx_hal_dma_ex.o
                0x0000000008008620                HAL_DMAEx_MUX_IRQHandler
 .text.HAL_FMAC_Init
                0x00000000080086c4       0x82 Drivers/STM32G4xx_HAL_Driver/Src/stm32g4xx_hal_fmac.o
                0x00000000080086c4                HAL_FMAC_Init
 .text.FMAC_Reset
                0x0000000008008746       0x5e Drivers/STM32G4xx_HAL_Driver/Src/stm32g4xx_hal_fmac.o
 .text.FMAC_ResetDataPointers
                0x00000000080087a4       0x1c Drivers/STM32G4xx_HAL_Driver/Src/stm32g4xx_hal_fmac.o
 .text.FMAC_ResetInputStateAndDataPointers
                0x00000000080087c0       0x2e Drivers/STM32G4xx_HAL_Driver/Src/stm32g4xx_hal_fmac.o
 .text.FMAC_ResetOutputStateAndDataPointers
                0x00000000080087ee       0x2e Drivers/STM32G4xx_HAL_Driver/Src/stm32g4xx_hal_fmac.o
 .text.HAL_GPIO_Init
                0x000000000800881c      0x304 Drivers/STM32G4xx_HAL_Driver/Src/stm32g4xx_hal_gpio.o
                0x000000000800881c                HAL_GPIO_Init
 .text.HAL_GPIO_WritePin
                0x0000000008008b20       0x30 Drivers/STM32G4xx_HAL_Driver/Src/stm32g4xx_hal_gpio.o
                0x0000000008008b20                HAL_GPIO_WritePin
 .text.HAL_HRTIM_Init
                0x0000000008008b50      0x1a0 Drivers/STM32G4xx_HAL_Driver/Src/stm32g4xx_hal_hrtim.o
                0x0000000008008b50                HAL_HRTIM_Init
 .text.HAL_HRTIM_DLLCalibrationStart
                0x0000000008008cf0       0xb0 Drivers/STM32G4xx_HAL_Driver/Src/stm32g4xx_hal_hrtim.o
                0x0000000008008cf0                HAL_HRTIM_DLLCalibrationStart
 .text.HAL_HRTIM_PollForDLLCalibration
                0x0000000008008da0       0x68 Drivers/STM32G4xx_HAL_Driver/Src/stm32g4xx_hal_hrtim.o
                0x0000000008008da0                HAL_HRTIM_PollForDLLCalibration
 .text.HAL_HRTIM_TimeBaseConfig
                0x0000000008008e08       0x50 Drivers/STM32G4xx_HAL_Driver/Src/stm32g4xx_hal_hrtim.o
                0x0000000008008e08                HAL_HRTIM_TimeBaseConfig
 .text.HAL_HRTIM_FaultConfig
                0x0000000008008e58      0x380 Drivers/STM32G4xx_HAL_Driver/Src/stm32g4xx_hal_hrtim.o
                0x0000000008008e58                HAL_HRTIM_FaultConfig
 .text.HAL_HRTIM_FaultPrescalerConfig
                0x00000000080091d8       0x72 Drivers/STM32G4xx_HAL_Driver/Src/stm32g4xx_hal_hrtim.o
                0x00000000080091d8                HAL_HRTIM_FaultPrescalerConfig
 *fill*         0x000000000800924a        0x2 
 .text.HAL_HRTIM_FaultBlankingConfigAndEnable
                0x000000000800924c      0x1d8 Drivers/STM32G4xx_HAL_Driver/Src/stm32g4xx_hal_hrtim.o
                0x000000000800924c                HAL_HRTIM_FaultBlankingConfigAndEnable
 .text.HAL_HRTIM_FaultCounterConfig
                0x0000000008009424      0x1f0 Drivers/STM32G4xx_HAL_Driver/Src/stm32g4xx_hal_hrtim.o
                0x0000000008009424                HAL_HRTIM_FaultCounterConfig
 .text.HAL_HRTIM_FaultModeCtl
                0x0000000008009614      0x104 Drivers/STM32G4xx_HAL_Driver/Src/stm32g4xx_hal_hrtim.o
                0x0000000008009614                HAL_HRTIM_FaultModeCtl
 .text.HAL_HRTIM_WaveformTimerConfig
                0x0000000008009718       0xe4 Drivers/STM32G4xx_HAL_Driver/Src/stm32g4xx_hal_hrtim.o
                0x0000000008009718                HAL_HRTIM_WaveformTimerConfig
 .text.HAL_HRTIM_WaveformTimerControl
                0x00000000080097fc       0x66 Drivers/STM32G4xx_HAL_Driver/Src/stm32g4xx_hal_hrtim.o
                0x00000000080097fc                HAL_HRTIM_WaveformTimerControl
 *fill*         0x0000000008009862        0x2 
 .text.HAL_HRTIM_WaveformCompareConfig
                0x0000000008009864      0x2dc Drivers/STM32G4xx_HAL_Driver/Src/stm32g4xx_hal_hrtim.o
                0x0000000008009864                HAL_HRTIM_WaveformCompareConfig
 .text.HAL_HRTIM_WaveformOutputConfig
                0x0000000008009b40       0x62 Drivers/STM32G4xx_HAL_Driver/Src/stm32g4xx_hal_hrtim.o
                0x0000000008009b40                HAL_HRTIM_WaveformOutputConfig
 .text.HAL_HRTIM_WaveformOutputStart
                0x0000000008009ba2       0x5a Drivers/STM32G4xx_HAL_Driver/Src/stm32g4xx_hal_hrtim.o
                0x0000000008009ba2                HAL_HRTIM_WaveformOutputStart
 .text.HAL_HRTIM_WaveformOutputStop
                0x0000000008009bfc       0x5a Drivers/STM32G4xx_HAL_Driver/Src/stm32g4xx_hal_hrtim.o
                0x0000000008009bfc                HAL_HRTIM_WaveformOutputStop
 *fill*         0x0000000008009c56        0x2 
 .text.HAL_HRTIM_WaveformCountStart_IT
                0x0000000008009c58       0xe0 Drivers/STM32G4xx_HAL_Driver/Src/stm32g4xx_hal_hrtim.o
                0x0000000008009c58                HAL_HRTIM_WaveformCountStart_IT
 .text.HAL_HRTIM_WaveformCountStart_DMA
                0x0000000008009d38      0x1d8 Drivers/STM32G4xx_HAL_Driver/Src/stm32g4xx_hal_hrtim.o
                0x0000000008009d38                HAL_HRTIM_WaveformCountStart_DMA
 .text.HAL_HRTIM_IRQHandler
                0x0000000008009f10       0x36 Drivers/STM32G4xx_HAL_Driver/Src/stm32g4xx_hal_hrtim.o
                0x0000000008009f10                HAL_HRTIM_IRQHandler
 .text.HAL_HRTIM_Fault2Callback
                0x0000000008009f46       0x14 Drivers/STM32G4xx_HAL_Driver/Src/stm32g4xx_hal_hrtim.o
                0x0000000008009f46                HAL_HRTIM_Fault2Callback
 .text.HAL_HRTIM_Fault4Callback
                0x0000000008009f5a       0x14 Drivers/STM32G4xx_HAL_Driver/Src/stm32g4xx_hal_hrtim.o
                0x0000000008009f5a                HAL_HRTIM_Fault4Callback
 .text.HAL_HRTIM_Fault5Callback
                0x0000000008009f6e       0x14 Drivers/STM32G4xx_HAL_Driver/Src/stm32g4xx_hal_hrtim.o
                0x0000000008009f6e                HAL_HRTIM_Fault5Callback
 .text.HAL_HRTIM_Fault6Callback
                0x0000000008009f82       0x14 Drivers/STM32G4xx_HAL_Driver/Src/stm32g4xx_hal_hrtim.o
                0x0000000008009f82                HAL_HRTIM_Fault6Callback
 .text.HAL_HRTIM_SystemFaultCallback
                0x0000000008009f96       0x14 Drivers/STM32G4xx_HAL_Driver/Src/stm32g4xx_hal_hrtim.o
                0x0000000008009f96                HAL_HRTIM_SystemFaultCallback
 .text.HAL_HRTIM_DLLCalibrationReadyCallback
                0x0000000008009faa       0x14 Drivers/STM32G4xx_HAL_Driver/Src/stm32g4xx_hal_hrtim.o
                0x0000000008009faa                HAL_HRTIM_DLLCalibrationReadyCallback
 .text.HAL_HRTIM_BurstModePeriodCallback
                0x0000000008009fbe       0x14 Drivers/STM32G4xx_HAL_Driver/Src/stm32g4xx_hal_hrtim.o
                0x0000000008009fbe                HAL_HRTIM_BurstModePeriodCallback
 .text.HAL_HRTIM_SynchronizationEventCallback
                0x0000000008009fd2       0x14 Drivers/STM32G4xx_HAL_Driver/Src/stm32g4xx_hal_hrtim.o
                0x0000000008009fd2                HAL_HRTIM_SynchronizationEventCallback
 .text.HAL_HRTIM_RegistersUpdateCallback
                0x0000000008009fe6       0x16 Drivers/STM32G4xx_HAL_Driver/Src/stm32g4xx_hal_hrtim.o
                0x0000000008009fe6                HAL_HRTIM_RegistersUpdateCallback
 .text.HAL_HRTIM_RepetitionEventCallback
                0x0000000008009ffc       0x16 Drivers/STM32G4xx_HAL_Driver/Src/stm32g4xx_hal_hrtim.o
                0x0000000008009ffc                HAL_HRTIM_RepetitionEventCallback
 .text.HAL_HRTIM_Compare1EventCallback
                0x000000000800a012       0x16 Drivers/STM32G4xx_HAL_Driver/Src/stm32g4xx_hal_hrtim.o
                0x000000000800a012                HAL_HRTIM_Compare1EventCallback
 .text.HAL_HRTIM_Compare2EventCallback
                0x000000000800a028       0x16 Drivers/STM32G4xx_HAL_Driver/Src/stm32g4xx_hal_hrtim.o
                0x000000000800a028                HAL_HRTIM_Compare2EventCallback
 .text.HAL_HRTIM_Compare3EventCallback
                0x000000000800a03e       0x16 Drivers/STM32G4xx_HAL_Driver/Src/stm32g4xx_hal_hrtim.o
                0x000000000800a03e                HAL_HRTIM_Compare3EventCallback
 .text.HAL_HRTIM_Compare4EventCallback
                0x000000000800a054       0x16 Drivers/STM32G4xx_HAL_Driver/Src/stm32g4xx_hal_hrtim.o
                0x000000000800a054                HAL_HRTIM_Compare4EventCallback
 .text.HAL_HRTIM_Capture1EventCallback
                0x000000000800a06a       0x16 Drivers/STM32G4xx_HAL_Driver/Src/stm32g4xx_hal_hrtim.o
                0x000000000800a06a                HAL_HRTIM_Capture1EventCallback
 .text.HAL_HRTIM_Capture2EventCallback
                0x000000000800a080       0x16 Drivers/STM32G4xx_HAL_Driver/Src/stm32g4xx_hal_hrtim.o
                0x000000000800a080                HAL_HRTIM_Capture2EventCallback
 .text.HAL_HRTIM_DelayedProtectionCallback
                0x000000000800a096       0x16 Drivers/STM32G4xx_HAL_Driver/Src/stm32g4xx_hal_hrtim.o
                0x000000000800a096                HAL_HRTIM_DelayedProtectionCallback
 .text.HAL_HRTIM_CounterResetCallback
                0x000000000800a0ac       0x16 Drivers/STM32G4xx_HAL_Driver/Src/stm32g4xx_hal_hrtim.o
                0x000000000800a0ac                HAL_HRTIM_CounterResetCallback
 .text.HAL_HRTIM_Output1SetCallback
                0x000000000800a0c2       0x16 Drivers/STM32G4xx_HAL_Driver/Src/stm32g4xx_hal_hrtim.o
                0x000000000800a0c2                HAL_HRTIM_Output1SetCallback
 .text.HAL_HRTIM_Output1ResetCallback
                0x000000000800a0d8       0x16 Drivers/STM32G4xx_HAL_Driver/Src/stm32g4xx_hal_hrtim.o
                0x000000000800a0d8                HAL_HRTIM_Output1ResetCallback
 .text.HAL_HRTIM_Output2SetCallback
                0x000000000800a0ee       0x16 Drivers/STM32G4xx_HAL_Driver/Src/stm32g4xx_hal_hrtim.o
                0x000000000800a0ee                HAL_HRTIM_Output2SetCallback
 .text.HAL_HRTIM_Output2ResetCallback
                0x000000000800a104       0x16 Drivers/STM32G4xx_HAL_Driver/Src/stm32g4xx_hal_hrtim.o
                0x000000000800a104                HAL_HRTIM_Output2ResetCallback
 .text.HAL_HRTIM_ErrorCallback
                0x000000000800a11a       0x14 Drivers/STM32G4xx_HAL_Driver/Src/stm32g4xx_hal_hrtim.o
                0x000000000800a11a                HAL_HRTIM_ErrorCallback
 .text.HRTIM_MasterBase_Config
                0x000000000800a12e       0x5e Drivers/STM32G4xx_HAL_Driver/Src/stm32g4xx_hal_hrtim.o
 .text.HRTIM_TimingUnitBase_Config
                0x000000000800a18c       0x80 Drivers/STM32G4xx_HAL_Driver/Src/stm32g4xx_hal_hrtim.o
 .text.HRTIM_MasterWaveform_Config
                0x000000000800a20c      0x13a Drivers/STM32G4xx_HAL_Driver/Src/stm32g4xx_hal_hrtim.o
 *fill*         0x000000000800a346        0x2 
 .text.HRTIM_TimingUnitWaveform_Config
                0x000000000800a348      0x328 Drivers/STM32G4xx_HAL_Driver/Src/stm32g4xx_hal_hrtim.o
 .text.HRTIM_TimingUnitWaveform_Control
                0x000000000800a670       0xc0 Drivers/STM32G4xx_HAL_Driver/Src/stm32g4xx_hal_hrtim.o
 .text.HRTIM_OutputConfig
                0x000000000800a730      0x17a Drivers/STM32G4xx_HAL_Driver/Src/stm32g4xx_hal_hrtim.o
 *fill*         0x000000000800a8aa        0x2 
 .text.HRTIM_GetDMAHandleFromTimerIdx
                0x000000000800a8ac       0x90 Drivers/STM32G4xx_HAL_Driver/Src/stm32g4xx_hal_hrtim.o
 .text.GetTimerIdxFromDMAHandle
                0x000000000800a93c       0x9a Drivers/STM32G4xx_HAL_Driver/Src/stm32g4xx_hal_hrtim.o
 *fill*         0x000000000800a9d6        0x2 
 .text.HRTIM_ForceRegistersUpdate
                0x000000000800a9d8       0xdc Drivers/STM32G4xx_HAL_Driver/Src/stm32g4xx_hal_hrtim.o
 .text.HRTIM_HRTIM_ISR
                0x000000000800aab4      0x1a6 Drivers/STM32G4xx_HAL_Driver/Src/stm32g4xx_hal_hrtim.o
 .text.HRTIM_Master_ISR
                0x000000000800ac5a      0x218 Drivers/STM32G4xx_HAL_Driver/Src/stm32g4xx_hal_hrtim.o
 .text.HRTIM_Timer_ISR
                0x000000000800ae72      0x49c Drivers/STM32G4xx_HAL_Driver/Src/stm32g4xx_hal_hrtim.o
 .text.HRTIM_DMAMasterCplt
                0x000000000800b30e       0xba Drivers/STM32G4xx_HAL_Driver/Src/stm32g4xx_hal_hrtim.o
 .text.HRTIM_DMATimerxCplt
                0x000000000800b3c8      0x224 Drivers/STM32G4xx_HAL_Driver/Src/stm32g4xx_hal_hrtim.o
 .text.HRTIM_DMAError
                0x000000000800b5ec       0x1c Drivers/STM32G4xx_HAL_Driver/Src/stm32g4xx_hal_hrtim.o
 .text.HAL_PWREx_ControlVoltageScaling
                0x000000000800b608      0x148 Drivers/STM32G4xx_HAL_Driver/Src/stm32g4xx_hal_pwr_ex.o
                0x000000000800b608                HAL_PWREx_ControlVoltageScaling
 .text.HAL_PWREx_DisableUCPDDeadBattery
                0x000000000800b750       0x20 Drivers/STM32G4xx_HAL_Driver/Src/stm32g4xx_hal_pwr_ex.o
                0x000000000800b750                HAL_PWREx_DisableUCPDDeadBattery
 .text.HAL_RCC_OscConfig
                0x000000000800b770      0x630 Drivers/STM32G4xx_HAL_Driver/Src/stm32g4xx_hal_rcc.o
                0x000000000800b770                HAL_RCC_OscConfig
 .text.HAL_RCC_ClockConfig
                0x000000000800bda0      0x278 Drivers/STM32G4xx_HAL_Driver/Src/stm32g4xx_hal_rcc.o
                0x000000000800bda0                HAL_RCC_ClockConfig
 .text.HAL_RCC_GetSysClockFreq
                0x000000000800c018       0xc4 Drivers/STM32G4xx_HAL_Driver/Src/stm32g4xx_hal_rcc.o
                0x000000000800c018                HAL_RCC_GetSysClockFreq
 .text.HAL_RCC_GetHCLKFreq
                0x000000000800c0dc       0x18 Drivers/STM32G4xx_HAL_Driver/Src/stm32g4xx_hal_rcc.o
                0x000000000800c0dc                HAL_RCC_GetHCLKFreq
 .text.HAL_RCC_GetPCLK2Freq
                0x000000000800c0f4       0x2c Drivers/STM32G4xx_HAL_Driver/Src/stm32g4xx_hal_rcc.o
                0x000000000800c0f4                HAL_RCC_GetPCLK2Freq
 .text.RCC_GetSysClockFreqFromPLLSource
                0x000000000800c120       0x8c Drivers/STM32G4xx_HAL_Driver/Src/stm32g4xx_hal_rcc.o
 .text.HAL_RCCEx_PeriphCLKConfig
                0x000000000800c1ac      0x498 Drivers/STM32G4xx_HAL_Driver/Src/stm32g4xx_hal_rcc_ex.o
                0x000000000800c1ac                HAL_RCCEx_PeriphCLKConfig
 .text.HAL_RNG_Init
                0x000000000800c644       0x6a Drivers/STM32G4xx_HAL_Driver/Src/stm32g4xx_hal_rng.o
                0x000000000800c644                HAL_RNG_Init
 .text.HAL_TIM_Base_Init
                0x000000000800c6ae       0xae Drivers/STM32G4xx_HAL_Driver/Src/stm32g4xx_hal_tim.o
                0x000000000800c6ae                HAL_TIM_Base_Init
 .text.HAL_TIM_Base_Start_IT
                0x000000000800c75c       0xf0 Drivers/STM32G4xx_HAL_Driver/Src/stm32g4xx_hal_tim.o
                0x000000000800c75c                HAL_TIM_Base_Start_IT
 .text.HAL_TIM_PWM_Start
                0x000000000800c84c      0x224 Drivers/STM32G4xx_HAL_Driver/Src/stm32g4xx_hal_tim.o
                0x000000000800c84c                HAL_TIM_PWM_Start
 .text.HAL_TIM_IRQHandler
                0x000000000800ca70      0x2fe Drivers/STM32G4xx_HAL_Driver/Src/stm32g4xx_hal_tim.o
                0x000000000800ca70                HAL_TIM_IRQHandler
 *fill*         0x000000000800cd6e        0x2 
 .text.HAL_TIM_ConfigClockSource
                0x000000000800cd70      0x1e0 Drivers/STM32G4xx_HAL_Driver/Src/stm32g4xx_hal_tim.o
                0x000000000800cd70                HAL_TIM_ConfigClockSource
 .text.HAL_TIM_OC_DelayElapsedCallback
                0x000000000800cf50       0x14 Drivers/STM32G4xx_HAL_Driver/Src/stm32g4xx_hal_tim.o
                0x000000000800cf50                HAL_TIM_OC_DelayElapsedCallback
 .text.HAL_TIM_IC_CaptureCallback
                0x000000000800cf64       0x14 Drivers/STM32G4xx_HAL_Driver/Src/stm32g4xx_hal_tim.o
                0x000000000800cf64                HAL_TIM_IC_CaptureCallback
 .text.HAL_TIM_PWM_PulseFinishedCallback
                0x000000000800cf78       0x14 Drivers/STM32G4xx_HAL_Driver/Src/stm32g4xx_hal_tim.o
                0x000000000800cf78                HAL_TIM_PWM_PulseFinishedCallback
 .text.HAL_TIM_TriggerCallback
                0x000000000800cf8c       0x14 Drivers/STM32G4xx_HAL_Driver/Src/stm32g4xx_hal_tim.o
                0x000000000800cf8c                HAL_TIM_TriggerCallback
 .text.TIM_Base_SetConfig
                0x000000000800cfa0      0x150 Drivers/STM32G4xx_HAL_Driver/Src/stm32g4xx_hal_tim.o
                0x000000000800cfa0                TIM_Base_SetConfig
 .text.TIM_TI1_ConfigInputStage
                0x000000000800d0f0       0x5e Drivers/STM32G4xx_HAL_Driver/Src/stm32g4xx_hal_tim.o
 .text.TIM_TI2_ConfigInputStage
                0x000000000800d14e       0x60 Drivers/STM32G4xx_HAL_Driver/Src/stm32g4xx_hal_tim.o
 .text.TIM_ITRx_SetConfig
                0x000000000800d1ae       0x3a Drivers/STM32G4xx_HAL_Driver/Src/stm32g4xx_hal_tim.o
 .text.TIM_ETR_SetConfig
                0x000000000800d1e8       0x40 Drivers/STM32G4xx_HAL_Driver/Src/stm32g4xx_hal_tim.o
                0x000000000800d1e8                TIM_ETR_SetConfig
 .text.TIM_CCxChannelCmd
                0x000000000800d228       0x4a Drivers/STM32G4xx_HAL_Driver/Src/stm32g4xx_hal_tim.o
                0x000000000800d228                TIM_CCxChannelCmd
 *fill*         0x000000000800d272        0x2 
 .text.HAL_TIMEx_MasterConfigSynchronization
                0x000000000800d274      0x12c Drivers/STM32G4xx_HAL_Driver/Src/stm32g4xx_hal_tim_ex.o
                0x000000000800d274                HAL_TIMEx_MasterConfigSynchronization
 .text.HAL_TIMEx_CommutCallback
                0x000000000800d3a0       0x14 Drivers/STM32G4xx_HAL_Driver/Src/stm32g4xx_hal_tim_ex.o
                0x000000000800d3a0                HAL_TIMEx_CommutCallback
 .text.HAL_TIMEx_BreakCallback
                0x000000000800d3b4       0x14 Drivers/STM32G4xx_HAL_Driver/Src/stm32g4xx_hal_tim_ex.o
                0x000000000800d3b4                HAL_TIMEx_BreakCallback
 .text.HAL_TIMEx_Break2Callback
                0x000000000800d3c8       0x14 Drivers/STM32G4xx_HAL_Driver/Src/stm32g4xx_hal_tim_ex.o
                0x000000000800d3c8                HAL_TIMEx_Break2Callback
 .text.HAL_TIMEx_EncoderIndexCallback
                0x000000000800d3dc       0x14 Drivers/STM32G4xx_HAL_Driver/Src/stm32g4xx_hal_tim_ex.o
                0x000000000800d3dc                HAL_TIMEx_EncoderIndexCallback
 .text.HAL_TIMEx_DirectionChangeCallback
                0x000000000800d3f0       0x14 Drivers/STM32G4xx_HAL_Driver/Src/stm32g4xx_hal_tim_ex.o
                0x000000000800d3f0                HAL_TIMEx_DirectionChangeCallback
 .text.HAL_TIMEx_IndexErrorCallback
                0x000000000800d404       0x14 Drivers/STM32G4xx_HAL_Driver/Src/stm32g4xx_hal_tim_ex.o
                0x000000000800d404                HAL_TIMEx_IndexErrorCallback
 .text.HAL_TIMEx_TransitionErrorCallback
                0x000000000800d418       0x14 Drivers/STM32G4xx_HAL_Driver/Src/stm32g4xx_hal_tim_ex.o
                0x000000000800d418                HAL_TIMEx_TransitionErrorCallback
 .text.__libc_init_array
                0x000000000800d42c       0x48 c:/st/stm32cubeide_1.5.1/stm32cubeide/plugins/com.st.stm32cube.ide.mcu.externaltools.gnu-tools-for-stm32.7-2018-q2-update.win32_1.5.0.202011040924/tools/bin/../lib/gcc/arm-none-eabi/7.3.1/../../../../arm-none-eabi/lib/thumb/v7e-m/fpv4-sp/hard\libc_nano.a(lib_a-init.o)
                0x000000000800d42c                __libc_init_array
 .text.memcpy   0x000000000800d474       0x16 c:/st/stm32cubeide_1.5.1/stm32cubeide/plugins/com.st.stm32cube.ide.mcu.externaltools.gnu-tools-for-stm32.7-2018-q2-update.win32_1.5.0.202011040924/tools/bin/../lib/gcc/arm-none-eabi/7.3.1/../../../../arm-none-eabi/lib/thumb/v7e-m/fpv4-sp/hard\libc_nano.a(lib_a-memcpy-stub.o)
                0x000000000800d474                memcpy
 .text.memset   0x000000000800d48a       0x10 c:/st/stm32cubeide_1.5.1/stm32cubeide/plugins/com.st.stm32cube.ide.mcu.externaltools.gnu-tools-for-stm32.7-2018-q2-update.win32_1.5.0.202011040924/tools/bin/../lib/gcc/arm-none-eabi/7.3.1/../../../../arm-none-eabi/lib/thumb/v7e-m/fpv4-sp/hard\libc_nano.a(lib_a-memset.o)
                0x000000000800d48a                memset
 *(.glue_7)
 .glue_7        0x000000000800d49a        0x0 linker stubs
 *(.glue_7t)
 .glue_7t       0x000000000800d49a        0x0 linker stubs
 *(.eh_frame)
 *fill*         0x000000000800d49a        0x2 
 .eh_frame      0x000000000800d49c        0x0 c:/st/stm32cubeide_1.5.1/stm32cubeide/plugins/com.st.stm32cube.ide.mcu.externaltools.gnu-tools-for-stm32.7-2018-q2-update.win32_1.5.0.202011040924/tools/bin/../lib/gcc/arm-none-eabi/7.3.1/thumb/v7e-m/fpv4-sp/hard/crtbegin.o
 *(.init)
 .init          0x000000000800d49c        0x4 c:/st/stm32cubeide_1.5.1/stm32cubeide/plugins/com.st.stm32cube.ide.mcu.externaltools.gnu-tools-for-stm32.7-2018-q2-update.win32_1.5.0.202011040924/tools/bin/../lib/gcc/arm-none-eabi/7.3.1/thumb/v7e-m/fpv4-sp/hard/crti.o
                0x000000000800d49c                _init
 .init          0x000000000800d4a0        0x8 c:/st/stm32cubeide_1.5.1/stm32cubeide/plugins/com.st.stm32cube.ide.mcu.externaltools.gnu-tools-for-stm32.7-2018-q2-update.win32_1.5.0.202011040924/tools/bin/../lib/gcc/arm-none-eabi/7.3.1/thumb/v7e-m/fpv4-sp/hard/crtn.o
 *(.fini)
 .fini          0x000000000800d4a8        0x4 c:/st/stm32cubeide_1.5.1/stm32cubeide/plugins/com.st.stm32cube.ide.mcu.externaltools.gnu-tools-for-stm32.7-2018-q2-update.win32_1.5.0.202011040924/tools/bin/../lib/gcc/arm-none-eabi/7.3.1/thumb/v7e-m/fpv4-sp/hard/crti.o
                0x000000000800d4a8                _fini
 .fini          0x000000000800d4ac        0x8 c:/st/stm32cubeide_1.5.1/stm32cubeide/plugins/com.st.stm32cube.ide.mcu.externaltools.gnu-tools-for-stm32.7-2018-q2-update.win32_1.5.0.202011040924/tools/bin/../lib/gcc/arm-none-eabi/7.3.1/thumb/v7e-m/fpv4-sp/hard/crtn.o
                0x000000000800d4b4                . = ALIGN (0x4)
                0x000000000800d4b4                _etext = .

.vfp11_veneer   0x000000000800d4b4        0x0
 .vfp11_veneer  0x000000000800d4b4        0x0 linker stubs

.v4_bx          0x000000000800d4b4        0x0
 .v4_bx         0x000000000800d4b4        0x0 linker stubs

.iplt           0x000000000800d4b4        0x0
 .iplt          0x000000000800d4b4        0x0 c:/st/stm32cubeide_1.5.1/stm32cubeide/plugins/com.st.stm32cube.ide.mcu.externaltools.gnu-tools-for-stm32.7-2018-q2-update.win32_1.5.0.202011040924/tools/bin/../lib/gcc/arm-none-eabi/7.3.1/thumb/v7e-m/fpv4-sp/hard/crtbegin.o

.rodata         0x000000000800d4b4      0x818
                0x000000000800d4b4                . = ALIGN (0x4)
 *(.rodata)
 *(.rodata*)
 .rodata.SinTable
                0x000000000800d4b4      0x800 Core/Src/DPC_Math.o
                0x000000000800d4b4                SinTable
 .rodata.AHBPrescTable
                0x000000000800dcb4       0x10 Core/Src/system_stm32g4xx.o
                0x000000000800dcb4                AHBPrescTable
 .rodata.APBPrescTable
                0x000000000800dcc4        0x8 Core/Src/system_stm32g4xx.o
                0x000000000800dcc4                APBPrescTable
                0x000000000800dccc                . = ALIGN (0x4)

.rel.dyn        0x000000000800dccc        0x0
 .rel.iplt      0x000000000800dccc        0x0 c:/st/stm32cubeide_1.5.1/stm32cubeide/plugins/com.st.stm32cube.ide.mcu.externaltools.gnu-tools-for-stm32.7-2018-q2-update.win32_1.5.0.202011040924/tools/bin/../lib/gcc/arm-none-eabi/7.3.1/thumb/v7e-m/fpv4-sp/hard/crtbegin.o

.ARM.extab      0x000000000800dccc        0x0
                0x000000000800dccc                . = ALIGN (0x4)
 *(.ARM.extab* .gnu.linkonce.armextab.*)
                0x000000000800dccc                . = ALIGN (0x4)

.ARM            0x000000000800dccc        0x0
                0x000000000800dccc                . = ALIGN (0x4)
                0x000000000800dccc                __exidx_start = .
 *(.ARM.exidx*)
                0x000000000800dccc                __exidx_end = .
                0x000000000800dccc                . = ALIGN (0x4)

.preinit_array  0x000000000800dccc        0x0
                0x000000000800dccc                . = ALIGN (0x4)
                0x000000000800dccc                PROVIDE (__preinit_array_start = .)
 *(.preinit_array*)
                0x000000000800dccc                PROVIDE (__preinit_array_end = .)
                0x000000000800dccc                . = ALIGN (0x4)

.init_array     0x000000000800dccc        0x4
                0x000000000800dccc                . = ALIGN (0x4)
                0x000000000800dccc                PROVIDE (__init_array_start = .)
 *(SORT_BY_NAME(.init_array.*))
 *(.init_array*)
 .init_array    0x000000000800dccc        0x4 c:/st/stm32cubeide_1.5.1/stm32cubeide/plugins/com.st.stm32cube.ide.mcu.externaltools.gnu-tools-for-stm32.7-2018-q2-update.win32_1.5.0.202011040924/tools/bin/../lib/gcc/arm-none-eabi/7.3.1/thumb/v7e-m/fpv4-sp/hard/crtbegin.o
                0x000000000800dcd0                PROVIDE (__init_array_end = .)
                0x000000000800dcd0                . = ALIGN (0x4)

.fini_array     0x000000000800dcd0        0x4
                0x000000000800dcd0                . = ALIGN (0x4)
                [!provide]                        PROVIDE (__fini_array_start = .)
 *(SORT_BY_NAME(.fini_array.*))
 *(.fini_array*)
 .fini_array    0x000000000800dcd0        0x4 c:/st/stm32cubeide_1.5.1/stm32cubeide/plugins/com.st.stm32cube.ide.mcu.externaltools.gnu-tools-for-stm32.7-2018-q2-update.win32_1.5.0.202011040924/tools/bin/../lib/gcc/arm-none-eabi/7.3.1/thumb/v7e-m/fpv4-sp/hard/crtbegin.o
                [!provide]                        PROVIDE (__fini_array_end = .)
                0x000000000800dcd4                . = ALIGN (0x4)
                0x000000000800dcd4                _sidata = LOADADDR (.data)

.data           0x0000000020000000       0x2c load address 0x000000000800dcd4
                0x0000000020000000                . = ALIGN (0x4)
                0x0000000020000000                _sdata = .
 *(.data)
 *(.data*)
 .data.Trigger_Timestamp
                0x0000000020000000        0x1 Core/Src/main.o
                0x0000000020000000                Trigger_Timestamp
 *fill*         0x0000000020000001        0x3 
 .data.SystemCoreClock
                0x0000000020000004        0x4 Core/Src/system_stm32g4xx.o
                0x0000000020000004                SystemCoreClock
 .data.uwTickPrio
                0x0000000020000008        0x4 Drivers/STM32G4xx_HAL_Driver/Src/stm32g4xx_hal.o
                0x0000000020000008                uwTickPrio
 .data.uwTickFreq
                0x000000002000000c        0x4 Drivers/STM32G4xx_HAL_Driver/Src/stm32g4xx_hal.o
                0x000000002000000c                uwTickFreq
 .data.TimerIdxToTimerId
                0x0000000020000010       0x1c Drivers/STM32G4xx_HAL_Driver/Src/stm32g4xx_hal_hrtim.o
 *(.RamFunc)
 *(.RamFunc*)
                0x000000002000002c                . = ALIGN (0x4)
                0x000000002000002c                _edata = .

.igot.plt       0x000000002000002c        0x0 load address 0x000000000800dd00
 .igot.plt      0x000000002000002c        0x0 c:/st/stm32cubeide_1.5.1/stm32cubeide/plugins/com.st.stm32cube.ide.mcu.externaltools.gnu-tools-for-stm32.7-2018-q2-update.win32_1.5.0.202011040924/tools/bin/../lib/gcc/arm-none-eabi/7.3.1/thumb/v7e-m/fpv4-sp/hard/crtbegin.o
                0x000000002000002c                . = ALIGN (0x4)

.bss            0x000000002000002c     0xc370 load address 0x000000000800dd00
                0x000000002000002c                _sbss = .
                0x000000002000002c                __bss_start__ = _sbss
 *(.bss)
 .bss           0x000000002000002c       0x1c c:/st/stm32cubeide_1.5.1/stm32cubeide/plugins/com.st.stm32cube.ide.mcu.externaltools.gnu-tools-for-stm32.7-2018-q2-update.win32_1.5.0.202011040924/tools/bin/../lib/gcc/arm-none-eabi/7.3.1/thumb/v7e-m/fpv4-sp/hard/crtbegin.o
 *(.bss*)
 .bss.DPC_FSM_State
                0x0000000020000048        0x1 Core/Src/DPC_FSM.o
 .bss.DPC_FSM_NEW_State
                0x0000000020000049        0x1 Core/Src/DPC_FSM.o
 *fill*         0x000000002000004a        0x2 
 .bss.DMA_HRTIM_SRC
                0x000000002000004c       0x24 Core/Src/main.o
 *(COMMON)
 COMMON         0x0000000020000070       0x52 Core/Src/DPC_Datacollector.o
                0x0000000020000070                IAC_ADC
                0x000000002000007c                IDC_ADC
                0x0000000020000080                DATA_CURR_ClarkePark
                0x000000002000008c                VDC_ADC
                0x0000000020000094                DATA_VOLT_ClarkePark
                0x00000000200000a0                RAW_ADC
                0x00000000200000ac                DATA_theta_PLL
                0x00000000200000b0                T_ext
                0x00000000200000b4                VAC_ADC
                0x00000000200000c0                T_int
 *fill*         0x00000000200000c2        0x2 
 COMMON         0x00000000200000c4        0x4 Core/Src/DPC_Faulterror.o
                0x00000000200000c4                uwFaultErrorVector
 COMMON         0x00000000200000c8       0x6c Core/Src/DPC_PLL.o
                0x00000000200000c8                ClarkeParkPLL
                0x00000000200000d4                INTEGRATOR_PLL
                0x00000000200000e8                theta_ref_int_pll
                0x00000000200000ec                PI_PLL
 COMMON         0x0000000020000134       0x30 Core/Src/DPC_Timeout.o
                0x0000000020000134                Timeout_List
 COMMON         0x0000000020000164      0x138 Core/Src/adc.o
                0x0000000020000164                hadc5
                0x00000000200001d0                hadc1
                0x000000002000023c                hdma_adc1
 COMMON         0x000000002000029c       0x28 Core/Src/cordic.o
                0x000000002000029c                hcordic
 COMMON         0x00000000200002c4       0x38 Core/Src/fmac.o
                0x00000000200002c4                hfmac
 COMMON         0x00000000200002fc      0x21c Core/Src/hrtim.o
                0x00000000200002fc                hdma_hrtim1_a
                0x000000002000035c                hhrtim1
                0x0000000020000458                hdma_hrtim1_b
                0x00000000200004b8                hdma_hrtim1_c
 COMMON         0x0000000020000518     0xbd3c Core/Src/main.o
                0x0000000020000518                CURRENT_ADC_AC_IN_PHY
                0x0000000020000524                V_DQO_CTRL
                0x0000000020000530                VOLTAGE_ADC_DC_IN_PHY
                0x000000002000053c                DTG_bin
                0x0000000020000540                Current_qdo_Phy
                0x000000002000054c                STARTBURST_CTRL
                0x0000000020000574                Iabc_temp
                0x0000000020000580                PC_State
                0x0000000020000584                V_ABC_CTRL
                0x0000000020000590                CURRENT_ADC_AC_IN_PHY_MAX
                0x000000002000059c                omega_out_pll
                0x00000000200005a0                PeriodTIM8
                0x00000000200005a4                CDC
                0x000000002000067c                TO_State2
                0x000000002000067e                Service_step
                0x0000000020000680                Status_Source
                0x0000000020000682                Service_counter
                0x0000000020000684                CURRENT_ADC_DC_IN_NORM
                0x0000000020000688                Current_qdo
                0x0000000020000694                pDataTx
                0x00000000200006a0                APPL_PERIOD_COUNTER
                0x00000000200006a4                Period_Counter
                0x00000000200006a8                PeriodTIM1
                0x00000000200006ac                AC_SOURCE
                0x00000000200006b8                t_tim_ket_ck
                0x00000000200006bc                PLL_Status
                0x00000000200006c0                AC_Source_Limit
                0x00000000200006d4                LUT_CONVERTER
                0x0000000020001804                CURRENT_ADC_AC_IN_PHY_MIN
                0x0000000020001810                BURST_State
                0x0000000020001814                p_ADC1_Data
                0x0000000020001834                tDPC_PWM
                0x0000000020001860                APPL2_PERIOD_COUNTER
                0x0000000020001864                VOLTAGE_AC_qd_IN_NORM
                0x0000000020001870                CURRENT_ADC_DC_IN_PHY
                0x0000000020001874                PeriodTIM6
                0x0000000020001878                Voltage_qdo_Phy
                0x0000000020001884                DPC_ADC_Conf
                0x00000000200018b8                Service_data
                0x000000002000b4f8                Voltage_qdo
                0x000000002000b504                BURST_CTRL
                0x000000002000b52c                CURRENT_ADC_AC_IN_NORM
                0x000000002000b538                DC_Load_Limit
                0x000000002000b54a                INRUSH_State
                0x000000002000b54c                theta_out_pll
                0x000000002000b550                p_ADC2_Data
                0x000000002000b55c                VOLTAGE_ADC_AC_IN_NORM
                0x000000002000b568                INRUSH_CTRL
                0x000000002000b57c                Vabc_Phy
                0x000000002000b588                Prev_Saturation
                0x000000002000b58c                TO_State
                0x000000002000b590                CURRENT_ADC_AC_IN_PHY_RMS
                0x000000002000b59c                PeriodTIM2
                0x000000002000b5a0                pPI_VDC_CTRL
                0x000000002000b5e8                CURRENT_ADC_AC_IN_BITS
                0x000000002000b5f4                VOLTAGE_ADC_AC_IN_PHY
                0x000000002000b600                CURRENT_ADC_DC_IN_BITS
                0x000000002000b604                pDataRx
                0x000000002000b610                FSM_Run_State
                0x000000002000b614                VOLTAGE_ADC_AC_IN_BITS
                0x000000002000b620                Error
                0x000000002000b624                Relay_State
                0x000000002000b628                PWM_FREQ_DESIDERED
                0x000000002000b62c                Timeout
                0x000000002000b640                Iabc_Phy
                0x000000002000b64c                DPC_Load
                0x000000002000b650                VOLTAGE_ADC_DC_IN_BITS
                0x000000002000b65c                ADC_AC_Current
                0x000000002000bfbc                VOLTAGECTRL
                0x000000002000bfc8                Vabc_temp
                0x000000002000bfd4                LUT_3PH
                0x000000002000bff0                Flag2
                0x000000002000bff4                STARTBURST_State
                0x000000002000bff8                PLL_CONVERTER
                0x000000002000c094                DAC_CH
                0x000000002000c0a4                PWM_PERIOD_COUNTER
                0x000000002000c0a8                Timestamp_PLL_CONVERTER
                0x000000002000c144                Status_Load
                0x000000002000c148                VOLTAGE_ADC_DC_IN_NORM
                0x000000002000c154                f_tim_ket_ck
                0x000000002000c158                Flag
                0x000000002000c15c                pPFC_CTRL
 COMMON         0x000000002000c254       0x14 Core/Src/rng.o
                0x000000002000c254                hrng
 COMMON         0x000000002000c268      0x130 Core/Src/tim.o
                0x000000002000c268                htim15
                0x000000002000c2b4                htim3
                0x000000002000c300                htim6
                0x000000002000c34c                htim2
 COMMON         0x000000002000c398        0x4 Drivers/STM32G4xx_HAL_Driver/Src/stm32g4xx_hal.o
                0x000000002000c398                uwTick
                0x000000002000c39c                . = ALIGN (0x4)
                0x000000002000c39c                _ebss = .
                0x000000002000c39c                __bss_end__ = _ebss

._user_heap_stack
                0x000000002000c39c      0x604 load address 0x000000000800dd00
                0x000000002000c3a0                . = ALIGN (0x8)
 *fill*         0x000000002000c39c        0x4 
                [!provide]                        PROVIDE (end = .)
                0x000000002000c3a0                PROVIDE (_end = .)
                0x000000002000c5a0                . = (. + _Min_Heap_Size)
 *fill*         0x000000002000c3a0      0x200 
                0x000000002000c9a0                . = (. + _Min_Stack_Size)
 *fill*         0x000000002000c5a0      0x400 
                0x000000002000c9a0                . = ALIGN (0x8)

/DISCARD/
 libc.a(*)
 libm.a(*)
 libgcc.a(*)

.ARM.attributes
                0x0000000000000000       0x30
 *(.ARM.attributes)
 .ARM.attributes
                0x0000000000000000       0x22 c:/st/stm32cubeide_1.5.1/stm32cubeide/plugins/com.st.stm32cube.ide.mcu.externaltools.gnu-tools-for-stm32.7-2018-q2-update.win32_1.5.0.202011040924/tools/bin/../lib/gcc/arm-none-eabi/7.3.1/thumb/v7e-m/fpv4-sp/hard/crti.o
 .ARM.attributes
                0x0000000000000022       0x34 c:/st/stm32cubeide_1.5.1/stm32cubeide/plugins/com.st.stm32cube.ide.mcu.externaltools.gnu-tools-for-stm32.7-2018-q2-update.win32_1.5.0.202011040924/tools/bin/../lib/gcc/arm-none-eabi/7.3.1/thumb/v7e-m/fpv4-sp/hard/crtbegin.o
 .ARM.attributes
                0x0000000000000056       0x39 Core/Src/DPC_Datacollector.o
 .ARM.attributes
                0x000000000000008f       0x39 Core/Src/DPC_FSM.o
 .ARM.attributes
                0x00000000000000c8       0x39 Core/Src/DPC_Faulterror.o
 .ARM.attributes
                0x0000000000000101       0x39 Core/Src/DPC_Loopctrl.o
 .ARM.attributes
                0x000000000000013a       0x39 Core/Src/DPC_Math.o
 .ARM.attributes
                0x0000000000000173       0x39 Core/Src/DPC_Miscellaneous.o
 .ARM.attributes
                0x00000000000001ac       0x39 Core/Src/DPC_PLL.o
 .ARM.attributes
                0x00000000000001e5       0x39 Core/Src/DPC_PWMConverter.o
 .ARM.attributes
                0x000000000000021e       0x39 Core/Src/DPC_Pid.o
 .ARM.attributes
                0x0000000000000257       0x39 Core/Src/DPC_Timeout.o
 .ARM.attributes
                0x0000000000000290       0x39 Core/Src/DPC_Transforms.o
 .ARM.attributes
                0x00000000000002c9       0x39 Core/Src/DPC_adc_converter.o
 .ARM.attributes
                0x0000000000000302       0x39 Core/Src/adc.o
 .ARM.attributes
                0x000000000000033b       0x39 Core/Src/cordic.o
 .ARM.attributes
                0x0000000000000374       0x39 Core/Src/dma.o
 .ARM.attributes
                0x00000000000003ad       0x39 Core/Src/fmac.o
 .ARM.attributes
                0x00000000000003e6       0x39 Core/Src/gpio.o
 .ARM.attributes
                0x000000000000041f       0x39 Core/Src/hrtim.o
 .ARM.attributes
                0x0000000000000458       0x39 Core/Src/main.o
 .ARM.attributes
                0x0000000000000491       0x39 Core/Src/rng.o
 .ARM.attributes
                0x00000000000004ca       0x39 Core/Src/stm32g4xx_hal_msp.o
 .ARM.attributes
                0x0000000000000503       0x39 Core/Src/stm32g4xx_it.o
 .ARM.attributes
                0x000000000000053c       0x39 Core/Src/system_stm32g4xx.o
 .ARM.attributes
                0x0000000000000575       0x39 Core/Src/tim.o
 .ARM.attributes
                0x00000000000005ae       0x21 Core/Startup/startup_stm32g474retx.o
 .ARM.attributes
                0x00000000000005cf       0x39 Drivers/STM32G4xx_HAL_Driver/Src/stm32g4xx_hal.o
 .ARM.attributes
                0x0000000000000608       0x39 Drivers/STM32G4xx_HAL_Driver/Src/stm32g4xx_hal_adc.o
 .ARM.attributes
                0x0000000000000641       0x39 Drivers/STM32G4xx_HAL_Driver/Src/stm32g4xx_hal_adc_ex.o
 .ARM.attributes
                0x000000000000067a       0x39 Drivers/STM32G4xx_HAL_Driver/Src/stm32g4xx_hal_cordic.o
 .ARM.attributes
                0x00000000000006b3       0x39 Drivers/STM32G4xx_HAL_Driver/Src/stm32g4xx_hal_cortex.o
 .ARM.attributes
                0x00000000000006ec       0x39 Drivers/STM32G4xx_HAL_Driver/Src/stm32g4xx_hal_dma.o
 .ARM.attributes
                0x0000000000000725       0x39 Drivers/STM32G4xx_HAL_Driver/Src/stm32g4xx_hal_dma_ex.o
 .ARM.attributes
                0x000000000000075e       0x39 Drivers/STM32G4xx_HAL_Driver/Src/stm32g4xx_hal_fmac.o
 .ARM.attributes
                0x0000000000000797       0x39 Drivers/STM32G4xx_HAL_Driver/Src/stm32g4xx_hal_gpio.o
 .ARM.attributes
                0x00000000000007d0       0x39 Drivers/STM32G4xx_HAL_Driver/Src/stm32g4xx_hal_hrtim.o
 .ARM.attributes
                0x0000000000000809       0x39 Drivers/STM32G4xx_HAL_Driver/Src/stm32g4xx_hal_pwr_ex.o
 .ARM.attributes
                0x0000000000000842       0x39 Drivers/STM32G4xx_HAL_Driver/Src/stm32g4xx_hal_rcc.o
 .ARM.attributes
                0x000000000000087b       0x39 Drivers/STM32G4xx_HAL_Driver/Src/stm32g4xx_hal_rcc_ex.o
 .ARM.attributes
                0x00000000000008b4       0x39 Drivers/STM32G4xx_HAL_Driver/Src/stm32g4xx_hal_rng.o
 .ARM.attributes
                0x00000000000008ed       0x39 Drivers/STM32G4xx_HAL_Driver/Src/stm32g4xx_hal_tim.o
 .ARM.attributes
                0x0000000000000926       0x39 Drivers/STM32G4xx_HAL_Driver/Src/stm32g4xx_hal_tim_ex.o
 .ARM.attributes
                0x000000000000095f       0x34 c:/st/stm32cubeide_1.5.1/stm32cubeide/plugins/com.st.stm32cube.ide.mcu.externaltools.gnu-tools-for-stm32.7-2018-q2-update.win32_1.5.0.202011040924/tools/bin/../lib/gcc/arm-none-eabi/7.3.1/../../../../arm-none-eabi/lib/thumb/v7e-m/fpv4-sp/hard\libc_nano.a(lib_a-init.o)
 .ARM.attributes
                0x0000000000000993       0x34 c:/st/stm32cubeide_1.5.1/stm32cubeide/plugins/com.st.stm32cube.ide.mcu.externaltools.gnu-tools-for-stm32.7-2018-q2-update.win32_1.5.0.202011040924/tools/bin/../lib/gcc/arm-none-eabi/7.3.1/../../../../arm-none-eabi/lib/thumb/v7e-m/fpv4-sp/hard\libc_nano.a(lib_a-memcpy-stub.o)
 .ARM.attributes
                0x00000000000009c7       0x34 c:/st/stm32cubeide_1.5.1/stm32cubeide/plugins/com.st.stm32cube.ide.mcu.externaltools.gnu-tools-for-stm32.7-2018-q2-update.win32_1.5.0.202011040924/tools/bin/../lib/gcc/arm-none-eabi/7.3.1/../../../../arm-none-eabi/lib/thumb/v7e-m/fpv4-sp/hard\libc_nano.a(lib_a-memset.o)
 .ARM.attributes
                0x00000000000009fb       0x22 c:/st/stm32cubeide_1.5.1/stm32cubeide/plugins/com.st.stm32cube.ide.mcu.externaltools.gnu-tools-for-stm32.7-2018-q2-update.win32_1.5.0.202011040924/tools/bin/../lib/gcc/arm-none-eabi/7.3.1/thumb/v7e-m/fpv4-sp/hard\libgcc.a(_arm_addsubdf3.o)
 .ARM.attributes
                0x0000000000000a1d       0x22 c:/st/stm32cubeide_1.5.1/stm32cubeide/plugins/com.st.stm32cube.ide.mcu.externaltools.gnu-tools-for-stm32.7-2018-q2-update.win32_1.5.0.202011040924/tools/bin/../lib/gcc/arm-none-eabi/7.3.1/thumb/v7e-m/fpv4-sp/hard\libgcc.a(_arm_muldivdf3.o)
 .ARM.attributes
                0x0000000000000a3f       0x22 c:/st/stm32cubeide_1.5.1/stm32cubeide/plugins/com.st.stm32cube.ide.mcu.externaltools.gnu-tools-for-stm32.7-2018-q2-update.win32_1.5.0.202011040924/tools/bin/../lib/gcc/arm-none-eabi/7.3.1/thumb/v7e-m/fpv4-sp/hard\libgcc.a(_arm_fixunsdfsi.o)
 .ARM.attributes
                0x0000000000000a61       0x22 c:/st/stm32cubeide_1.5.1/stm32cubeide/plugins/com.st.stm32cube.ide.mcu.externaltools.gnu-tools-for-stm32.7-2018-q2-update.win32_1.5.0.202011040924/tools/bin/../lib/gcc/arm-none-eabi/7.3.1/thumb/v7e-m/fpv4-sp/hard\libgcc.a(_arm_truncdfsf2.o)
 .ARM.attributes
                0x0000000000000a83       0x22 c:/st/stm32cubeide_1.5.1/stm32cubeide/plugins/com.st.stm32cube.ide.mcu.externaltools.gnu-tools-for-stm32.7-2018-q2-update.win32_1.5.0.202011040924/tools/bin/../lib/gcc/arm-none-eabi/7.3.1/thumb/v7e-m/fpv4-sp/hard/crtn.o
OUTPUT(Eltek_Control_v.1.2.elf elf32-littlearm)

.debug_info     0x0000000000000000    0x28c08
 .debug_info    0x0000000000000000      0xe3c Core/Src/DPC_Datacollector.o
 .debug_info    0x0000000000000e3c      0x462 Core/Src/DPC_FSM.o
 .debug_info    0x000000000000129e      0x444 Core/Src/DPC_Faulterror.o
 .debug_info    0x00000000000016e2     0x1967 Core/Src/DPC_Loopctrl.o
 .debug_info    0x0000000000003049      0x411 Core/Src/DPC_Math.o
 .debug_info    0x000000000000345a     0x15fa Core/Src/DPC_Miscellaneous.o
 .debug_info    0x0000000000004a54      0xaf3 Core/Src/DPC_PLL.o
 .debug_info    0x0000000000005547     0x2397 Core/Src/DPC_PWMConverter.o
 .debug_info    0x00000000000078de      0x476 Core/Src/DPC_Pid.o
 .debug_info    0x0000000000007d54      0x218 Core/Src/DPC_Timeout.o
 .debug_info    0x0000000000007f6c      0x7de Core/Src/DPC_Transforms.o
 .debug_info    0x000000000000874a     0x109e Core/Src/DPC_adc_converter.o
 .debug_info    0x00000000000097e8      0xf57 Core/Src/adc.o
 .debug_info    0x000000000000a73f      0x940 Core/Src/cordic.o
 .debug_info    0x000000000000b07f      0x75f Core/Src/dma.o