DPC_PWMConverter.c:91:6:DPC_PWM_InitDUTY	16	static
DPC_PWMConverter.c:196:6:DPC_PWM_ADVTIM_PWMStop	4	static
DPC_PWMConverter.c:328:6:DPC_PWM_ADVTIM_PWMStart	4	static
DPC_PWMConverter.c:462:6:DPC_PWM_ADVTIM_SET_DeadTime	16	static
DPC_PWMConverter.c:503:6:DPC_PWM_Send_Burst_PWM	24	static
DPC_PWMConverter.c:682:6:DPC_PWM_Send_Duty_SPWM	88	static
DPC_PWMConverter.c:863:9:DPC_Calc_DTG	32	static
DPC_PWMConverter.c:931:6:DPC_Calc_DTG_Range	16	static
DPC_PWMConverter.c:1015:6:DPC_ConfigDeadTime	24	static
DPC_PWMConverter.c:1040:6:DPC_PWM_HRTIM_Set	24	static
DPC_PWMConverter.c:1081:6:DPC_PWM_HRTIM_Stop	8	static
DPC_PWMConverter.c:1100:6:DPC_PWM_HRTIM_Start	8	static
DPC_PWMConverter.c:1137:6:DPC_PWM_HRTIM_Init	8	static
DPC_PWMConverter.c:1164:6:DPC_PWM_HRTIM_OutDisable	8	static
DPC_PWMConverter.c:1201:6:DPC_PWM_HRTIM_OutEnable	8	static
DPC_PWMConverter.c:1240:6:DPC_PWM_ADVTIM_OutDisable	4	static
DPC_PWMConverter.c:1273:6:DPC_PWM_ADVTIM_OutEnable	4	static
DPC_PWMConverter.c:1306:6:DPC_PWM_OutDisable	8	static
DPC_PWMConverter.c:1330:6:DPC_PWM_OutEnable	16	static
DPC_PWMConverter.c:1359:6:DPC_PWM_Start	8	static
DPC_PWMConverter.c:1384:6:DPC_PWM_Init	136	static
DPC_PWMConverter.c:1462:6:RefreshDuty	32	static
DPC_PWMConverter.c:1509:6:DPC_PWM_Set_HRTIM	24	static
DPC_PWMConverter.c:1541:6:Send_Duty_2LC_SPWM_LUT	16	static
DPC_PWMConverter.c:1558:6:Send_Duty_2LC_SPWM_OPT	24	static
DPC_PWMConverter.c:1577:6:Send_Duty_2LC_SPWM	32	static
DPC_PWMConverter.c:1597:6:VIENNA_MOD_VCTRL	24	static
