DPC_PWMConverter.c:91:6:DPC_PWM_InitDUTY	16	static
DPC_PWMConverter.c:196:6:DPC_PWM_ADVTIM_PWMStop	4	static
DPC_PWMConverter.c:328:6:DPC_PWM_ADVTIM_PWMStart	4	static
DPC_PWMConverter.c:462:6:DPC_PWM_ADVTIM_SET_DeadTime	16	static
DPC_PWMConverter.c:503:6:DPC_PWM_Send_Burst_PWM	24	static
DPC_PWMConverter.c:682:6:DPC_PWM_Send_Duty_SPWM	88	static
DPC_PWMConverter.c:854:9:DPC_Calc_DTG	32	static
DPC_PWMConverter.c:922:6:DPC_Calc_DTG_Range	16	static
DPC_PWMConverter.c:1006:6:DPC_ConfigDeadTime	24	static
DPC_PWMConverter.c:1031:6:DPC_PWM_HRTIM_Set	24	static
DPC_PWMConverter.c:1072:6:DPC_PWM_HRTIM_Stop	8	static
DPC_PWMConverter.c:1091:6:DPC_PWM_HRTIM_Start	8	static
DPC_PWMConverter.c:1125:6:DPC_PWM_HRTIM_Init	8	static
DPC_PWMConverter.c:1152:6:DPC_PWM_HRTIM_OutDisable	8	static
DPC_PWMConverter.c:1189:6:DPC_PWM_HRTIM_OutEnable	8	static
DPC_PWMConverter.c:1228:6:DPC_PWM_ADVTIM_OutDisable	4	static
DPC_PWMConverter.c:1261:6:DPC_PWM_ADVTIM_OutEnable	4	static
DPC_PWMConverter.c:1294:6:DPC_PWM_OutDisable	8	static
DPC_PWMConverter.c:1318:6:DPC_PWM_OutEnable	16	static
DPC_PWMConverter.c:1347:6:DPC_PWM_Start	8	static
DPC_PWMConverter.c:1372:6:DPC_PWM_Init	136	static
DPC_PWMConverter.c:1450:6:RefreshDuty	32	static
DPC_PWMConverter.c:1497:6:DPC_PWM_Set_HRTIM	24	static
DPC_PWMConverter.c:1529:6:Send_Duty_2LC_SPWM_LUT	16	static
DPC_PWMConverter.c:1546:6:Send_Duty_2LC_SPWM_OPT	24	static
DPC_PWMConverter.c:1565:6:Send_Duty_2LC_SPWM	32	static
DPC_PWMConverter.c:1585:6:VIENNA_MOD_VCTRL	24	static
