DPC_PWMConverter.c:91:6:DPC_PWM_InitDUTY	16	static
DPC_PWMConverter.c:196:6:DPC_PWM_ADVTIM_PWMStop	4	static
DPC_PWMConverter.c:328:6:DPC_PWM_ADVTIM_PWMStart	4	static
DPC_PWMConverter.c:462:6:DPC_PWM_ADVTIM_SET_DeadTime	16	static
DPC_PWMConverter.c:503:6:DPC_PWM_Send_Burst_PWM	48	static
DPC_PWMConverter.c:715:6:DPC_PWM_Send_Duty_SPWM	88	static
DPC_PWMConverter.c:903:9:DPC_Calc_DTG	32	static
DPC_PWMConverter.c:971:6:DPC_Calc_DTG_Range	16	static
DPC_PWMConverter.c:1055:6:DPC_ConfigDeadTime	24	static
DPC_PWMConverter.c:1080:6:DPC_PWM_HRTIM_Set	24	static
DPC_PWMConverter.c:1121:6:DPC_PWM_HRTIM_Stop	8	static
DPC_PWMConverter.c:1140:6:DPC_PWM_HRTIM_Start	8	static
DPC_PWMConverter.c:1177:6:DPC_PWM_HRTIM_Init	8	static
DPC_PWMConverter.c:1204:6:DPC_PWM_HRTIM_OutDisable	8	static
DPC_PWMConverter.c:1241:6:DPC_PWM_HRTIM_OutEnable	8	static
DPC_PWMConverter.c:1280:6:DPC_PWM_ADVTIM_OutDisable	4	static
DPC_PWMConverter.c:1313:6:DPC_PWM_ADVTIM_OutEnable	4	static
DPC_PWMConverter.c:1346:6:DPC_PWM_OutDisable	8	static
DPC_PWMConverter.c:1370:6:DPC_PWM_OutEnable	16	static
DPC_PWMConverter.c:1399:6:DPC_PWM_Start	8	static
DPC_PWMConverter.c:1424:6:DPC_PWM_Init	136	static
DPC_PWMConverter.c:1502:6:RefreshDuty	32	static
DPC_PWMConverter.c:1549:6:DPC_PWM_Set_HRTIM	24	static
DPC_PWMConverter.c:1581:6:Send_Duty_2LC_SPWM_LUT	16	static
DPC_PWMConverter.c:1598:6:Send_Duty_2LC_SPWM_OPT	24	static
DPC_PWMConverter.c:1617:6:Send_Duty_2LC_SPWM	32	static
DPC_PWMConverter.c:1637:6:VIENNA_MOD_VCTRL	24	static
