DPC_Miscellaneous.c:72:25:DPC_MISC_Check_DCLoad	40	static
DPC_Miscellaneous.c:184:6:DPC_MISC_DCLoad_Init	64	static
DPC_Miscellaneous.c:254:6:DPC_MISC_ACSource_Init	48	static
DPC_Miscellaneous.c:321:6:DPC_MISC_APPL_Timer_Init	24	static
DPC_Miscellaneous.c:352:6:DPC_MISC_Appl_Timer_Start	8	static
DPC_Miscellaneous.c:430:6:DPC_MISC_BLED_Set	24	static
DPC_Miscellaneous.c:521:34:DPC_MISC_AC_SOURCE_Plugged	24	static
DPC_Miscellaneous.c:557:27:DPC_MISC_CHECK_AC_SOURCE	56	static
DPC_Miscellaneous.c:721:8:DPC_DAC_Init	16	static
