main.c:200:5:main	88	static
main.c:288:6:SystemClock_Config	168	static
main.c:349:6:DPC_FSM_WAIT_Func	16	static
main.c:382:6:DPC_FSM_IDLE_Func	16	static
main.c:416:6:DPC_FSM_INIT_Func	16	static
main.c:489:6:DPC_FSM_START_Func	16	static
main.c:536:6:DPC_FSM_RUN_Func	16	static
main.c:581:6:DPC_FSM_STOP_Func	16	static
main.c:597:6:DPC_FSM_ERROR_Func	16	static
main.c:666:6:DPC_FSM_FAULT_Func	16	static
main.c:681:7:DPC_MISC_Analog_Start	8	static
main.c:685:6:HAL_TIM_PeriodElapsedCallback	48	static
main.c:869:6:HAL_HRTIM_Fault1Callback	16	static
main.c:874:6:HAL_HRTIM_Fault3Callback	16	static
main.c:885:6:Error_Handler	4	static,ignoring_inline_asm
