main.c:207:5:main	88	static
main.c:295:6:SystemClock_Config	168	static
main.c:356:6:DPC_FSM_WAIT_Func	16	static
main.c:389:6:DPC_FSM_IDLE_Func	16	static
main.c:425:6:DPC_FSM_INIT_Func	16	static
main.c:502:6:DPC_FSM_START_Func	16	static
main.c:560:6:DPC_FSM_RUN_Func	16	static
main.c:605:6:DPC_FSM_STOP_Func	16	static
main.c:621:6:DPC_FSM_ERROR_Func	16	static
main.c:690:6:DPC_FSM_FAULT_Func	16	static
main.c:705:7:DPC_MISC_Analog_Start	8	static
main.c:709:6:HAL_TIM_PeriodElapsedCallback	48	static
main.c:903:6:HAL_HRTIM_Fault1Callback	16	static
main.c:907:6:HAL_HRTIM_Fault3Callback	16	static
main.c:917:6:Error_Handler	4	static,ignoring_inline_asm
